AX.25.c:25:6:conv_HEX_to_BIN	32	static
AX.25.c:64:9:conv_BIN_to_HEX	32	static
AX.25.c:74:6:init_AX25	8	static
AX.25.c:82:6:tx_rx	32	static
AX.25.c:139:6:generate_address	16	static
AX.25.c:145:6:compare_address	24	static
AX.25.c:155:6:output_AX25	32	static
AX.25.c:187:6:print_AX25	72	static
AX.25.c:284:6:clear_AX25	24	static
AX.25.c:293:6:output_KISS	4	static
AX.25.c:296:6:print_KISS	72	static
AX.25.c:384:6:UART2_EXCEPTION_CALLBACK	8	static
AX.25.c:413:6:receiving_AX25	40	static
AX.25.c:467:6:slide_bits	16	static
AX.25.c:471:6:remove_bit_stuffing	24	static
AX.25.c:495:6:AX25_Packet_Validate	24	static
AX.25.c:519:6:set_packet_pointer_AX25	40	static
AX.25.c:555:6:AX25_TO_KISS	16	static
AX.25.c:599:6:receiving_KISS	32	static
AX.25.c:633:6:set_packet_pointer_KISS	32	static
AX.25.c:661:6:KISS_TO_AX25	16	static
AX.25.c:696:6:bit_shift	16	static
AX.25.c:700:6:bitstuffing	40	static
AX.25.c:743:6:KISS_TO_HEX	24	static
AX.25.c:758:6:crc_calc	48	static
AX.25.c:783:6:crc_generate	48	static
AX.25.c:829:6:crc_check	32	static
