AX.25.c:25:6:conv_HEX_to_BIN	24	static
AX.25.c:44:9:conv_BIN_to_HEX	32	static
AX.25.c:54:6:init_AX25	8	static
AX.25.c:62:6:tx_rx	16	static
AX.25.c:83:6:generate_address	16	static
AX.25.c:89:6:compare_address	24	static
AX.25.c:99:6:transmitting_AX25	8	static
AX.25.c:109:6:output_AX25	16	static
AX.25.c:125:6:transmitting_KISS	16	static
AX.25.c:134:6:print_KISS	72	static
AX.25.c:222:6:UART2_EXCEPTION_CALLBACK	8	static
AX.25.c:247:6:receiving_AX25	40	static
AX.25.c:307:6:slide_bits	16	static
AX.25.c:311:6:remove_bit_stuffing	24	static
AX.25.c:333:6:AX25_Packet_Validate	24	static
AX.25.c:356:6:reverse_array	40	dynamic
AX.25.c:366:6:set_packet_pointer_AX25	32	static
AX.25.c:403:6:AX25_TO_KISS	16	static
AX.25.c:439:6:receiving_KISS	32	static,ignoring_inline_asm
AX.25.c:480:6:set_packet_pointer_KISS	16	static
AX.25.c:501:6:KISS_TO_AX25	16	static
AX.25.c:536:6:bit_shift	16	static
AX.25.c:540:6:bitstuffing	40	static
AX.25.c:583:6:KISS_TO_HEX	24	static
AX.25.c:598:6:crc_calc	40	static
AX.25.c:621:6:crc_generate	40	static
AX.25.c:659:6:crc_check	32	static
