AX.25.c:25:6:conv_HEX_to_BIN	32	static
AX.25.c:66:9:conv_BIN_to_HEX	32	static
AX.25.c:76:6:init_AX25	8	static
AX.25.c:84:6:tx_rx	24	static
AX.25.c:141:6:output_AX25	40	static
AX.25.c:189:6:print_outAX25	72	static
AX.25.c:295:6:print_AX25	72	static
AX.25.c:370:6:clear_AX25	24	static
AX.25.c:379:6:output_KISS	4	static
AX.25.c:382:6:print_KISS	72	static
AX.25.c:470:6:UART2_EXCEPTION_CALLBACK	8	static
AX.25.c:499:6:receiving_AX25	40	static
AX.25.c:553:6:slide_bits	16	static
AX.25.c:557:6:remove_bit_stuffing	24	static
AX.25.c:581:6:AX25_Packet_Validate	24	static
AX.25.c:606:6:set_packet_pointer_AX25	40	static
AX.25.c:642:6:AX25_TO_KISS	24	static
AX.25.c:679:6:receiving_KISS	32	static
AX.25.c:722:6:set_packet_pointer_KISS	24	static
AX.25.c:742:6:KISS_TO_AX25	32	static
AX.25.c:782:6:bit_shift	16	static
AX.25.c:786:6:bitstuffing	16	static
AX.25.c:790:6:KISS_TO_HEX	24	static
AX.25.c:805:6:crc_calc	40	static
AX.25.c:831:6:crc_generate	56	static
AX.25.c:886:6:crc_check	32	static
