AX.25.c:25:6:conv_HEX_to_BIN	32	static
AX.25.c:64:9:conv_BIN_to_HEX	32	static
AX.25.c:74:6:init_AX25	8	static
AX.25.c:82:6:tx_rx	40	static
AX.25.c:137:6:generate_address	16	static
AX.25.c:143:6:compare_address	24	static
AX.25.c:153:6:output_AX25	24	static
AX.25.c:176:6:print_AX25	64	static
AX.25.c:254:6:transmitting_KISS	16	static
AX.25.c:263:6:print_KISS	72	static
AX.25.c:351:6:UART2_EXCEPTION_CALLBACK	8	static
AX.25.c:380:6:receiving_AX25	40	static
AX.25.c:440:6:slide_bits	16	static
AX.25.c:444:6:remove_bit_stuffing	24	static
AX.25.c:466:6:AX25_Packet_Validate	24	static
AX.25.c:489:6:set_packet_pointer_AX25	40	static
AX.25.c:525:6:AX25_TO_KISS	16	static
AX.25.c:555:6:clear_AX25	24	static
AX.25.c:569:6:receiving_KISS	32	static
AX.25.c:603:6:set_packet_pointer_KISS	32	static
AX.25.c:631:6:KISS_TO_AX25	16	static
AX.25.c:666:6:bit_shift	16	static
AX.25.c:670:6:bitstuffing	40	static
AX.25.c:713:6:KISS_TO_HEX	24	static
AX.25.c:728:6:crc_calc	48	static
AX.25.c:753:6:crc_generate	48	static
AX.25.c:799:6:crc_check	32	static
