AX.25.c:25:6:conv_HEX_to_BIN	32	static
AX.25.c:64:9:conv_BIN_to_HEX	32	static
AX.25.c:74:6:init_AX25	8	static
AX.25.c:82:6:tx_rx	32	static
AX.25.c:139:6:generate_address	16	static
AX.25.c:145:6:compare_address	24	static
AX.25.c:155:6:output_AX25	40	static
AX.25.c:204:6:print_AX25	72	static
AX.25.c:301:6:clear_AX25	24	static
AX.25.c:310:6:output_KISS	4	static
AX.25.c:313:6:print_KISS	72	static
AX.25.c:401:6:UART2_EXCEPTION_CALLBACK	8	static
AX.25.c:430:6:receiving_AX25	40	static
AX.25.c:484:6:slide_bits	16	static
AX.25.c:488:6:remove_bit_stuffing	24	static
AX.25.c:512:6:AX25_Packet_Validate	24	static
AX.25.c:536:6:set_packet_pointer_AX25	40	static
AX.25.c:572:6:AX25_TO_KISS	16	static
AX.25.c:616:6:receiving_KISS	32	static
AX.25.c:650:6:set_packet_pointer_KISS	32	static
AX.25.c:678:6:KISS_TO_AX25	16	static
AX.25.c:713:6:bit_shift	16	static
AX.25.c:717:6:bitstuffing	40	static
AX.25.c:760:6:KISS_TO_HEX	24	static
AX.25.c:775:6:crc_calc	48	static
AX.25.c:800:6:crc_generate	48	static
AX.25.c:846:6:crc_check	32	static
