AX.25.c:31:6:tx_rx	16	static
AX.25.c:56:6:receiving_AX25	24	static
AX.25.c:81:6:transmitting_AX25	8	static
AX.25.c:91:6:ouput_AX25	16	static
AX.25.c:105:6:slide_bits	16	static
AX.25.c:109:6:remove_bit_stuffing	32	static
AX.25.c:134:6:generate_AX25	24	static
AX.25.c:165:6:generate_KISS	16	static
AX.25.c:190:6:generate_address	16	static
AX.25.c:196:6:compare_address	24	static
AX.25.c:208:6:Packet_Validate	32	static
AX.25.c:261:6:hex_to_bin	24	static
AX.25.c:283:6:crc_calc	32	static
AX.25.c:300:6:crc_generate	40	static
