AX.25.c:36:6:tx_rx	16	static
AX.25.c:61:6:receiving_AX25	16	static
AX.25.c:79:6:transmitting_AX25	8	static
AX.25.c:89:6:ouput_AX25	8	static
AX.25.c:99:6:slide_bits	16	static
AX.25.c:103:6:remove_bit_stuffing	24	static
AX.25.c:123:6:generate_KISS	16	static
AX.25.c:145:6:generate_address	16	static
AX.25.c:151:6:compare_address	24	static
AX.25.c:160:6:packetBit	4	static
AX.25.c:164:6:loadPacket	4	static
AX.25.c:177:6:Packet_Validate	24	static
AX.25.c:215:6:hex_to_bin	24	static
AX.25.c:233:6:crc_calc	24	static
