AX.25.c:26:6:init_AX25	8	static
AX.25.c:33:6:tx_rx	16	static
AX.25.c:52:6:test_ax25	40	static
AX.25.c:99:6:generate_address	16	static
AX.25.c:105:6:compare_address	24	static
AX.25.c:115:6:transmitting_AX25	8	static
AX.25.c:125:6:output_AX25	16	static
AX.25.c:139:6:transmitting_KISS	16	static
AX.25.c:148:6:UART2_EXCEPTION_CALLBACK	8	static
AX.25.c:169:6:receiving_AX25	40	static
AX.25.c:236:6:slide_bits	16	static
AX.25.c:240:6:remove_bit_stuffing	24	static
AX.25.c:262:6:AX25_Packet_Validate	24	static
AX.25.c:299:6:set_packet_pointer_AX25	32	static
AX.25.c:332:6:AX25_TO_KISS	16	static
AX.25.c:368:6:receiving_KISS	24	static
AX.25.c:402:6:set_packet_pointer_KISS	4	static
AX.25.c:406:6:KISS_TO_AX25	24	static
AX.25.c:448:6:bit_shift	16	static
AX.25.c:452:6:bitstuffing	40	static
AX.25.c:495:6:HEX_TO_KISS	32	static
AX.25.c:506:6:KISS_TO_HEX	40	static
AX.25.c:524:6:hex_to_bin	24	static
AX.25.c:544:6:crc_calc	40	static
AX.25.c:564:6:crc_generate	40	static
AX.25.c:602:6:crc_check	32	static
