AX.25.c:25:6:conv_HEX_to_BIN	24	static
AX.25.c:44:9:conv_BIN_to_HEX	32	static
AX.25.c:54:6:init_AX25	8	static
AX.25.c:62:6:tx_rx	16	static
AX.25.c:83:6:generate_address	16	static
AX.25.c:89:6:compare_address	24	static
AX.25.c:99:6:transmitting_AX25	8	static
AX.25.c:109:6:output_AX25	16	static
AX.25.c:123:6:transmitting_KISS	16	static
AX.25.c:132:6:print_KISS	72	static
AX.25.c:220:6:UART2_EXCEPTION_CALLBACK	8	static
AX.25.c:245:6:receiving_AX25	40	static
AX.25.c:305:6:slide_bits	16	static
AX.25.c:309:6:remove_bit_stuffing	24	static
AX.25.c:331:6:AX25_Packet_Validate	24	static
AX.25.c:368:6:set_packet_pointer_AX25	32	static
AX.25.c:401:6:AX25_TO_KISS	16	static
AX.25.c:437:6:receiving_KISS	32	static
AX.25.c:473:6:set_packet_pointer_KISS	16	static
AX.25.c:490:6:KISS_TO_AX25	16	static
AX.25.c:524:6:bit_shift	16	static
AX.25.c:528:6:bitstuffing	40	static
AX.25.c:571:6:KISS_TO_HEX	24	static
AX.25.c:586:6:crc_calc	40	static
AX.25.c:609:6:crc_generate	40	static
AX.25.c:647:6:crc_check	32	static
