AX.25.c:25:6:conv_HEX_to_BIN	32	static
AX.25.c:66:9:conv_BIN_to_HEX	32	static
AX.25.c:76:6:init_AX25	8	static
AX.25.c:84:6:tx_rx	24	static
AX.25.c:141:6:output_AX25	40	static
AX.25.c:189:6:print_outAX25	72	static
AX.25.c:295:6:print_AX25	72	static
AX.25.c:372:6:clear_AX25	24	static
AX.25.c:381:6:output_KISS	4	static
AX.25.c:384:6:print_KISS	72	static
AX.25.c:472:6:UART2_EXCEPTION_CALLBACK	8	static
AX.25.c:501:6:receiving_AX25	40	static
AX.25.c:555:6:slide_bits	16	static
AX.25.c:559:6:remove_bit_stuffing	24	static
AX.25.c:583:6:AX25_Packet_Validate	24	static
AX.25.c:608:6:set_packet_pointer_AX25	40	static
AX.25.c:644:6:AX25_TO_KISS	24	static
AX.25.c:681:6:receiving_KISS	32	static
AX.25.c:728:6:set_packet_pointer_KISS	24	static
AX.25.c:748:6:KISS_TO_AX25	40	static
AX.25.c:809:6:bit_shift	16	static
AX.25.c:815:6:bitstuffing	56	static
AX.25.c:850:6:KISS_TO_HEX	24	static
AX.25.c:865:6:crc_calc	40	static
AX.25.c:891:6:crc_generate	56	static
AX.25.c:946:6:crc_check	32	static
