AX.25.c:25:6:conv_HEX_to_BIN	32	static
AX.25.c:66:9:conv_BIN_to_HEX	32	static
AX.25.c:76:6:init_AX25	8	static
AX.25.c:84:6:tx_rx	16	static
AX.25.c:105:6:generate_address	16	static
AX.25.c:111:6:compare_address	24	static
AX.25.c:121:6:output_AX25	24	static
AX.25.c:144:6:print_AX25	72	static
AX.25.c:220:6:transmitting_KISS	16	static
AX.25.c:229:6:print_KISS	72	static
AX.25.c:316:6:UART2_EXCEPTION_CALLBACK	8	static
AX.25.c:345:6:receiving_AX25	40	static
AX.25.c:405:6:slide_bits	16	static
AX.25.c:409:6:remove_bit_stuffing	24	static
AX.25.c:431:6:AX25_Packet_Validate	24	static
AX.25.c:455:6:set_packet_pointer_AX25	32	static
AX.25.c:491:6:AX25_TO_KISS	24	static
AX.25.c:528:6:clear_AX25	24	static
AX.25.c:542:6:receiving_KISS	32	static
AX.25.c:585:6:set_packet_pointer_KISS	24	static
AX.25.c:605:6:KISS_TO_AX25	32	static
AX.25.c:644:6:bit_shift	16	static
AX.25.c:648:6:bitstuffing	40	static
AX.25.c:691:6:KISS_TO_HEX	24	static
AX.25.c:706:6:crc_calc	40	static
AX.25.c:732:6:crc_generate	56	static
AX.25.c:787:6:crc_check	32	static
