AX.25.c:25:6:conv_HEX_to_BIN	32	static
AX.25.c:66:9:conv_BIN_to_HEX	32	static
AX.25.c:76:6:init_AX25	8	static
AX.25.c:84:6:tx_rx	32	static
AX.25.c:140:6:output_AX25	40	static
AX.25.c:190:6:clear_AX25	24	static
AX.25.c:199:6:output_KISS	4	static
AX.25.c:205:6:UART2_EXCEPTION_CALLBACK	8	static
AX.25.c:234:6:receiving_AX25	40	static
AX.25.c:288:6:slide_bits	16	static
AX.25.c:292:6:remove_bit_stuffing	24	static
AX.25.c:316:6:AX25_Packet_Validate	24	static
AX.25.c:341:6:set_packet_pointer_AX25	40	static
AX.25.c:377:6:AX25_TO_KISS	24	static
AX.25.c:414:6:receiving_KISS	32	static
AX.25.c:448:6:set_packet_pointer_KISS	24	static
AX.25.c:468:6:KISS_TO_AX25	56	static
AX.25.c:552:6:bit_stuff	16	static
AX.25.c:557:5:bitstuffing	56	static
AX.25.c:591:6:KISS_TO_HEX	24	static
AX.25.c:606:6:crc_calc	40	static
AX.25.c:632:6:crc_generate	56	static
AX.25.c:687:6:crc_check	32	static
