AX.25.c:25:6:conv_HEX_to_BIN	32	static
AX.25.c:66:9:conv_BIN_to_HEX	32	static
AX.25.c:76:6:init_AX25	8	static
AX.25.c:84:6:tx_rx	16	static
AX.25.c:105:6:generate_address	16	static
AX.25.c:111:6:compare_address	24	static
AX.25.c:121:6:output_AX25	24	static
AX.25.c:144:6:print_AX25	72	static
AX.25.c:220:6:transmitting_KISS	16	static
AX.25.c:229:6:print_KISS	72	static
AX.25.c:317:6:UART2_EXCEPTION_CALLBACK	8	static
AX.25.c:346:6:receiving_AX25	40	static
AX.25.c:406:6:slide_bits	16	static
AX.25.c:410:6:remove_bit_stuffing	24	static
AX.25.c:432:6:AX25_Packet_Validate	24	static
AX.25.c:455:6:set_packet_pointer_AX25	32	static
AX.25.c:491:6:AX25_TO_KISS	16	static
AX.25.c:521:6:clear_AX25	24	static
AX.25.c:535:6:receiving_KISS	32	static
AX.25.c:577:6:set_packet_pointer_KISS	24	static
AX.25.c:599:6:KISS_TO_AX25	32	static
AX.25.c:637:6:bit_shift	16	static
AX.25.c:641:6:bitstuffing	40	static
AX.25.c:684:6:KISS_TO_HEX	24	static
AX.25.c:699:6:crc_calc	40	static
AX.25.c:725:6:crc_generate	56	static
AX.25.c:780:6:crc_check	32	static
