AX.25.c:26:6:tx_rx	16	static
AX.25.c:45:6:generate_address	16	static
AX.25.c:51:6:compare_address	24	static
AX.25.c:61:6:transmitting_AX25	8	static
AX.25.c:71:6:output_AX25	16	static
AX.25.c:85:6:transmitting_KISS	4	static
AX.25.c:91:6:receiving_AX25	24	static
AX.25.c:122:6:slide_bits	16	static
AX.25.c:126:6:remove_bit_stuffing	24	static
AX.25.c:148:6:AX25_Packet_Validate	24	static
AX.25.c:185:6:set_packet_pointer_AX25	32	static
AX.25.c:218:6:AX25_TO_KISS	16	static
AX.25.c:252:6:KISS_TO_AX25	24	static
AX.25.c:294:6:set_packet_pointer_KISS	4	static
AX.25.c:298:6:bit_shift	16	static
AX.25.c:302:6:bitstuffing	40	static
AX.25.c:351:6:hex_to_bin	24	static
AX.25.c:371:6:crc_calc	40	static
AX.25.c:391:6:crc_generate	40	static
AX.25.c:429:6:crc_check	32	static
