AX.25.c:26:6:tx_rx	16	static
AX.25.c:45:6:test_ax25	40	static
AX.25.c:92:6:generate_address	16	static
AX.25.c:98:6:compare_address	24	static
AX.25.c:108:6:transmitting_AX25	8	static
AX.25.c:118:6:output_AX25	16	static
AX.25.c:132:6:transmitting_KISS	16	static
AX.25.c:143:6:receiving_AX25	40	static
AX.25.c:210:6:slide_bits	16	static
AX.25.c:214:6:remove_bit_stuffing	24	static
AX.25.c:236:6:AX25_Packet_Validate	24	static
AX.25.c:273:6:set_packet_pointer_AX25	32	static
AX.25.c:306:6:AX25_TO_KISS	16	static
AX.25.c:342:6:receiving_KISS	24	static
AX.25.c:376:6:set_packet_pointer_KISS	4	static
AX.25.c:380:6:KISS_TO_AX25	24	static
AX.25.c:422:6:bit_shift	16	static
AX.25.c:426:6:bitstuffing	40	static
AX.25.c:469:6:HEX_TO_KISS	32	static
AX.25.c:480:6:KISS_TO_HEX	40	static
AX.25.c:498:6:hex_to_bin	24	static
AX.25.c:518:6:crc_calc	40	static
AX.25.c:538:6:crc_generate	40	static
AX.25.c:576:6:crc_check	32	static
