AX.25.c:24:6:conv_HEX_to_BIN	32	static
AX.25.c:65:10:conv_BIN_to_HEX	40	static
AX.25.c:76:6:tx_rx	8	static
AX.25.c:109:6:output_AX25	48	static
AX.25.c:163:6:clear_AX25	24	static
AX.25.c:172:6:output_HEX	16	static
AX.25.c:189:6:receiving_AX25	24	static
AX.25.c:217:6:slide_bits	16	static
AX.25.c:221:6:remove_bit_stuffing	24	static
AX.25.c:252:6:AX25_Packet_Validate	40	static
AX.25.c:282:6:set_packet_pointer_AX25	48	static
AX.25.c:319:6:AX25_TO_KISS	16	static
AX.25.c:344:6:receiving_KISS	32	static
AX.25.c:374:6:set_packet_pointer_KISS	32	static
AX.25.c:397:6:KISS_TO_AX25	40	static
AX.25.c:451:6:bit_stuff_fields	32	static
AX.25.c:482:6:bit_stuff	16	static
AX.25.c:487:5:bitstuffing	56	static
AX.25.c:521:6:KISS_TO_HEX	40	static
AX.25.c:550:6:crc_calc	48	static
AX.25.c:576:6:crc_generate	48	static
AX.25.c:625:6:crc_check	16	static
