AX.25.c:25:6:conv_HEX_to_BIN	24	static
AX.25.c:44:9:conv_BIN_to_HEX	32	static
AX.25.c:54:6:init_AX25	8	static
AX.25.c:62:6:tx_rx	16	static
AX.25.c:83:6:generate_address	16	static
AX.25.c:89:6:compare_address	24	static
AX.25.c:99:6:output_AX25	24	static
AX.25.c:122:6:print_AX25	64	static
AX.25.c:184:6:transmitting_KISS	16	static
AX.25.c:193:6:print_KISS	72	static
AX.25.c:281:6:UART2_EXCEPTION_CALLBACK	8	static
AX.25.c:310:6:receiving_AX25	40	static
AX.25.c:370:6:slide_bits	16	static
AX.25.c:374:6:remove_bit_stuffing	24	static
AX.25.c:396:6:AX25_Packet_Validate	24	static
AX.25.c:419:6:set_packet_pointer_AX25	32	static
AX.25.c:457:6:AX25_TO_KISS	16	static
AX.25.c:487:6:clear_AX25	24	static
AX.25.c:502:6:receiving_KISS	32	static
AX.25.c:546:6:set_packet_pointer_KISS	24	static
AX.25.c:569:6:KISS_TO_AX25	32	static
AX.25.c:608:6:bit_shift	16	static
AX.25.c:612:6:bitstuffing	40	static
AX.25.c:655:6:KISS_TO_HEX	24	static
AX.25.c:670:6:crc_calc	40	static
AX.25.c:693:6:crc_generate	40	static
AX.25.c:731:6:crc_check	32	static
