FreqIO.c:27:6:initProgram	8	static
FreqIO.c:43:6:tx_rx	8	static
FreqIO.c:56:6:toggleMode	8	static
FreqIO.c:92:6:loadPeriodBuffer	16	static
FreqIO.c:99:6:Tim3IT	8	static
FreqIO.c:110:6:FreqCounterPinEXTI	8	static
FreqIO.c:123:6:edit_sineval	64	static
FreqIO.c:133:6:bitToAudio	32	static,ignoring_inline_asm
FreqIO.c:156:6:generateBitstream	4	static
FreqIO.c:169:6:initOUTData	8	static
FreqIO.c:187:5:pertobit	24	static
FreqIO.c:205:5:loadBit	16	static
FreqIO.c:249:5:loadOctet	40	static
FreqIO.c:281:5:streamCheck	136	static
