FreqIO.c:27:6:initProgram	8	static
FreqIO.c:43:6:tx_rx	16	static
FreqIO.c:62:6:toggleMode	8	static
FreqIO.c:98:6:loadPeriodBuffer	16	static
FreqIO.c:105:6:Tim3IT	8	static
FreqIO.c:116:6:FreqCounterPinEXTI	8	static
FreqIO.c:129:6:edit_sineval	64	static
FreqIO.c:139:6:bitToAudio	32	static,ignoring_inline_asm
FreqIO.c:162:6:generateBitstream	4	static
FreqIO.c:175:6:initOUTData	8	static
FreqIO.c:190:5:pertobit	24	static
FreqIO.c:200:5:loadBit	16	static
FreqIO.c:243:5:loadOctet	48	static
FreqIO.c:273:5:streamGet	72	static
