FreqIO.c:27:6:initProgram	8	static
FreqIO.c:38:6:tx_rx	8	static
FreqIO.c:51:6:toggleMode	8	static
FreqIO.c:87:6:loadPeriodBuffer	16	static
FreqIO.c:94:6:Tim3IT	8	static
FreqIO.c:105:6:FreqCounterPinEXTI	8	static
FreqIO.c:118:6:edit_sineval	48	static
FreqIO.c:126:6:bitToAudio	32	static,ignoring_inline_asm
FreqIO.c:149:6:generateBitstream	4	static
FreqIO.c:162:6:initOUTData	8	static
FreqIO.c:180:5:pertobit	24	static
FreqIO.c:198:5:loadBit	16	static
FreqIO.c:242:6:loadByte	96	static
FreqIO.c:258:5:streamCheck	112	static
