FreqIO.c:27:6:initProgram	16	static
FreqIO.c:48:6:toggleMode	8	static
FreqIO.c:88:6:loadPeriodBuffer	16	static
FreqIO.c:106:5:readPeriodBuffer	24	static
FreqIO.c:141:6:Tim3IT	8	static
FreqIO.c:165:6:FreqCounterPinEXTI	16	static
FreqIO.c:285:6:edit_sineval	64	static
FreqIO.c:298:5:bitToAudio	48	static,ignoring_inline_asm
FreqIO.c:342:6:generateBitstream	4	static
FreqIO.c:355:6:initOUTData	8	static
FreqIO.c:375:5:pertobit	24	static
FreqIO.c:397:5:loadBit	32	static
FreqIO.c:451:5:loadOctet	48	static
FreqIO.c:488:5:streamGet	80	static
