main.c:54:6:HAL_UART_RxCpltCallback	16	static
main.c:83:5:main	24	static
main.c:147:6:SystemClock_Config	88	static
main.c:192:13:MX_DAC_Init	16	static
main.c:230:13:MX_TIM2_Init	32	static
main.c:275:13:MX_TIM3_Init	32	static
main.c:320:13:MX_USART2_UART_Init	8	static
main.c:352:13:MX_DMA_Init	16	static
main.c:370:13:MX_GPIO_Init	48	static
main.c:422:6:HAL_TIM_PeriodElapsedCallback	16	static,ignoring_inline_asm
main.c:428:6:HAL_GPIO_EXTI_Callback	16	static,ignoring_inline_asm
main.c:443:6:uart_gpio_init	32	static
main.c:468:6:Error_Handler	4	static
