main.c:81:5:main	8	static
main.c:135:6:SystemClock_Config	88	static
main.c:181:13:MX_DAC_Init	16	static
main.c:219:13:MX_TIM2_Init	64	static
main.c:278:13:MX_TIM3_Init	32	static
main.c:323:13:MX_TIM4_Init	32	static
main.c:368:13:MX_TIM5_Init	48	static
main.c:426:13:MX_USART2_UART_Init	8	static
main.c:458:13:MX_DMA_Init	16	static
main.c:479:13:MX_GPIO_Init	48	static
main.c:534:6:HAL_TIM_OC_DelayElapsedCallback	16	static
main.c:543:6:HAL_TIM_PeriodElapsedCallback	16	static,ignoring_inline_asm
main.c:553:6:HAL_TIM_IC_CaptureCallback	16	static
main.c:565:6:HAL_UART_RxCpltCallback	16	static
main.c:573:6:uart_gpio_init	32	static
main.c:598:6:Error_Handler	4	static
