17:25:56 **** Incremental Build of configuration Debug for project Clock Recovery ****
make -j8 all 
arm-none-eabi-gcc "../Core/Src/main.c" -mcpu=cortex-m4 -std=gnu11 -g3 -DUSE_HAL_DRIVER -DSTM32F446xx -DDEBUG -c -I../Core/Inc -I../Drivers/STM32F4xx_HAL_Driver/Inc -I../Drivers/STM32F4xx_HAL_Driver/Inc/Legacy -I../Drivers/CMSIS/Device/ST/STM32F4xx/Include -I../Drivers/CMSIS/Include -O0 -ffunction-sections -fdata-sections -Wall -fstack-usage -MMD -MP -MF"Core/Src/main.d" -MT"Core/Src/main.o" --specs=nano.specs -mfpu=fpv4-sp-d16 -mfloat-abi=hard -mthumb -o "Core/Src/main.o"
../Core/Src/main.c: In function 'main':
../Core/Src/main.c:99:12: warning: unused variable 'captureVal' [-Wunused-variable]
   uint32_t captureVal;
            ^~~~~~~~~~
arm-none-eabi-gcc -o "Clock Recovery.elf" @"objects.list"   -mcpu=cortex-m4 -T"C:\GitHub\TNCMCU\Software\Code Playground\Clock Recovery\STM32F446RETX_FLASH.ld" --specs=nosys.specs -Wl,-Map="Clock Recovery.map" -Wl,--gc-sections -static --specs=nano.specs -mfpu=fpv4-sp-d16 -mfloat-abi=hard -mthumb -Wl,--start-group -lc -lm -Wl,--end-group
Finished building target: Clock Recovery.elf
 
arm-none-eabi-objdump -h -S  Clock\ Recovery.elf  > "Clock Recovery.list"
arm-none-eabi-objcopy  -O binary  Clock\ Recovery.elf  "Clock Recovery.bin"
arm-none-eabi-size   Clock\ Recovery.elf 
   text	   data	    bss	    dec	    hex	filename
  12472	     20	   1804	  14296	   37d8	Clock Recovery.elf
Finished building: default.size.stdout
 
Finished building: Clock Recovery.bin
 
Finished building: Clock Recovery.list
 

17:25:57 Build Finished. 0 errors, 1 warnings. (took 735ms)

