18:25:02 **** Incremental Build of configuration Debug for project DAC_SINEWAVE ****
make -j8 all 
arm-none-eabi-gcc "../Core/Src/AX.25.c" -mcpu=cortex-m4 -std=gnu11 -g3 -DUSE_HAL_DRIVER -DSTM32F446xx -DDEBUG -c -I../Core/Inc -I../Drivers/STM32F4xx_HAL_Driver/Inc -I../Drivers/STM32F4xx_HAL_Driver/Inc/Legacy -I../Drivers/CMSIS/Device/ST/STM32F4xx/Include -I../Drivers/CMSIS/Include -O0 -ffunction-sections -fdata-sections -Wall -fstack-usage -MMD -MP -MF"Core/Src/AX.25.d" -MT"Core/Src/AX.25.o" --specs=nano.specs -mfpu=fpv4-sp-d16 -mfloat-abi=hard -mthumb -o "Core/Src/AX.25.o"
../Core/Src/AX.25.c: In function 'tx_rx':
../Core/Src/AX.25.c:112:31: warning: pointer targets in passing argument 2 of 'HAL_UART_Transmit' differ in signedness [-Wpointer-sign]
    HAL_UART_Transmit(&huart2, uartData, strlen(uartData), 10);
                               ^~~~~~~~
In file included from ../Core/Inc/stm32f4xx_hal_conf.h:404:0,
                 from ../Drivers/STM32F4xx_HAL_Driver/Inc/stm32f4xx_hal.h:30,
                 from ../Core/Inc/main.h:31,
                 from ../Core/Src/AX.25.h:12,
                 from ../Core/Src/AX.25.c:7:
../Drivers/STM32F4xx_HAL_Driver/Inc/stm32f4xx_hal_uart.h:696:19: note: expected 'uint8_t * {aka unsigned char *}' but argument is of type 'char *'
 HAL_StatusTypeDef HAL_UART_Transmit(UART_HandleTypeDef *huart, uint8_t *pData, uint16_t Size, uint32_t Timeout);
                   ^~~~~~~~~~~~~~~~~
../Core/Src/AX.25.c:117:31: warning: pointer targets in passing argument 2 of 'HAL_UART_Transmit' differ in signedness [-Wpointer-sign]
    HAL_UART_Transmit(&huart2, uartData, strlen(uartData), 10);
                               ^~~~~~~~
In file included from ../Core/Inc/stm32f4xx_hal_conf.h:404:0,
                 from ../Drivers/STM32F4xx_HAL_Driver/Inc/stm32f4xx_hal.h:30,
                 from ../Core/Inc/main.h:31,
                 from ../Core/Src/AX.25.h:12,
                 from ../Core/Src/AX.25.c:7:
../Drivers/STM32F4xx_HAL_Driver/Inc/stm32f4xx_hal_uart.h:696:19: note: expected 'uint8_t * {aka unsigned char *}' but argument is of type 'char *'
 HAL_StatusTypeDef HAL_UART_Transmit(UART_HandleTypeDef *huart, uint8_t *pData, uint16_t Size, uint32_t Timeout);
                   ^~~~~~~~~~~~~~~~~
../Core/Src/AX.25.c:122:31: warning: pointer targets in passing argument 2 of 'HAL_UART_Transmit' differ in signedness [-Wpointer-sign]
    HAL_UART_Transmit(&huart2, uartData, strlen(uartData), 10);
                               ^~~~~~~~
In file included from ../Core/Inc/stm32f4xx_hal_conf.h:404:0,
                 from ../Drivers/STM32F4xx_HAL_Driver/Inc/stm32f4xx_hal.h:30,
                 from ../Core/Inc/main.h:31,
                 from ../Core/Src/AX.25.h:12,
                 from ../Core/Src/AX.25.c:7:
../Drivers/STM32F4xx_HAL_Driver/Inc/stm32f4xx_hal_uart.h:696:19: note: expected 'uint8_t * {aka unsigned char *}' but argument is of type 'char *'
 HAL_StatusTypeDef HAL_UART_Transmit(UART_HandleTypeDef *huart, uint8_t *pData, uint16_t Size, uint32_t Timeout);
                   ^~~~~~~~~~~~~~~~~
../Core/Src/AX.25.c:134:31: warning: pointer targets in passing argument 2 of 'HAL_UART_Transmit' differ in signedness [-Wpointer-sign]
    HAL_UART_Transmit(&huart2, uartData, strlen(uartData), 10);
                               ^~~~~~~~
In file included from ../Core/Inc/stm32f4xx_hal_conf.h:404:0,
                 from ../Drivers/STM32F4xx_HAL_Driver/Inc/stm32f4xx_hal.h:30,
                 from ../Core/Inc/main.h:31,
                 from ../Core/Src/AX.25.h:12,
                 from ../Core/Src/AX.25.c:7:
../Drivers/STM32F4xx_HAL_Driver/Inc/stm32f4xx_hal_uart.h:696:19: note: expected 'uint8_t * {aka unsigned char *}' but argument is of type 'char *'
 HAL_StatusTypeDef HAL_UART_Transmit(UART_HandleTypeDef *huart, uint8_t *pData, uint16_t Size, uint32_t Timeout);
                   ^~~~~~~~~~~~~~~~~
../Core/Src/AX.25.c: In function 'output_AX25':
../Core/Src/AX.25.c:159:29: warning: pointer targets in passing argument 2 of 'HAL_UART_Transmit' differ in signedness [-Wpointer-sign]
  HAL_UART_Transmit(&huart2, uartData, strlen(uartData), 10);
                             ^~~~~~~~
In file included from ../Core/Inc/stm32f4xx_hal_conf.h:404:0,
                 from ../Drivers/STM32F4xx_HAL_Driver/Inc/stm32f4xx_hal.h:30,
                 from ../Core/Inc/main.h:31,
                 from ../Core/Src/AX.25.h:12,
                 from ../Core/Src/AX.25.c:7:
../Drivers/STM32F4xx_HAL_Driver/Inc/stm32f4xx_hal_uart.h:696:19: note: expected 'uint8_t * {aka unsigned char *}' but argument is of type 'char *'
 HAL_StatusTypeDef HAL_UART_Transmit(UART_HandleTypeDef *huart, uint8_t *pData, uint16_t Size, uint32_t Timeout);
                   ^~~~~~~~~~~~~~~~~
../Core/Src/AX.25.c:180:29: warning: pointer targets in passing argument 2 of 'HAL_UART_Transmit' differ in signedness [-Wpointer-sign]
  HAL_UART_Transmit(&huart2, uartData, strlen(uartData), 10);
                             ^~~~~~~~
In file included from ../Core/Inc/stm32f4xx_hal_conf.h:404:0,
                 from ../Drivers/STM32F4xx_HAL_Driver/Inc/stm32f4xx_hal.h:30,
                 from ../Core/Inc/main.h:31,
                 from ../Core/Src/AX.25.h:12,
                 from ../Core/Src/AX.25.c:7:
../Drivers/STM32F4xx_HAL_Driver/Inc/stm32f4xx_hal_uart.h:696:19: note: expected 'uint8_t * {aka unsigned char *}' but argument is of type 'char *'
 HAL_StatusTypeDef HAL_UART_Transmit(UART_HandleTypeDef *huart, uint8_t *pData, uint16_t Size, uint32_t Timeout);
                   ^~~~~~~~~~~~~~~~~
../Core/Src/AX.25.c: In function 'print_AX25':
../Core/Src/AX.25.c:187:29: warning: pointer targets in passing argument 2 of 'HAL_UART_Transmit' differ in signedness [-Wpointer-sign]
  HAL_UART_Transmit(&huart2, uartData, strlen(uartData), 10);
                             ^~~~~~~~
In file included from ../Core/Inc/stm32f4xx_hal_conf.h:404:0,
                 from ../Drivers/STM32F4xx_HAL_Driver/Inc/stm32f4xx_hal.h:30,
                 from ../Core/Inc/main.h:31,
                 from ../Core/Src/AX.25.h:12,
                 from ../Core/Src/AX.25.c:7:
../Drivers/STM32F4xx_HAL_Driver/Inc/stm32f4xx_hal_uart.h:696:19: note: expected 'uint8_t * {aka unsigned char *}' but argument is of type 'char *'
 HAL_StatusTypeDef HAL_UART_Transmit(UART_HandleTypeDef *huart, uint8_t *pData, uint16_t Size, uint32_t Timeout);
                   ^~~~~~~~~~~~~~~~~
../Core/Src/AX.25.c:190:29: warning: pointer targets in passing argument 2 of 'HAL_UART_Transmit' differ in signedness [-Wpointer-sign]
  HAL_UART_Transmit(&huart2, uartData, strlen(uartData), 10);
                             ^~~~~~~~
In file included from ../Core/Inc/stm32f4xx_hal_conf.h:404:0,
                 from ../Drivers/STM32F4xx_HAL_Driver/Inc/stm32f4xx_hal.h:30,
                 from ../Core/Inc/main.h:31,
                 from ../Core/Src/AX.25.h:12,
                 from ../Core/Src/AX.25.c:7:
../Drivers/STM32F4xx_HAL_Driver/Inc/stm32f4xx_hal_uart.h:696:19: note: expected 'uint8_t * {aka unsigned char *}' but argument is of type 'char *'
 HAL_StatusTypeDef HAL_UART_Transmit(UART_HandleTypeDef *huart, uint8_t *pData, uint16_t Size, uint32_t Timeout);
                   ^~~~~~~~~~~~~~~~~
../Core/Src/AX.25.c:194:30: warning: pointer targets in passing argument 2 of 'HAL_UART_Transmit' differ in signedness [-Wpointer-sign]
   HAL_UART_Transmit(&huart2, uartData, strlen(uartData), 10);
                              ^~~~~~~~
In file included from ../Core/Inc/stm32f4xx_hal_conf.h:404:0,
                 from ../Drivers/STM32F4xx_HAL_Driver/Inc/stm32f4xx_hal.h:30,
                 from ../Core/Inc/main.h:31,
                 from ../Core/Src/AX.25.h:12,
                 from ../Core/Src/AX.25.c:7:
../Drivers/STM32F4xx_HAL_Driver/Inc/stm32f4xx_hal_uart.h:696:19: note: expected 'uint8_t * {aka unsigned char *}' but argument is of type 'char *'
 HAL_StatusTypeDef HAL_UART_Transmit(UART_HandleTypeDef *huart, uint8_t *pData, uint16_t Size, uint32_t Timeout);
                   ^~~~~~~~~~~~~~~~~
../Core/Src/AX.25.c:197:29: warning: pointer targets in passing argument 2 of 'HAL_UART_Transmit' differ in signedness [-Wpointer-sign]
  HAL_UART_Transmit(&huart2, uartData, strlen(uartData), 10);
                             ^~~~~~~~
In file included from ../Core/Inc/stm32f4xx_hal_conf.h:404:0,
                 from ../Drivers/STM32F4xx_HAL_Driver/Inc/stm32f4xx_hal.h:30,
                 from ../Core/Inc/main.h:31,
                 from ../Core/Src/AX.25.h:12,
                 from ../Core/Src/AX.25.c:7:
../Drivers/STM32F4xx_HAL_Driver/Inc/stm32f4xx_hal_uart.h:696:19: note: expected 'uint8_t * {aka unsigned char *}' but argument is of type 'char *'
 HAL_StatusTypeDef HAL_UART_Transmit(UART_HandleTypeDef *huart, uint8_t *pData, uint16_t Size, uint32_t Timeout);
                   ^~~~~~~~~~~~~~~~~
../Core/Src/AX.25.c:203:30: warning: pointer targets in passing argument 2 of 'HAL_UART_Transmit' differ in signedness [-Wpointer-sign]
   HAL_UART_Transmit(&huart2, uartData, strlen(uartData), 10);
                              ^~~~~~~~
In file included from ../Core/Inc/stm32f4xx_hal_conf.h:404:0,
                 from ../Drivers/STM32F4xx_HAL_Driver/Inc/stm32f4xx_hal.h:30,
                 from ../Core/Inc/main.h:31,
                 from ../Core/Src/AX.25.h:12,
                 from ../Core/Src/AX.25.c:7:
../Drivers/STM32F4xx_HAL_Driver/Inc/stm32f4xx_hal_uart.h:696:19: note: expected 'uint8_t * {aka unsigned char *}' but argument is of type 'char *'
 HAL_StatusTypeDef HAL_UART_Transmit(UART_HandleTypeDef *huart, uint8_t *pData, uint16_t Size, uint32_t Timeout);
                   ^~~~~~~~~~~~~~~~~
../Core/Src/AX.25.c:207:31: warning: pointer targets in passing argument 2 of 'HAL_UART_Transmit' differ in signedness [-Wpointer-sign]
    HAL_UART_Transmit(&huart2, uartData, strlen(uartData), 10);
                               ^~~~~~~~
In file included from ../Core/Inc/stm32f4xx_hal_conf.h:404:0,
                 from ../Drivers/STM32F4xx_HAL_Driver/Inc/stm32f4xx_hal.h:30,
                 from ../Core/Inc/main.h:31,
                 from ../Core/Src/AX.25.h:12,
                 from ../Core/Src/AX.25.c:7:
../Drivers/STM32F4xx_HAL_Driver/Inc/stm32f4xx_hal_uart.h:696:19: note: expected 'uint8_t * {aka unsigned char *}' but argument is of type 'char *'
 HAL_StatusTypeDef HAL_UART_Transmit(UART_HandleTypeDef *huart, uint8_t *pData, uint16_t Size, uint32_t Timeout);
                   ^~~~~~~~~~~~~~~~~
../Core/Src/AX.25.c:211:30: warning: pointer targets in passing argument 2 of 'HAL_UART_Transmit' differ in signedness [-Wpointer-sign]
   HAL_UART_Transmit(&huart2, uartData, strlen(uartData), 10);
                              ^~~~~~~~
In file included from ../Core/Inc/stm32f4xx_hal_conf.h:404:0,
                 from ../Drivers/STM32F4xx_HAL_Driver/Inc/stm32f4xx_hal.h:30,
                 from ../Core/Inc/main.h:31,
                 from ../Core/Src/AX.25.h:12,
                 from ../Core/Src/AX.25.c:7:
../Drivers/STM32F4xx_HAL_Driver/Inc/stm32f4xx_hal_uart.h:696:19: note: expected 'uint8_t * {aka unsigned char *}' but argument is of type 'char *'
 HAL_StatusTypeDef HAL_UART_Transmit(UART_HandleTypeDef *huart, uint8_t *pData, uint16_t Size, uint32_t Timeout);
                   ^~~~~~~~~~~~~~~~~
../Core/Src/AX.25.c:217:29: warning: pointer targets in passing argument 2 of 'HAL_UART_Transmit' differ in signedness [-Wpointer-sign]
  HAL_UART_Transmit(&huart2, uartData, strlen(uartData), 10);
                             ^~~~~~~~
In file included from ../Core/Inc/stm32f4xx_hal_conf.h:404:0,
                 from ../Drivers/STM32F4xx_HAL_Driver/Inc/stm32f4xx_hal.h:30,
                 from ../Core/Inc/main.h:31,
                 from ../Core/Src/AX.25.h:12,
                 from ../Core/Src/AX.25.c:7:
../Drivers/STM32F4xx_HAL_Driver/Inc/stm32f4xx_hal_uart.h:696:19: note: expected 'uint8_t * {aka unsigned char *}' but argument is of type 'char *'
 HAL_StatusTypeDef HAL_UART_Transmit(UART_HandleTypeDef *huart, uint8_t *pData, uint16_t Size, uint32_t Timeout);
                   ^~~~~~~~~~~~~~~~~
../Core/Src/AX.25.c:221:30: warning: pointer targets in passing argument 2 of 'HAL_UART_Transmit' differ in signedness [-Wpointer-sign]
   HAL_UART_Transmit(&huart2, uartData, strlen(uartData), 10);
                              ^~~~~~~~
In file included from ../Core/Inc/stm32f4xx_hal_conf.h:404:0,
                 from ../Drivers/STM32F4xx_HAL_Driver/Inc/stm32f4xx_hal.h:30,
                 from ../Core/Inc/main.h:31,
                 from ../Core/Src/AX.25.h:12,
                 from ../Core/Src/AX.25.c:7:
../Drivers/STM32F4xx_HAL_Driver/Inc/stm32f4xx_hal_uart.h:696:19: note: expected 'uint8_t * {aka unsigned char *}' but argument is of type 'char *'
 HAL_StatusTypeDef HAL_UART_Transmit(UART_HandleTypeDef *huart, uint8_t *pData, uint16_t Size, uint32_t Timeout);
                   ^~~~~~~~~~~~~~~~~
../Core/Src/AX.25.c:224:29: warning: pointer targets in passing argument 2 of 'HAL_UART_Transmit' differ in signedness [-Wpointer-sign]
  HAL_UART_Transmit(&huart2, uartData, strlen(uartData), 10);
                             ^~~~~~~~
In file included from ../Core/Inc/stm32f4xx_hal_conf.h:404:0,
                 from ../Drivers/STM32F4xx_HAL_Driver/Inc/stm32f4xx_hal.h:30,
                 from ../Core/Inc/main.h:31,
                 from ../Core/Src/AX.25.h:12,
                 from ../Core/Src/AX.25.c:7:
../Drivers/STM32F4xx_HAL_Driver/Inc/stm32f4xx_hal_uart.h:696:19: note: expected 'uint8_t * {aka unsigned char *}' but argument is of type 'char *'
 HAL_StatusTypeDef HAL_UART_Transmit(UART_HandleTypeDef *huart, uint8_t *pData, uint16_t Size, uint32_t Timeout);
                   ^~~~~~~~~~~~~~~~~
../Core/Src/AX.25.c:229:29: warning: pointer targets in passing argument 2 of 'HAL_UART_Transmit' differ in signedness [-Wpointer-sign]
  HAL_UART_Transmit(&huart2, uartData, strlen(uartData), 10);
                             ^~~~~~~~
In file included from ../Core/Inc/stm32f4xx_hal_conf.h:404:0,
                 from ../Drivers/STM32F4xx_HAL_Driver/Inc/stm32f4xx_hal.h:30,
                 from ../Core/Inc/main.h:31,
                 from ../Core/Src/AX.25.h:12,
                 from ../Core/Src/AX.25.c:7:
../Drivers/STM32F4xx_HAL_Driver/Inc/stm32f4xx_hal_uart.h:696:19: note: expected 'uint8_t * {aka unsigned char *}' but argument is of type 'char *'
 HAL_StatusTypeDef HAL_UART_Transmit(UART_HandleTypeDef *huart, uint8_t *pData, uint16_t Size, uint32_t Timeout);
                   ^~~~~~~~~~~~~~~~~
../Core/Src/AX.25.c:233:30: warning: pointer targets in passing argument 2 of 'HAL_UART_Transmit' differ in signedness [-Wpointer-sign]
   HAL_UART_Transmit(&huart2, uartData, strlen(uartData), 10);
                              ^~~~~~~~
In file included from ../Core/Inc/stm32f4xx_hal_conf.h:404:0,
                 from ../Drivers/STM32F4xx_HAL_Driver/Inc/stm32f4xx_hal.h:30,
                 from ../Core/Inc/main.h:31,
                 from ../Core/Src/AX.25.h:12,
                 from ../Core/Src/AX.25.c:7:
../Drivers/STM32F4xx_HAL_Driver/Inc/stm32f4xx_hal_uart.h:696:19: note: expected 'uint8_t * {aka unsigned char *}' but argument is of type 'char *'
 HAL_StatusTypeDef HAL_UART_Transmit(UART_HandleTypeDef *huart, uint8_t *pData, uint16_t Size, uint32_t Timeout);
                   ^~~~~~~~~~~~~~~~~
../Core/Src/AX.25.c:236:29: warning: pointer targets in passing argument 2 of 'HAL_UART_Transmit' differ in signedness [-Wpointer-sign]
  HAL_UART_Transmit(&huart2, uartData, strlen(uartData), 10);
                             ^~~~~~~~
In file included from ../Core/Inc/stm32f4xx_hal_conf.h:404:0,
                 from ../Drivers/STM32F4xx_HAL_Driver/Inc/stm32f4xx_hal.h:30,
                 from ../Core/Inc/main.h:31,
                 from ../Core/Src/AX.25.h:12,
                 from ../Core/Src/AX.25.c:7:
../Drivers/STM32F4xx_HAL_Driver/Inc/stm32f4xx_hal_uart.h:696:19: note: expected 'uint8_t * {aka unsigned char *}' but argument is of type 'char *'
 HAL_StatusTypeDef HAL_UART_Transmit(UART_HandleTypeDef *huart, uint8_t *pData, uint16_t Size, uint32_t Timeout);
                   ^~~~~~~~~~~~~~~~~
../Core/Src/AX.25.c:242:30: warning: pointer targets in passing argument 2 of 'HAL_UART_Transmit' differ in signedness [-Wpointer-sign]
   HAL_UART_Transmit(&huart2, uartData, strlen(uartData), 10);
                              ^~~~~~~~
In file included from ../Core/Inc/stm32f4xx_hal_conf.h:404:0,
                 from ../Drivers/STM32F4xx_HAL_Driver/Inc/stm32f4xx_hal.h:30,
                 from ../Core/Inc/main.h:31,
                 from ../Core/Src/AX.25.h:12,
                 from ../Core/Src/AX.25.c:7:
../Drivers/STM32F4xx_HAL_Driver/Inc/stm32f4xx_hal_uart.h:696:19: note: expected 'uint8_t * {aka unsigned char *}' but argument is of type 'char *'
 HAL_StatusTypeDef HAL_UART_Transmit(UART_HandleTypeDef *huart, uint8_t *pData, uint16_t Size, uint32_t Timeout);
                   ^~~~~~~~~~~~~~~~~
../Core/Src/AX.25.c:246:31: warning: pointer targets in passing argument 2 of 'HAL_UART_Transmit' differ in signedness [-Wpointer-sign]
    HAL_UART_Transmit(&huart2, uartData, strlen(uartData), 10);
                               ^~~~~~~~
In file included from ../Core/Inc/stm32f4xx_hal_conf.h:404:0,
                 from ../Drivers/STM32F4xx_HAL_Driver/Inc/stm32f4xx_hal.h:30,
                 from ../Core/Inc/main.h:31,
                 from ../Core/Src/AX.25.h:12,
                 from ../Core/Src/AX.25.c:7:
../Drivers/STM32F4xx_HAL_Driver/Inc/stm32f4xx_hal_uart.h:696:19: note: expected 'uint8_t * {aka unsigned char *}' but argument is of type 'char *'
 HAL_StatusTypeDef HAL_UART_Transmit(UART_HandleTypeDef *huart, uint8_t *pData, uint16_t Size, uint32_t Timeout);
                   ^~~~~~~~~~~~~~~~~
../Core/Src/AX.25.c:250:30: warning: pointer targets in passing argument 2 of 'HAL_UART_Transmit' differ in signedness [-Wpointer-sign]
   HAL_UART_Transmit(&huart2, uartData, strlen(uartData), 10);
                              ^~~~~~~~
In file included from ../Core/Inc/stm32f4xx_hal_conf.h:404:0,
                 from ../Drivers/STM32F4xx_HAL_Driver/Inc/stm32f4xx_hal.h:30,
                 from ../Core/Inc/main.h:31,
                 from ../Core/Src/AX.25.h:12,
                 from ../Core/Src/AX.25.c:7:
../Drivers/STM32F4xx_HAL_Driver/Inc/stm32f4xx_hal_uart.h:696:19: note: expected 'uint8_t * {aka unsigned char *}' but argument is of type 'char *'
 HAL_StatusTypeDef HAL_UART_Transmit(UART_HandleTypeDef *huart, uint8_t *pData, uint16_t Size, uint32_t Timeout);
                   ^~~~~~~~~~~~~~~~~
../Core/Src/AX.25.c:254:29: warning: pointer targets in passing argument 2 of 'HAL_UART_Transmit' differ in signedness [-Wpointer-sign]
  HAL_UART_Transmit(&huart2, uartData, strlen(uartData), 10);
                             ^~~~~~~~
In file included from ../Core/Inc/stm32f4xx_hal_conf.h:404:0,
                 from ../Drivers/STM32F4xx_HAL_Driver/Inc/stm32f4xx_hal.h:30,
                 from ../Core/Inc/main.h:31,
                 from ../Core/Src/AX.25.h:12,
                 from ../Core/Src/AX.25.c:7:
../Drivers/STM32F4xx_HAL_Driver/Inc/stm32f4xx_hal_uart.h:696:19: note: expected 'uint8_t * {aka unsigned char *}' but argument is of type 'char *'
 HAL_StatusTypeDef HAL_UART_Transmit(UART_HandleTypeDef *huart, uint8_t *pData, uint16_t Size, uint32_t Timeout);
                   ^~~~~~~~~~~~~~~~~
../Core/Src/AX.25.c:258:30: warning: pointer targets in passing argument 2 of 'HAL_UART_Transmit' differ in signedness [-Wpointer-sign]
   HAL_UART_Transmit(&huart2, uartData, strlen(uartData), 10);
                              ^~~~~~~~
In file included from ../Core/Inc/stm32f4xx_hal_conf.h:404:0,
                 from ../Drivers/STM32F4xx_HAL_Driver/Inc/stm32f4xx_hal.h:30,
                 from ../Core/Inc/main.h:31,
                 from ../Core/Src/AX.25.h:12,
                 from ../Core/Src/AX.25.c:7:
../Drivers/STM32F4xx_HAL_Driver/Inc/stm32f4xx_hal_uart.h:696:19: note: expected 'uint8_t * {aka unsigned char *}' but argument is of type 'char *'
 HAL_StatusTypeDef HAL_UART_Transmit(UART_HandleTypeDef *huart, uint8_t *pData, uint16_t Size, uint32_t Timeout);
                   ^~~~~~~~~~~~~~~~~
../Core/Src/AX.25.c:261:29: warning: pointer targets in passing argument 2 of 'HAL_UART_Transmit' differ in signedness [-Wpointer-sign]
  HAL_UART_Transmit(&huart2, uartData, strlen(uartData), 10);
                             ^~~~~~~~
In file included from ../Core/Inc/stm32f4xx_hal_conf.h:404:0,
                 from ../Drivers/STM32F4xx_HAL_Driver/Inc/stm32f4xx_hal.h:30,
                 from ../Core/Inc/main.h:31,
                 from ../Core/Src/AX.25.h:12,
                 from ../Core/Src/AX.25.c:7:
../Drivers/STM32F4xx_HAL_Driver/Inc/stm32f4xx_hal_uart.h:696:19: note: expected 'uint8_t * {aka unsigned char *}' but argument is of type 'char *'
 HAL_StatusTypeDef HAL_UART_Transmit(UART_HandleTypeDef *huart, uint8_t *pData, uint16_t Size, uint32_t Timeout);
                   ^~~~~~~~~~~~~~~~~
../Core/Src/AX.25.c:277:29: warning: pointer targets in passing argument 2 of 'HAL_UART_Transmit' differ in signedness [-Wpointer-sign]
  HAL_UART_Transmit(&huart2, uartData, strlen(uartData), 10);
                             ^~~~~~~~
In file included from ../Core/Inc/stm32f4xx_hal_conf.h:404:0,
                 from ../Drivers/STM32F4xx_HAL_Driver/Inc/stm32f4xx_hal.h:30,
                 from ../Core/Inc/main.h:31,
                 from ../Core/Src/AX.25.h:12,
                 from ../Core/Src/AX.25.c:7:
../Drivers/STM32F4xx_HAL_Driver/Inc/stm32f4xx_hal_uart.h:696:19: note: expected 'uint8_t * {aka unsigned char *}' but argument is of type 'char *'
 HAL_StatusTypeDef HAL_UART_Transmit(UART_HandleTypeDef *huart, uint8_t *pData, uint16_t Size, uint32_t Timeout);
                   ^~~~~~~~~~~~~~~~~
../Core/Src/AX.25.c:184:6: warning: unused variable 'bytecnt' [-Wunused-variable]
  int bytecnt = local_packet->byte_cnt;
      ^~~~~~~
../Core/Src/AX.25.c: In function 'clear_AX25':
../Core/Src/AX.25.c:282:29: warning: pointer targets in passing argument 2 of 'HAL_UART_Transmit' differ in signedness [-Wpointer-sign]
  HAL_UART_Transmit(&huart2, uartData, strlen(uartData), 10);
                             ^~~~~~~~
In file included from ../Core/Inc/stm32f4xx_hal_conf.h:404:0,
                 from ../Drivers/STM32F4xx_HAL_Driver/Inc/stm32f4xx_hal.h:30,
                 from ../Core/Inc/main.h:31,
                 from ../Core/Src/AX.25.h:12,
                 from ../Core/Src/AX.25.c:7:
../Drivers/STM32F4xx_HAL_Driver/Inc/stm32f4xx_hal_uart.h:696:19: note: expected 'uint8_t * {aka unsigned char *}' but argument is of type 'char *'
 HAL_StatusTypeDef HAL_UART_Transmit(UART_HandleTypeDef *huart, uint8_t *pData, uint16_t Size, uint32_t Timeout);
                   ^~~~~~~~~~~~~~~~~
../Core/Src/AX.25.c:284:2: warning: null argument where non-null required (argument 2) [-Wnonnull]
  memcpy(local_packet->AX25_PACKET,0,AX25_PACKET_MAX);
  ^~~~~~
../Core/Src/AX.25.c: In function 'print_KISS':
../Core/Src/AX.25.c:296:29: warning: pointer targets in passing argument 2 of 'HAL_UART_Transmit' differ in signedness [-Wpointer-sign]
  HAL_UART_Transmit(&huart2, uartData, strlen(uartData), 10);
                             ^~~~~~~~
In file included from ../Core/Inc/stm32f4xx_hal_conf.h:404:0,
                 from ../Drivers/STM32F4xx_HAL_Driver/Inc/stm32f4xx_hal.h:30,
                 from ../Core/Inc/main.h:31,
                 from ../Core/Src/AX.25.h:12,
                 from ../Core/Src/AX.25.c:7:
../Drivers/STM32F4xx_HAL_Driver/Inc/stm32f4xx_hal_uart.h:696:19: note: expected 'uint8_t * {aka unsigned char *}' but argument is of type 'char *'
 HAL_StatusTypeDef HAL_UART_Transmit(UART_HandleTypeDef *huart, uint8_t *pData, uint16_t Size, uint32_t Timeout);
                   ^~~~~~~~~~~~~~~~~
../Core/Src/AX.25.c:301:29: warning: pointer targets in passing argument 2 of 'HAL_UART_Transmit' differ in signedness [-Wpointer-sign]
  HAL_UART_Transmit(&huart2, uartData, strlen(uartData), 10);
                             ^~~~~~~~
In file included from ../Core/Inc/stm32f4xx_hal_conf.h:404:0,
                 from ../Drivers/STM32F4xx_HAL_Driver/Inc/stm32f4xx_hal.h:30,
                 from ../Core/Inc/main.h:31,
                 from ../Core/Src/AX.25.h:12,
                 from ../Core/Src/AX.25.c:7:
../Drivers/STM32F4xx_HAL_Driver/Inc/stm32f4xx_hal_uart.h:696:19: note: expected 'uint8_t * {aka unsigned char *}' but argument is of type 'char *'
 HAL_StatusTypeDef HAL_UART_Transmit(UART_HandleTypeDef *huart, uint8_t *pData, uint16_t Size, uint32_t Timeout);
                   ^~~~~~~~~~~~~~~~~
../Core/Src/AX.25.c:305:30: warning: pointer targets in passing argument 2 of 'HAL_UART_Transmit' differ in signedness [-Wpointer-sign]
   HAL_UART_Transmit(&huart2, uartData, strlen(uartData), 10);
                              ^~~~~~~~
In file included from ../Core/Inc/stm32f4xx_hal_conf.h:404:0,
                 from ../Drivers/STM32F4xx_HAL_Driver/Inc/stm32f4xx_hal.h:30,
                 from ../Core/Inc/main.h:31,
                 from ../Core/Src/AX.25.h:12,
                 from ../Core/Src/AX.25.c:7:
../Drivers/STM32F4xx_HAL_Driver/Inc/stm32f4xx_hal_uart.h:696:19: note: expected 'uint8_t * {aka unsigned char *}' but argument is of type 'char *'
 HAL_StatusTypeDef HAL_UART_Transmit(UART_HandleTypeDef *huart, uint8_t *pData, uint16_t Size, uint32_t Timeout);
                   ^~~~~~~~~~~~~~~~~
../Core/Src/AX.25.c:308:29: warning: pointer targets in passing argument 2 of 'HAL_UART_Transmit' differ in signedness [-Wpointer-sign]
  HAL_UART_Transmit(&huart2, uartData, strlen(uartData), 10);
                             ^~~~~~~~
In file included from ../Core/Inc/stm32f4xx_hal_conf.h:404:0,
                 from ../Drivers/STM32F4xx_HAL_Driver/Inc/stm32f4xx_hal.h:30,
                 from ../Core/Inc/main.h:31,
                 from ../Core/Src/AX.25.h:12,
                 from ../Core/Src/AX.25.c:7:
../Drivers/STM32F4xx_HAL_Driver/Inc/stm32f4xx_hal_uart.h:696:19: note: expected 'uint8_t * {aka unsigned char *}' but argument is of type 'char *'
 HAL_StatusTypeDef HAL_UART_Transmit(UART_HandleTypeDef *huart, uint8_t *pData, uint16_t Size, uint32_t Timeout);
                   ^~~~~~~~~~~~~~~~~
../Core/Src/AX.25.c:314:30: warning: pointer targets in passing argument 2 of 'HAL_UART_Transmit' differ in signedness [-Wpointer-sign]
   HAL_UART_Transmit(&huart2, uartData, strlen(uartData), 10);
                              ^~~~~~~~
In file included from ../Core/Inc/stm32f4xx_hal_conf.h:404:0,
                 from ../Drivers/STM32F4xx_HAL_Driver/Inc/stm32f4xx_hal.h:30,
                 from ../Core/Inc/main.h:31,
                 from ../Core/Src/AX.25.h:12,
                 from ../Core/Src/AX.25.c:7:
../Drivers/STM32F4xx_HAL_Driver/Inc/stm32f4xx_hal_uart.h:696:19: note: expected 'uint8_t * {aka unsigned char *}' but argument is of type 'char *'
 HAL_StatusTypeDef HAL_UART_Transmit(UART_HandleTypeDef *huart, uint8_t *pData, uint16_t Size, uint32_t Timeout);
                   ^~~~~~~~~~~~~~~~~
../Core/Src/AX.25.c:318:31: warning: pointer targets in passing argument 2 of 'HAL_UART_Transmit' differ in signedness [-Wpointer-sign]
    HAL_UART_Transmit(&huart2, uartData, strlen(uartData), 10);
                               ^~~~~~~~
In file included from ../Core/Inc/stm32f4xx_hal_conf.h:404:0,
                 from ../Drivers/STM32F4xx_HAL_Driver/Inc/stm32f4xx_hal.h:30,
                 from ../Core/Inc/main.h:31,
                 from ../Core/Src/AX.25.h:12,
                 from ../Core/Src/AX.25.c:7:
../Drivers/STM32F4xx_HAL_Driver/Inc/stm32f4xx_hal_uart.h:696:19: note: expected 'uint8_t * {aka unsigned char *}' but argument is of type 'char *'
 HAL_StatusTypeDef HAL_UART_Transmit(UART_HandleTypeDef *huart, uint8_t *pData, uint16_t Size, uint32_t Timeout);
                   ^~~~~~~~~~~~~~~~~
../Core/Src/AX.25.c:322:30: warning: pointer targets in passing argument 2 of 'HAL_UART_Transmit' differ in signedness [-Wpointer-sign]
   HAL_UART_Transmit(&huart2, uartData, strlen(uartData), 10);
                              ^~~~~~~~
In file included from ../Core/Inc/stm32f4xx_hal_conf.h:404:0,
                 from ../Drivers/STM32F4xx_HAL_Driver/Inc/stm32f4xx_hal.h:30,
                 from ../Core/Inc/main.h:31,
                 from ../Core/Src/AX.25.h:12,
                 from ../Core/Src/AX.25.c:7:
../Drivers/STM32F4xx_HAL_Driver/Inc/stm32f4xx_hal_uart.h:696:19: note: expected 'uint8_t * {aka unsigned char *}' but argument is of type 'char *'
 HAL_StatusTypeDef HAL_UART_Transmit(UART_HandleTypeDef *huart, uint8_t *pData, uint16_t Size, uint32_t Timeout);
                   ^~~~~~~~~~~~~~~~~
../Core/Src/AX.25.c:328:29: warning: pointer targets in passing argument 2 of 'HAL_UART_Transmit' differ in signedness [-Wpointer-sign]
  HAL_UART_Transmit(&huart2, uartData, strlen(uartData), 10);
                             ^~~~~~~~
In file included from ../Core/Inc/stm32f4xx_hal_conf.h:404:0,
                 from ../Drivers/STM32F4xx_HAL_Driver/Inc/stm32f4xx_hal.h:30,
                 from ../Core/Inc/main.h:31,
                 from ../Core/Src/AX.25.h:12,
                 from ../Core/Src/AX.25.c:7:
../Drivers/STM32F4xx_HAL_Driver/Inc/stm32f4xx_hal_uart.h:696:19: note: expected 'uint8_t * {aka unsigned char *}' but argument is of type 'char *'
 HAL_StatusTypeDef HAL_UART_Transmit(UART_HandleTypeDef *huart, uint8_t *pData, uint16_t Size, uint32_t Timeout);
                   ^~~~~~~~~~~~~~~~~
../Core/Src/AX.25.c:332:30: warning: pointer targets in passing argument 2 of 'HAL_UART_Transmit' differ in signedness [-Wpointer-sign]
   HAL_UART_Transmit(&huart2, uartData, strlen(uartData), 10);
                              ^~~~~~~~
In file included from ../Core/Inc/stm32f4xx_hal_conf.h:404:0,
                 from ../Drivers/STM32F4xx_HAL_Driver/Inc/stm32f4xx_hal.h:30,
                 from ../Core/Inc/main.h:31,
                 from ../Core/Src/AX.25.h:12,
                 from ../Core/Src/AX.25.c:7:
../Drivers/STM32F4xx_HAL_Driver/Inc/stm32f4xx_hal_uart.h:696:19: note: expected 'uint8_t * {aka unsigned char *}' but argument is of type 'char *'
 HAL_StatusTypeDef HAL_UART_Transmit(UART_HandleTypeDef *huart, uint8_t *pData, uint16_t Size, uint32_t Timeout);
                   ^~~~~~~~~~~~~~~~~
../Core/Src/AX.25.c:335:29: warning: pointer targets in passing argument 2 of 'HAL_UART_Transmit' differ in signedness [-Wpointer-sign]
  HAL_UART_Transmit(&huart2, uartData, strlen(uartData), 10);
                             ^~~~~~~~
In file included from ../Core/Inc/stm32f4xx_hal_conf.h:404:0,
                 from ../Drivers/STM32F4xx_HAL_Driver/Inc/stm32f4xx_hal.h:30,
                 from ../Core/Inc/main.h:31,
                 from ../Core/Src/AX.25.h:12,
                 from ../Core/Src/AX.25.c:7:
../Drivers/STM32F4xx_HAL_Driver/Inc/stm32f4xx_hal_uart.h:696:19: note: expected 'uint8_t * {aka unsigned char *}' but argument is of type 'char *'
 HAL_StatusTypeDef HAL_UART_Transmit(UART_HandleTypeDef *huart, uint8_t *pData, uint16_t Size, uint32_t Timeout);
                   ^~~~~~~~~~~~~~~~~
../Core/Src/AX.25.c:340:29: warning: pointer targets in passing argument 2 of 'HAL_UART_Transmit' differ in signedness [-Wpointer-sign]
  HAL_UART_Transmit(&huart2, uartData, strlen(uartData), 10);
                             ^~~~~~~~
In file included from ../Core/Inc/stm32f4xx_hal_conf.h:404:0,
                 from ../Drivers/STM32F4xx_HAL_Driver/Inc/stm32f4xx_hal.h:30,
                 from ../Core/Inc/main.h:31,
                 from ../Core/Src/AX.25.h:12,
                 from ../Core/Src/AX.25.c:7:
../Drivers/STM32F4xx_HAL_Driver/Inc/stm32f4xx_hal_uart.h:696:19: note: expected 'uint8_t * {aka unsigned char *}' but argument is of type 'char *'
 HAL_StatusTypeDef HAL_UART_Transmit(UART_HandleTypeDef *huart, uint8_t *pData, uint16_t Size, uint32_t Timeout);
                   ^~~~~~~~~~~~~~~~~
../Core/Src/AX.25.c:344:30: warning: pointer targets in passing argument 2 of 'HAL_UART_Transmit' differ in signedness [-Wpointer-sign]
   HAL_UART_Transmit(&huart2, uartData, strlen(uartData), 10);
                              ^~~~~~~~
In file included from ../Core/Inc/stm32f4xx_hal_conf.h:404:0,
                 from ../Drivers/STM32F4xx_HAL_Driver/Inc/stm32f4xx_hal.h:30,
                 from ../Core/Inc/main.h:31,
                 from ../Core/Src/AX.25.h:12,
                 from ../Core/Src/AX.25.c:7:
../Drivers/STM32F4xx_HAL_Driver/Inc/stm32f4xx_hal_uart.h:696:19: note: expected 'uint8_t * {aka unsigned char *}' but argument is of type 'char *'
 HAL_StatusTypeDef HAL_UART_Transmit(UART_HandleTypeDef *huart, uint8_t *pData, uint16_t Size, uint32_t Timeout);
                   ^~~~~~~~~~~~~~~~~
../Core/Src/AX.25.c:347:29: warning: pointer targets in passing argument 2 of 'HAL_UART_Transmit' differ in signedness [-Wpointer-sign]
  HAL_UART_Transmit(&huart2, uartData, strlen(uartData), 10);
                             ^~~~~~~~
In file included from ../Core/Inc/stm32f4xx_hal_conf.h:404:0,
                 from ../Drivers/STM32F4xx_HAL_Driver/Inc/stm32f4xx_hal.h:30,
                 from ../Core/Inc/main.h:31,
                 from ../Core/Src/AX.25.h:12,
                 from ../Core/Src/AX.25.c:7:
../Drivers/STM32F4xx_HAL_Driver/Inc/stm32f4xx_hal_uart.h:696:19: note: expected 'uint8_t * {aka unsigned char *}' but argument is of type 'char *'
 HAL_StatusTypeDef HAL_UART_Transmit(UART_HandleTypeDef *huart, uint8_t *pData, uint16_t Size, uint32_t Timeout);
                   ^~~~~~~~~~~~~~~~~
../Core/Src/AX.25.c:353:30: warning: pointer targets in passing argument 2 of 'HAL_UART_Transmit' differ in signedness [-Wpointer-sign]
   HAL_UART_Transmit(&huart2, uartData, strlen(uartData), 10);
                              ^~~~~~~~
In file included from ../Core/Inc/stm32f4xx_hal_conf.h:404:0,
                 from ../Drivers/STM32F4xx_HAL_Driver/Inc/stm32f4xx_hal.h:30,
                 from ../Core/Inc/main.h:31,
                 from ../Core/Src/AX.25.h:12,
                 from ../Core/Src/AX.25.c:7:
../Drivers/STM32F4xx_HAL_Driver/Inc/stm32f4xx_hal_uart.h:696:19: note: expected 'uint8_t * {aka unsigned char *}' but argument is of type 'char *'
 HAL_StatusTypeDef HAL_UART_Transmit(UART_HandleTypeDef *huart, uint8_t *pData, uint16_t Size, uint32_t Timeout);
                   ^~~~~~~~~~~~~~~~~
../Core/Src/AX.25.c:357:31: warning: pointer targets in passing argument 2 of 'HAL_UART_Transmit' differ in signedness [-Wpointer-sign]
    HAL_UART_Transmit(&huart2, uartData, strlen(uartData), 10);
                               ^~~~~~~~
In file included from ../Core/Inc/stm32f4xx_hal_conf.h:404:0,
                 from ../Drivers/STM32F4xx_HAL_Driver/Inc/stm32f4xx_hal.h:30,
                 from ../Core/Inc/main.h:31,
                 from ../Core/Src/AX.25.h:12,
                 from ../Core/Src/AX.25.c:7:
../Drivers/STM32F4xx_HAL_Driver/Inc/stm32f4xx_hal_uart.h:696:19: note: expected 'uint8_t * {aka unsigned char *}' but argument is of type 'char *'
 HAL_StatusTypeDef HAL_UART_Transmit(UART_HandleTypeDef *huart, uint8_t *pData, uint16_t Size, uint32_t Timeout);
                   ^~~~~~~~~~~~~~~~~
../Core/Src/AX.25.c:361:30: warning: pointer targets in passing argument 2 of 'HAL_UART_Transmit' differ in signedness [-Wpointer-sign]
   HAL_UART_Transmit(&huart2, uartData, strlen(uartData), 10);
                              ^~~~~~~~
In file included from ../Core/Inc/stm32f4xx_hal_conf.h:404:0,
                 from ../Drivers/STM32F4xx_HAL_Driver/Inc/stm32f4xx_hal.h:30,
                 from ../Core/Inc/main.h:31,
                 from ../Core/Src/AX.25.h:12,
                 from ../Core/Src/AX.25.c:7:
../Drivers/STM32F4xx_HAL_Driver/Inc/stm32f4xx_hal_uart.h:696:19: note: expected 'uint8_t * {aka unsigned char *}' but argument is of type 'char *'
 HAL_StatusTypeDef HAL_UART_Transmit(UART_HandleTypeDef *huart, uint8_t *pData, uint16_t Size, uint32_t Timeout);
                   ^~~~~~~~~~~~~~~~~
../Core/Src/AX.25.c:367:29: warning: pointer targets in passing argument 2 of 'HAL_UART_Transmit' differ in signedness [-Wpointer-sign]
  HAL_UART_Transmit(&huart2, uartData, strlen(uartData), 10);
                             ^~~~~~~~
In file included from ../Core/Inc/stm32f4xx_hal_conf.h:404:0,
                 from ../Drivers/STM32F4xx_HAL_Driver/Inc/stm32f4xx_hal.h:30,
                 from ../Core/Inc/main.h:31,
                 from ../Core/Src/AX.25.h:12,
                 from ../Core/Src/AX.25.c:7:
../Drivers/STM32F4xx_HAL_Driver/Inc/stm32f4xx_hal_uart.h:696:19: note: expected 'uint8_t * {aka unsigned char *}' but argument is of type 'char *'
 HAL_StatusTypeDef HAL_UART_Transmit(UART_HandleTypeDef *huart, uint8_t *pData, uint16_t Size, uint32_t Timeout);
                   ^~~~~~~~~~~~~~~~~
../Core/Src/AX.25.c:371:30: warning: pointer targets in passing argument 2 of 'HAL_UART_Transmit' differ in signedness [-Wpointer-sign]
   HAL_UART_Transmit(&huart2, uartData, strlen(uartData), 10);
                              ^~~~~~~~
In file included from ../Core/Inc/stm32f4xx_hal_conf.h:404:0,
                 from ../Drivers/STM32F4xx_HAL_Driver/Inc/stm32f4xx_hal.h:30,
                 from ../Core/Inc/main.h:31,
                 from ../Core/Src/AX.25.h:12,
                 from ../Core/Src/AX.25.c:7:
../Drivers/STM32F4xx_HAL_Driver/Inc/stm32f4xx_hal_uart.h:696:19: note: expected 'uint8_t * {aka unsigned char *}' but argument is of type 'char *'
 HAL_StatusTypeDef HAL_UART_Transmit(UART_HandleTypeDef *huart, uint8_t *pData, uint16_t Size, uint32_t Timeout);
                   ^~~~~~~~~~~~~~~~~
../Core/Src/AX.25.c:374:29: warning: pointer targets in passing argument 2 of 'HAL_UART_Transmit' differ in signedness [-Wpointer-sign]
  HAL_UART_Transmit(&huart2, uartData, strlen(uartData), 10);
                             ^~~~~~~~
In file included from ../Core/Inc/stm32f4xx_hal_conf.h:404:0,
                 from ../Drivers/STM32F4xx_HAL_Driver/Inc/stm32f4xx_hal.h:30,
                 from ../Core/Inc/main.h:31,
                 from ../Core/Src/AX.25.h:12,
                 from ../Core/Src/AX.25.c:7:
../Drivers/STM32F4xx_HAL_Driver/Inc/stm32f4xx_hal_uart.h:696:19: note: expected 'uint8_t * {aka unsigned char *}' but argument is of type 'char *'
 HAL_StatusTypeDef HAL_UART_Transmit(UART_HandleTypeDef *huart, uint8_t *pData, uint16_t Size, uint32_t Timeout);
                   ^~~~~~~~~~~~~~~~~
../Core/Src/AX.25.c:293:6: warning: unused variable 'bytecnt' [-Wunused-variable]
  int bytecnt = local_packet->byte_cnt;
      ^~~~~~~
../Core/Src/AX.25.c: In function 'receiving_AX25':
../Core/Src/AX.25.c:410:29: warning: pointer targets in passing argument 2 of 'HAL_UART_Transmit' differ in signedness [-Wpointer-sign]
  HAL_UART_Transmit(&huart2, uartData, strlen(uartData), 10);
                             ^~~~~~~~
In file included from ../Core/Inc/stm32f4xx_hal_conf.h:404:0,
                 from ../Drivers/STM32F4xx_HAL_Driver/Inc/stm32f4xx_hal.h:30,
                 from ../Core/Inc/main.h:31,
                 from ../Core/Src/AX.25.h:12,
                 from ../Core/Src/AX.25.c:7:
../Drivers/STM32F4xx_HAL_Driver/Inc/stm32f4xx_hal_uart.h:696:19: note: expected 'uint8_t * {aka unsigned char *}' but argument is of type 'char *'
 HAL_StatusTypeDef HAL_UART_Transmit(UART_HandleTypeDef *huart, uint8_t *pData, uint16_t Size, uint32_t Timeout);
                   ^~~~~~~~~~~~~~~~~
../Core/Src/AX.25.c:443:31: warning: pointer targets in passing argument 2 of 'HAL_UART_Transmit' differ in signedness [-Wpointer-sign]
    HAL_UART_Transmit(&huart2, uartData, strlen(uartData), 10);
                               ^~~~~~~~
In file included from ../Core/Inc/stm32f4xx_hal_conf.h:404:0,
                 from ../Drivers/STM32F4xx_HAL_Driver/Inc/stm32f4xx_hal.h:30,
                 from ../Core/Inc/main.h:31,
                 from ../Core/Src/AX.25.h:12,
                 from ../Core/Src/AX.25.c:7:
../Drivers/STM32F4xx_HAL_Driver/Inc/stm32f4xx_hal_uart.h:696:19: note: expected 'uint8_t * {aka unsigned char *}' but argument is of type 'char *'
 HAL_StatusTypeDef HAL_UART_Transmit(UART_HandleTypeDef *huart, uint8_t *pData, uint16_t Size, uint32_t Timeout);
                   ^~~~~~~~~~~~~~~~~
../Core/Src/AX.25.c:450:30: warning: pointer targets in passing argument 2 of 'HAL_UART_Transmit' differ in signedness [-Wpointer-sign]
   HAL_UART_Transmit(&huart2, uartData, strlen(uartData), 10);
                              ^~~~~~~~
In file included from ../Core/Inc/stm32f4xx_hal_conf.h:404:0,
                 from ../Drivers/STM32F4xx_HAL_Driver/Inc/stm32f4xx_hal.h:30,
                 from ../Core/Inc/main.h:31,
                 from ../Core/Src/AX.25.h:12,
                 from ../Core/Src/AX.25.c:7:
../Drivers/STM32F4xx_HAL_Driver/Inc/stm32f4xx_hal_uart.h:696:19: note: expected 'uint8_t * {aka unsigned char *}' but argument is of type 'char *'
 HAL_StatusTypeDef HAL_UART_Transmit(UART_HandleTypeDef *huart, uint8_t *pData, uint16_t Size, uint32_t Timeout);
                   ^~~~~~~~~~~~~~~~~
../Core/Src/AX.25.c:457:30: warning: pointer targets in passing argument 2 of 'HAL_UART_Transmit' differ in signedness [-Wpointer-sign]
   HAL_UART_Transmit(&huart2, uartData, strlen(uartData), 10);
                              ^~~~~~~~
In file included from ../Core/Inc/stm32f4xx_hal_conf.h:404:0,
                 from ../Drivers/STM32F4xx_HAL_Driver/Inc/stm32f4xx_hal.h:30,
                 from ../Core/Inc/main.h:31,
                 from ../Core/Src/AX.25.h:12,
                 from ../Core/Src/AX.25.c:7:
../Drivers/STM32F4xx_HAL_Driver/Inc/stm32f4xx_hal_uart.h:696:19: note: expected 'uint8_t * {aka unsigned char *}' but argument is of type 'char *'
 HAL_StatusTypeDef HAL_UART_Transmit(UART_HandleTypeDef *huart, uint8_t *pData, uint16_t Size, uint32_t Timeout);
                   ^~~~~~~~~~~~~~~~~
../Core/Src/AX.25.c: In function 'AX25_Packet_Validate':
../Core/Src/AX.25.c:492:6: warning: unused variable 'fcs_val' [-Wunused-variable]
  int fcs_val = 0;
      ^~~~~~~
../Core/Src/AX.25.c:491:24: warning: unused variable 'local_packet' [-Wunused-variable]
  struct PACKET_STRUCT* local_packet = &global_packet;
                        ^~~~~~~~~~~~
../Core/Src/AX.25.c: In function 'set_packet_pointer_AX25':
../Core/Src/AX.25.c:519:29: warning: pointer targets in passing argument 2 of 'HAL_UART_Transmit' differ in signedness [-Wpointer-sign]
  HAL_UART_Transmit(&huart2, uartData, strlen(uartData), 10);
                             ^~~~~~~~
In file included from ../Core/Inc/stm32f4xx_hal_conf.h:404:0,
                 from ../Drivers/STM32F4xx_HAL_Driver/Inc/stm32f4xx_hal.h:30,
                 from ../Core/Inc/main.h:31,
                 from ../Core/Src/AX.25.h:12,
                 from ../Core/Src/AX.25.c:7:
../Drivers/STM32F4xx_HAL_Driver/Inc/stm32f4xx_hal_uart.h:696:19: note: expected 'uint8_t * {aka unsigned char *}' but argument is of type 'char *'
 HAL_StatusTypeDef HAL_UART_Transmit(UART_HandleTypeDef *huart, uint8_t *pData, uint16_t Size, uint32_t Timeout);
                   ^~~~~~~~~~~~~~~~~
../Core/Src/AX.25.c:520:19: warning: initialization from incompatible pointer type [-Wincompatible-pointer-types]
  bool *curr_mem = &local_packet->AX25_PACKET;
                   ^
../Core/Src/AX.25.c:523:29: warning: pointer targets in passing argument 2 of 'HAL_UART_Transmit' differ in signedness [-Wpointer-sign]
  HAL_UART_Transmit(&huart2, uartData, strlen(uartData), 10);
                             ^~~~~~~~
In file included from ../Core/Inc/stm32f4xx_hal_conf.h:404:0,
                 from ../Drivers/STM32F4xx_HAL_Driver/Inc/stm32f4xx_hal.h:30,
                 from ../Core/Inc/main.h:31,
                 from ../Core/Src/AX.25.h:12,
                 from ../Core/Src/AX.25.c:7:
../Drivers/STM32F4xx_HAL_Driver/Inc/stm32f4xx_hal_uart.h:696:19: note: expected 'uint8_t * {aka unsigned char *}' but argument is of type 'char *'
 HAL_StatusTypeDef HAL_UART_Transmit(UART_HandleTypeDef *huart, uint8_t *pData, uint16_t Size, uint32_t Timeout);
                   ^~~~~~~~~~~~~~~~~
../Core/Src/AX.25.c:529:29: warning: pointer targets in passing argument 2 of 'HAL_UART_Transmit' differ in signedness [-Wpointer-sign]
  HAL_UART_Transmit(&huart2, uartData, strlen(uartData), 10);
                             ^~~~~~~~
In file included from ../Core/Inc/stm32f4xx_hal_conf.h:404:0,
                 from ../Drivers/STM32F4xx_HAL_Driver/Inc/stm32f4xx_hal.h:30,
                 from ../Core/Inc/main.h:31,
                 from ../Core/Src/AX.25.h:12,
                 from ../Core/Src/AX.25.c:7:
../Drivers/STM32F4xx_HAL_Driver/Inc/stm32f4xx_hal_uart.h:696:19: note: expected 'uint8_t * {aka unsigned char *}' but argument is of type 'char *'
 HAL_StatusTypeDef HAL_UART_Transmit(UART_HandleTypeDef *huart, uint8_t *pData, uint16_t Size, uint32_t Timeout);
                   ^~~~~~~~~~~~~~~~~
../Core/Src/AX.25.c:535:29: warning: pointer targets in passing argument 2 of 'HAL_UART_Transmit' differ in signedness [-Wpointer-sign]
  HAL_UART_Transmit(&huart2, uartData, strlen(uartData), 10);
                             ^~~~~~~~
In file included from ../Core/Inc/stm32f4xx_hal_conf.h:404:0,
                 from ../Drivers/STM32F4xx_HAL_Driver/Inc/stm32f4xx_hal.h:30,
                 from ../Core/Inc/main.h:31,
                 from ../Core/Src/AX.25.h:12,
                 from ../Core/Src/AX.25.c:7:
../Drivers/STM32F4xx_HAL_Driver/Inc/stm32f4xx_hal_uart.h:696:19: note: expected 'uint8_t * {aka unsigned char *}' but argument is of type 'char *'
 HAL_StatusTypeDef HAL_UART_Transmit(UART_HandleTypeDef *huart, uint8_t *pData, uint16_t Size, uint32_t Timeout);
                   ^~~~~~~~~~~~~~~~~
../Core/Src/AX.25.c:541:29: warning: pointer targets in passing argument 2 of 'HAL_UART_Transmit' differ in signedness [-Wpointer-sign]
  HAL_UART_Transmit(&huart2, uartData, strlen(uartData), 10);
                             ^~~~~~~~
In file included from ../Core/Inc/stm32f4xx_hal_conf.h:404:0,
                 from ../Drivers/STM32F4xx_HAL_Driver/Inc/stm32f4xx_hal.h:30,
                 from ../Core/Inc/main.h:31,
                 from ../Core/Src/AX.25.h:12,
                 from ../Core/Src/AX.25.c:7:
../Drivers/STM32F4xx_HAL_Driver/Inc/stm32f4xx_hal_uart.h:696:19: note: expected 'uint8_t * {aka unsigned char *}' but argument is of type 'char *'
 HAL_StatusTypeDef HAL_UART_Transmit(UART_HandleTypeDef *huart, uint8_t *pData, uint16_t Size, uint32_t Timeout);
                   ^~~~~~~~~~~~~~~~~
../Core/Src/AX.25.c:546:29: warning: pointer targets in passing argument 2 of 'HAL_UART_Transmit' differ in signedness [-Wpointer-sign]
  HAL_UART_Transmit(&huart2, uartData, strlen(uartData), 10);
                             ^~~~~~~~
In file included from ../Core/Inc/stm32f4xx_hal_conf.h:404:0,
                 from ../Drivers/STM32F4xx_HAL_Driver/Inc/stm32f4xx_hal.h:30,
                 from ../Core/Inc/main.h:31,
                 from ../Core/Src/AX.25.h:12,
                 from ../Core/Src/AX.25.c:7:
../Drivers/STM32F4xx_HAL_Driver/Inc/stm32f4xx_hal_uart.h:696:19: note: expected 'uint8_t * {aka unsigned char *}' but argument is of type 'char *'
 HAL_StatusTypeDef HAL_UART_Transmit(UART_HandleTypeDef *huart, uint8_t *pData, uint16_t Size, uint32_t Timeout);
                   ^~~~~~~~~~~~~~~~~
../Core/Src/AX.25.c: In function 'AX25_TO_KISS':
../Core/Src/AX.25.c:587:9: warning: 'return' with a value, in function returning void
  return true; //valid packet
         ^~~~
../Core/Src/AX.25.c:550:6: note: declared here
 void AX25_TO_KISS(){
      ^~~~~~~~~~~~
../Core/Src/AX.25.c: In function 'receiving_KISS':
../Core/Src/AX.25.c:601:30: warning: pointer targets in passing argument 2 of 'HAL_UART_Transmit' differ in signedness [-Wpointer-sign]
   HAL_UART_Transmit(&huart2, uartData, strlen(uartData), 10);
                              ^~~~~~~~
In file included from ../Core/Inc/stm32f4xx_hal_conf.h:404:0,
                 from ../Drivers/STM32F4xx_HAL_Driver/Inc/stm32f4xx_hal.h:30,
                 from ../Core/Inc/main.h:31,
                 from ../Core/Src/AX.25.h:12,
                 from ../Core/Src/AX.25.c:7:
../Drivers/STM32F4xx_HAL_Driver/Inc/stm32f4xx_hal_uart.h:696:19: note: expected 'uint8_t * {aka unsigned char *}' but argument is of type 'char *'
 HAL_StatusTypeDef HAL_UART_Transmit(UART_HandleTypeDef *huart, uint8_t *pData, uint16_t Size, uint32_t Timeout);
                   ^~~~~~~~~~~~~~~~~
../Core/Src/AX.25.c: In function 'set_packet_pointer_KISS':
../Core/Src/AX.25.c:631:29: warning: pointer targets in passing argument 2 of 'HAL_UART_Transmit' differ in signedness [-Wpointer-sign]
  HAL_UART_Transmit(&huart2, uartData, strlen(uartData), 10);
                             ^~~~~~~~
In file included from ../Core/Inc/stm32f4xx_hal_conf.h:404:0,
                 from ../Drivers/STM32F4xx_HAL_Driver/Inc/stm32f4xx_hal.h:30,
                 from ../Core/Inc/main.h:31,
                 from ../Core/Src/AX.25.h:12,
                 from ../Core/Src/AX.25.c:7:
../Drivers/STM32F4xx_HAL_Driver/Inc/stm32f4xx_hal_uart.h:696:19: note: expected 'uint8_t * {aka unsigned char *}' but argument is of type 'char *'
 HAL_StatusTypeDef HAL_UART_Transmit(UART_HandleTypeDef *huart, uint8_t *pData, uint16_t Size, uint32_t Timeout);
                   ^~~~~~~~~~~~~~~~~
../Core/Src/AX.25.c:636:29: warning: pointer targets in passing argument 2 of 'HAL_UART_Transmit' differ in signedness [-Wpointer-sign]
  HAL_UART_Transmit(&huart2, uartData, strlen(uartData), 10);
                             ^~~~~~~~
In file included from ../Core/Inc/stm32f4xx_hal_conf.h:404:0,
                 from ../Drivers/STM32F4xx_HAL_Driver/Inc/stm32f4xx_hal.h:30,
                 from ../Core/Inc/main.h:31,
                 from ../Core/Src/AX.25.h:12,
                 from ../Core/Src/AX.25.c:7:
../Drivers/STM32F4xx_HAL_Driver/Inc/stm32f4xx_hal_uart.h:696:19: note: expected 'uint8_t * {aka unsigned char *}' but argument is of type 'char *'
 HAL_StatusTypeDef HAL_UART_Transmit(UART_HandleTypeDef *huart, uint8_t *pData, uint16_t Size, uint32_t Timeout);
                   ^~~~~~~~~~~~~~~~~
../Core/Src/AX.25.c:641:29: warning: pointer targets in passing argument 2 of 'HAL_UART_Transmit' differ in signedness [-Wpointer-sign]
  HAL_UART_Transmit(&huart2, uartData, strlen(uartData), 10);
                             ^~~~~~~~
In file included from ../Core/Inc/stm32f4xx_hal_conf.h:404:0,
                 from ../Drivers/STM32F4xx_HAL_Driver/Inc/stm32f4xx_hal.h:30,
                 from ../Core/Inc/main.h:31,
                 from ../Core/Src/AX.25.h:12,
                 from ../Core/Src/AX.25.c:7:
../Drivers/STM32F4xx_HAL_Driver/Inc/stm32f4xx_hal_uart.h:696:19: note: expected 'uint8_t * {aka unsigned char *}' but argument is of type 'char *'
 HAL_StatusTypeDef HAL_UART_Transmit(UART_HandleTypeDef *huart, uint8_t *pData, uint16_t Size, uint32_t Timeout);
                   ^~~~~~~~~~~~~~~~~
../Core/Src/AX.25.c:646:29: warning: pointer targets in passing argument 2 of 'HAL_UART_Transmit' differ in signedness [-Wpointer-sign]
  HAL_UART_Transmit(&huart2, uartData, strlen(uartData), 10);
                             ^~~~~~~~
In file included from ../Core/Inc/stm32f4xx_hal_conf.h:404:0,
                 from ../Drivers/STM32F4xx_HAL_Driver/Inc/stm32f4xx_hal.h:30,
                 from ../Core/Inc/main.h:31,
                 from ../Core/Src/AX.25.h:12,
                 from ../Core/Src/AX.25.c:7:
../Drivers/STM32F4xx_HAL_Driver/Inc/stm32f4xx_hal_uart.h:696:19: note: expected 'uint8_t * {aka unsigned char *}' but argument is of type 'char *'
 HAL_StatusTypeDef HAL_UART_Transmit(UART_HandleTypeDef *huart, uint8_t *pData, uint16_t Size, uint32_t Timeout);
                   ^~~~~~~~~~~~~~~~~
../Core/Src/AX.25.c:651:29: warning: pointer targets in passing argument 2 of 'HAL_UART_Transmit' differ in signedness [-Wpointer-sign]
  HAL_UART_Transmit(&huart2, uartData, strlen(uartData), 10);
                             ^~~~~~~~
In file included from ../Core/Inc/stm32f4xx_hal_conf.h:404:0,
                 from ../Drivers/STM32F4xx_HAL_Driver/Inc/stm32f4xx_hal.h:30,
                 from ../Core/Inc/main.h:31,
                 from ../Core/Src/AX.25.h:12,
                 from ../Core/Src/AX.25.c:7:
../Drivers/STM32F4xx_HAL_Driver/Inc/stm32f4xx_hal_uart.h:696:19: note: expected 'uint8_t * {aka unsigned char *}' but argument is of type 'char *'
 HAL_StatusTypeDef HAL_UART_Transmit(UART_HandleTypeDef *huart, uint8_t *pData, uint16_t Size, uint32_t Timeout);
                   ^~~~~~~~~~~~~~~~~
../Core/Src/AX.25.c: In function 'crc_calc':
../Core/Src/AX.25.c:769:37: warning: pointer targets in passing argument 2 of 'HAL_UART_Transmit' differ in signedness [-Wpointer-sign]
          HAL_UART_Transmit(&huart2, uartData, strlen(uartData), 10);
                                     ^~~~~~~~
In file included from ../Core/Inc/stm32f4xx_hal_conf.h:404:0,
                 from ../Drivers/STM32F4xx_HAL_Driver/Inc/stm32f4xx_hal.h:30,
                 from ../Core/Inc/main.h:31,
                 from ../Core/Src/AX.25.h:12,
                 from ../Core/Src/AX.25.c:7:
../Drivers/STM32F4xx_HAL_Driver/Inc/stm32f4xx_hal_uart.h:696:19: note: expected 'uint8_t * {aka unsigned char *}' but argument is of type 'char *'
 HAL_StatusTypeDef HAL_UART_Transmit(UART_HandleTypeDef *huart, uint8_t *pData, uint16_t Size, uint32_t Timeout);
                   ^~~~~~~~~~~~~~~~~
../Core/Src/AX.25.c: In function 'crc_generate':
../Core/Src/AX.25.c:790:29: warning: pointer targets in passing argument 2 of 'HAL_UART_Transmit' differ in signedness [-Wpointer-sign]
  HAL_UART_Transmit(&huart2, uartData, strlen(uartData), 10);
                             ^~~~~~~~
In file included from ../Core/Inc/stm32f4xx_hal_conf.h:404:0,
                 from ../Drivers/STM32F4xx_HAL_Driver/Inc/stm32f4xx_hal.h:30,
                 from ../Core/Inc/main.h:31,
                 from ../Core/Src/AX.25.h:12,
                 from ../Core/Src/AX.25.c:7:
../Drivers/STM32F4xx_HAL_Driver/Inc/stm32f4xx_hal_uart.h:696:19: note: expected 'uint8_t * {aka unsigned char *}' but argument is of type 'char *'
 HAL_StatusTypeDef HAL_UART_Transmit(UART_HandleTypeDef *huart, uint8_t *pData, uint16_t Size, uint32_t Timeout);
                   ^~~~~~~~~~~~~~~~~
../Core/Src/AX.25.c:794:43: warning: passing argument 2 of 'crc_calc' from incompatible pointer type [-Wincompatible-pointer-types]
   crc_calc((int)((local_packet->Info)[i]),crc_ptr,crc_count_ptr);
                                           ^~~~~~~
../Core/Src/AX.25.c:753:6: note: expected 'int *' but argument is of type 'uint16_t * {aka short unsigned int *}'
 void crc_calc(int in_bit, int * crc_ptr_in, int * crc_count_ptr_in){
      ^~~~~~~~
../Core/Src/AX.25.c:801:42: warning: passing argument 2 of 'crc_calc' from incompatible pointer type [-Wincompatible-pointer-types]
   crc_calc((int)((local_packet->PID)[i]),crc_ptr,crc_count_ptr);
                                          ^~~~~~~
../Core/Src/AX.25.c:753:6: note: expected 'int *' but argument is of type 'uint16_t * {aka short unsigned int *}'
 void crc_calc(int in_bit, int * crc_ptr_in, int * crc_count_ptr_in){
      ^~~~~~~~
../Core/Src/AX.25.c:808:46: warning: passing argument 2 of 'crc_calc' from incompatible pointer type [-Wincompatible-pointer-types]
   crc_calc((int)((local_packet->control)[i]),crc_ptr,crc_count_ptr);
                                              ^~~~~~~
../Core/Src/AX.25.c:753:6: note: expected 'int *' but argument is of type 'uint16_t * {aka short unsigned int *}'
 void crc_calc(int in_bit, int * crc_ptr_in, int * crc_count_ptr_in){
      ^~~~~~~~
../Core/Src/AX.25.c:814:46: warning: passing argument 2 of 'crc_calc' from incompatible pointer type [-Wincompatible-pointer-types]
   crc_calc((int)((local_packet->address)[i]),crc_ptr,crc_count_ptr);
                                              ^~~~~~~
../Core/Src/AX.25.c:753:6: note: expected 'int *' but argument is of type 'uint16_t * {aka short unsigned int *}'
 void crc_calc(int in_bit, int * crc_ptr_in, int * crc_count_ptr_in){
      ^~~~~~~~
../Core/Src/AX.25.c:817:29: warning: pointer targets in passing argument 2 of 'HAL_UART_Transmit' differ in signedness [-Wpointer-sign]
  HAL_UART_Transmit(&huart2, uartData, strlen(uartData), 10);
                             ^~~~~~~~
In file included from ../Core/Inc/stm32f4xx_hal_conf.h:404:0,
                 from ../Drivers/STM32F4xx_HAL_Driver/Inc/stm32f4xx_hal.h:30,
                 from ../Core/Inc/main.h:31,
                 from ../Core/Src/AX.25.h:12,
                 from ../Core/Src/AX.25.c:7:
../Drivers/STM32F4xx_HAL_Driver/Inc/stm32f4xx_hal_uart.h:696:19: note: expected 'uint8_t * {aka unsigned char *}' but argument is of type 'char *'
 HAL_StatusTypeDef HAL_UART_Transmit(UART_HandleTypeDef *huart, uint8_t *pData, uint16_t Size, uint32_t Timeout);
                   ^~~~~~~~~~~~~~~~~
../Core/Src/AX.25.c:820:29: warning: pointer targets in passing argument 2 of 'HAL_UART_Transmit' differ in signedness [-Wpointer-sign]
  HAL_UART_Transmit(&huart2, uartData, strlen(uartData), 10);
                             ^~~~~~~~
In file included from ../Core/Inc/stm32f4xx_hal_conf.h:404:0,
                 from ../Drivers/STM32F4xx_HAL_Driver/Inc/stm32f4xx_hal.h:30,
                 from ../Core/Inc/main.h:31,
                 from ../Core/Src/AX.25.h:12,
                 from ../Core/Src/AX.25.c:7:
../Drivers/STM32F4xx_HAL_Driver/Inc/stm32f4xx_hal_uart.h:696:19: note: expected 'uint8_t * {aka unsigned char *}' but argument is of type 'char *'
 HAL_StatusTypeDef HAL_UART_Transmit(UART_HandleTypeDef *huart, uint8_t *pData, uint16_t Size, uint32_t Timeout);
                   ^~~~~~~~~~~~~~~~~
../Core/Src/AX.25.c: In function 'receiving_AX25':
../Core/Src/AX.25.c:460:1: warning: control reaches end of non-void function [-Wreturn-type]
 }
 ^
arm-none-eabi-gcc -o "DAC_SINEWAVE.elf" @"objects.list"   -mcpu=cortex-m4 -T"C:\GitHub\TNCMCU\Software\Code Playground\DAC_SINEWAVE\STM32F446RETX_FLASH.ld" --specs=nosys.specs -Wl,-Map="DAC_SINEWAVE.map" -Wl,--gc-sections -static --specs=nano.specs -mfpu=fpv4-sp-d16 -mfloat-abi=hard -mthumb -Wl,--start-group -lc -lm -Wl,--end-group
Finished building target: DAC_SINEWAVE.elf
 
arm-none-eabi-objdump -h -S  DAC_SINEWAVE.elf  > "DAC_SINEWAVE.list"
arm-none-eabi-objcopy  -O binary  DAC_SINEWAVE.elf  "DAC_SINEWAVE.bin"
arm-none-eabi-size   DAC_SINEWAVE.elf 
   text	   data	    bss	    dec	    hex	filename
  27924	   2536	  20272	  50732	   c62c	DAC_SINEWAVE.elf
Finished building: default.size.stdout
 
Finished building: DAC_SINEWAVE.bin
 
Finished building: DAC_SINEWAVE.list
 

18:25:03 Build Finished. 0 errors, 78 warnings. (took 916ms)

