16:46:20 **** Incremental Build of configuration Debug for project DAC_SINEWAVE ****
make -j8 all 
arm-none-eabi-gcc "../Core/Src/FreqIO.c" -mcpu=cortex-m4 -std=gnu11 -g3 -DUSE_HAL_DRIVER -DSTM32F446xx -DDEBUG -c -I../Drivers/CMSIS/Include -I../Drivers/STM32F4xx_HAL_Driver/Inc -I../Core/Inc -I../Drivers/CMSIS/Device/ST/STM32F4xx/Include -I../Drivers/STM32F4xx_HAL_Driver/Inc/Legacy -O0 -ffunction-sections -fdata-sections -Wall -fstack-usage -MMD -MP -MF"Core/Src/FreqIO.d" -MT"Core/Src/FreqIO.o" --specs=nano.specs -mfpu=fpv4-sp-d16 -mfloat-abi=hard -mthumb -o "Core/Src/FreqIO.o"
../Core/Src/FreqIO.c: In function 'loadByte':
../Core/Src/FreqIO.c:251:29: warning: pointer targets in passing argument 2 of 'HAL_UART_Transmit' differ in signedness [-Wpointer-sign]
  HAL_UART_Transmit(&huart2, uartData, strlen(uartData), 10);
                             ^~~~~~~~
In file included from ../Core/Inc/stm32f4xx_hal_conf.h:364:0,
                 from ../Drivers/STM32F4xx_HAL_Driver/Inc/stm32f4xx_hal.h:30,
                 from ../Core/Inc/main.h:31,
                 from ../Core/Src/FreqIO.h:12,
                 from ../Core/Src/FreqIO.c:7:
../Drivers/STM32F4xx_HAL_Driver/Inc/stm32f4xx_hal_uart.h:696:19: note: expected 'uint8_t * {aka unsigned char *}' but argument is of type 'char *'
 HAL_StatusTypeDef HAL_UART_Transmit(UART_HandleTypeDef *huart, uint8_t *pData, uint16_t Size, uint32_t Timeout);
                   ^~~~~~~~~~~~~~~~~
../Core/Src/FreqIO.c: In function 'streamCheck':
../Core/Src/FreqIO.c:289:31: warning: pointer targets in passing argument 2 of 'HAL_UART_Transmit' differ in signedness [-Wpointer-sign]
    HAL_UART_Transmit(&huart2, uartData, strlen(uartData), 10);
                               ^~~~~~~~
In file included from ../Core/Inc/stm32f4xx_hal_conf.h:364:0,
                 from ../Drivers/STM32F4xx_HAL_Driver/Inc/stm32f4xx_hal.h:30,
                 from ../Core/Inc/main.h:31,
                 from ../Core/Src/FreqIO.h:12,
                 from ../Core/Src/FreqIO.c:7:
../Drivers/STM32F4xx_HAL_Driver/Inc/stm32f4xx_hal_uart.h:696:19: note: expected 'uint8_t * {aka unsigned char *}' but argument is of type 'char *'
 HAL_StatusTypeDef HAL_UART_Transmit(UART_HandleTypeDef *huart, uint8_t *pData, uint16_t Size, uint32_t Timeout);
                   ^~~~~~~~~~~~~~~~~
../Core/Src/FreqIO.c:296:32: warning: pointer targets in passing argument 2 of 'HAL_UART_Transmit' differ in signedness [-Wpointer-sign]
     HAL_UART_Transmit(&huart2, uartData, strlen(uartData), 10);
                                ^~~~~~~~
In file included from ../Core/Inc/stm32f4xx_hal_conf.h:364:0,
                 from ../Drivers/STM32F4xx_HAL_Driver/Inc/stm32f4xx_hal.h:30,
                 from ../Core/Inc/main.h:31,
                 from ../Core/Src/FreqIO.h:12,
                 from ../Core/Src/FreqIO.c:7:
../Drivers/STM32F4xx_HAL_Driver/Inc/stm32f4xx_hal_uart.h:696:19: note: expected 'uint8_t * {aka unsigned char *}' but argument is of type 'char *'
 HAL_StatusTypeDef HAL_UART_Transmit(UART_HandleTypeDef *huart, uint8_t *pData, uint16_t Size, uint32_t Timeout);
                   ^~~~~~~~~~~~~~~~~
../Core/Src/FreqIO.c:312:31: warning: pointer targets in passing argument 2 of 'HAL_UART_Transmit' differ in signedness [-Wpointer-sign]
    HAL_UART_Transmit(&huart2, uartData, strlen(uartData), 10);
                               ^~~~~~~~
In file included from ../Core/Inc/stm32f4xx_hal_conf.h:364:0,
                 from ../Drivers/STM32F4xx_HAL_Driver/Inc/stm32f4xx_hal.h:30,
                 from ../Core/Inc/main.h:31,
                 from ../Core/Src/FreqIO.h:12,
                 from ../Core/Src/FreqIO.c:7:
../Drivers/STM32F4xx_HAL_Driver/Inc/stm32f4xx_hal_uart.h:696:19: note: expected 'uint8_t * {aka unsigned char *}' but argument is of type 'char *'
 HAL_StatusTypeDef HAL_UART_Transmit(UART_HandleTypeDef *huart, uint8_t *pData, uint16_t Size, uint32_t Timeout);
                   ^~~~~~~~~~~~~~~~~
../Core/Src/FreqIO.c:316:5: warning: the address of 'toggleMode' will always evaluate as 'true' [-Waddress]
  if(toggleMode)
     ^~~~~~~~~~
arm-none-eabi-gcc -o "DAC_SINEWAVE.elf" @"objects.list"   -mcpu=cortex-m4 -T"C:\GitHub\TNCMCU\Software\Code Playground\DAC_SINEWAVE\STM32F446RETX_FLASH.ld" --specs=nosys.specs -Wl,-Map="DAC_SINEWAVE.map" -Wl,--gc-sections -static --specs=nano.specs -mfpu=fpv4-sp-d16 -mfloat-abi=hard -mthumb -Wl,--start-group -lc -lm -Wl,--end-group
Finished building target: DAC_SINEWAVE.elf
 
arm-none-eabi-objdump -h -S  DAC_SINEWAVE.elf  > "DAC_SINEWAVE.list"
arm-none-eabi-objcopy  -O binary  DAC_SINEWAVE.elf  "DAC_SINEWAVE.bin"
arm-none-eabi-size   DAC_SINEWAVE.elf 
   text	   data	    bss	    dec	    hex	filename
  27008	    156	  14132	  41296	   a150	DAC_SINEWAVE.elf
Finished building: default.size.stdout
 
Finished building: DAC_SINEWAVE.bin
 
Finished building: DAC_SINEWAVE.list
 

16:46:22 Build Finished. 0 errors, 5 warnings. (took 1s.619ms)

