19:26:12 **** Incremental Build of configuration Debug for project CAPE-Interface ****
make -j8 all 
arm-none-eabi-size   CAPE-Interface.elf 
   text	   data	    bss	    dec	    hex	filename
   9660	     20	   1700	  11380	   2c74	CAPE-Interface.elf
Finished building: default.size.stdout
 
19:26:16 **** Incremental Build of configuration Debug for project CAPE-Interface ****
make -j8 all 
arm-none-eabi-size   CAPE-Interface.elf 
   text	   data	    bss	    dec	    hex	filename
   9660	     20	   1700	  11380	   2c74	CAPE-Interface.elf
Finished building: default.size.stdout
 
