17:08:20 **** Incremental Build of configuration Debug for project DAC_SINEWAVE ****
make -j8 all 
arm-none-eabi-gcc "../Core/Src/FreqIO.c" -mcpu=cortex-m4 -std=gnu11 -g3 -DUSE_HAL_DRIVER -DSTM32F446xx -DDEBUG -c -I../Core/Inc -I../Drivers/STM32F4xx_HAL_Driver/Inc -I../Drivers/STM32F4xx_HAL_Driver/Inc/Legacy -I../Drivers/CMSIS/Device/ST/STM32F4xx/Include -I../Drivers/CMSIS/Include -O0 -ffunction-sections -fdata-sections -Wall -fstack-usage -MMD -MP -MF"Core/Src/FreqIO.d" -MT"Core/Src/FreqIO.o" --specs=nano.specs -mfpu=fpv4-sp-d16 -mfloat-abi=hard -mthumb -o "Core/Src/FreqIO.o"
../Core/Src/FreqIO.c:189:18: warning: excess elements in array initializer
   1877,1919,1962,2005,2048
                  ^~~~
../Core/Src/FreqIO.c:189:18: note: (near initialization for 'wave')
../Core/Src/FreqIO.c:189:23: warning: excess elements in array initializer
   1877,1919,1962,2005,2048
                       ^~~~
../Core/Src/FreqIO.c:189:23: note: (near initialization for 'wave')
../Core/Src/FreqIO.c: In function 'edit_sineval':
../Core/Src/FreqIO.c:201:38: warning: format '%d' expects argument of type 'int', but argument 4 has type 'uint32_t {aka long unsigned int}' [-Wformat=]
   sprintf(uartData, "sinArray[%d] = %d\n",i,sinArray[i]);
                                     ~^      ~~~~~~~~~~~
                                     %ld
../Core/Src/FreqIO.c:202:30: warning: pointer targets in passing argument 2 of 'HAL_UART_Transmit' differ in signedness [-Wpointer-sign]
   HAL_UART_Transmit(&huart2, uartData, strlen(uartData), 10);
                              ^~~~~~~~
In file included from ../Core/Inc/stm32f4xx_hal_conf.h:404:0,
                 from ../Drivers/STM32F4xx_HAL_Driver/Inc/stm32f4xx_hal.h:30,
                 from ../Core/Inc/main.h:31,
                 from ../Core/Src/FreqIO.h:12,
                 from ../Core/Src/FreqIO.c:7:
../Drivers/STM32F4xx_HAL_Driver/Inc/stm32f4xx_hal_uart.h:696:19: note: expected 'uint8_t * {aka unsigned char *}' but argument is of type 'char *'
 HAL_StatusTypeDef HAL_UART_Transmit(UART_HandleTypeDef *huart, uint8_t *pData, uint16_t Size, uint32_t Timeout);
                   ^~~~~~~~~~~~~~~~~
../Core/Src/FreqIO.c: In function 'pertobit':
../Core/Src/FreqIO.c:282:29: warning: pointer targets in passing argument 2 of 'HAL_UART_Transmit' differ in signedness [-Wpointer-sign]
  HAL_UART_Transmit(&huart2, uartData, strlen(uartData), 10);
                             ^~~~~~~~
In file included from ../Core/Inc/stm32f4xx_hal_conf.h:404:0,
                 from ../Drivers/STM32F4xx_HAL_Driver/Inc/stm32f4xx_hal.h:30,
                 from ../Core/Inc/main.h:31,
                 from ../Core/Src/FreqIO.h:12,
                 from ../Core/Src/FreqIO.c:7:
../Drivers/STM32F4xx_HAL_Driver/Inc/stm32f4xx_hal_uart.h:696:19: note: expected 'uint8_t * {aka unsigned char *}' but argument is of type 'char *'
 HAL_StatusTypeDef HAL_UART_Transmit(UART_HandleTypeDef *huart, uint8_t *pData, uint16_t Size, uint32_t Timeout);
                   ^~~~~~~~~~~~~~~~~
../Core/Src/FreqIO.c: In function 'loadBit':
../Core/Src/FreqIO.c:297:7: warning: variable 'goodbit' set but not used [-Wunused-but-set-variable]
  bool goodbit = false;
       ^~~~~~~
../Core/Src/FreqIO.c: In function 'loadOctet':
../Core/Src/FreqIO.c:353:30: warning: pointer targets in passing argument 2 of 'HAL_UART_Transmit' differ in signedness [-Wpointer-sign]
   HAL_UART_Transmit(&huart2, uartData, strlen(uartData), 10);
                              ^~~~~~~~
In file included from ../Core/Inc/stm32f4xx_hal_conf.h:404:0,
                 from ../Drivers/STM32F4xx_HAL_Driver/Inc/stm32f4xx_hal.h:30,
                 from ../Core/Inc/main.h:31,
                 from ../Core/Src/FreqIO.h:12,
                 from ../Core/Src/FreqIO.c:7:
../Drivers/STM32F4xx_HAL_Driver/Inc/stm32f4xx_hal_uart.h:696:19: note: expected 'uint8_t * {aka unsigned char *}' but argument is of type 'char *'
 HAL_StatusTypeDef HAL_UART_Transmit(UART_HandleTypeDef *huart, uint8_t *pData, uint16_t Size, uint32_t Timeout);
                   ^~~~~~~~~~~~~~~~~
../Core/Src/FreqIO.c:357:34: warning: pointer targets in passing argument 2 of 'HAL_UART_Transmit' differ in signedness [-Wpointer-sign]
       HAL_UART_Transmit(&huart2, uartData, strlen(uartData), 10);
                                  ^~~~~~~~
In file included from ../Core/Inc/stm32f4xx_hal_conf.h:404:0,
                 from ../Drivers/STM32F4xx_HAL_Driver/Inc/stm32f4xx_hal.h:30,
                 from ../Core/Inc/main.h:31,
                 from ../Core/Src/FreqIO.h:12,
                 from ../Core/Src/FreqIO.c:7:
../Drivers/STM32F4xx_HAL_Driver/Inc/stm32f4xx_hal_uart.h:696:19: note: expected 'uint8_t * {aka unsigned char *}' but argument is of type 'char *'
 HAL_StatusTypeDef HAL_UART_Transmit(UART_HandleTypeDef *huart, uint8_t *pData, uint16_t Size, uint32_t Timeout);
                   ^~~~~~~~~~~~~~~~~
../Core/Src/FreqIO.c:368:30: warning: pointer targets in passing argument 2 of 'HAL_UART_Transmit' differ in signedness [-Wpointer-sign]
   HAL_UART_Transmit(&huart2, uartData, strlen(uartData), 10);
                              ^~~~~~~~
In file included from ../Core/Inc/stm32f4xx_hal_conf.h:404:0,
                 from ../Drivers/STM32F4xx_HAL_Driver/Inc/stm32f4xx_hal.h:30,
                 from ../Core/Inc/main.h:31,
                 from ../Core/Src/FreqIO.h:12,
                 from ../Core/Src/FreqIO.c:7:
../Drivers/STM32F4xx_HAL_Driver/Inc/stm32f4xx_hal_uart.h:696:19: note: expected 'uint8_t * {aka unsigned char *}' but argument is of type 'char *'
 HAL_StatusTypeDef HAL_UART_Transmit(UART_HandleTypeDef *huart, uint8_t *pData, uint16_t Size, uint32_t Timeout);
                   ^~~~~~~~~~~~~~~~~
../Core/Src/FreqIO.c:374:31: warning: pointer targets in passing argument 2 of 'HAL_UART_Transmit' differ in signedness [-Wpointer-sign]
    HAL_UART_Transmit(&huart2, uartData, strlen(uartData), 10);
                               ^~~~~~~~
In file included from ../Core/Inc/stm32f4xx_hal_conf.h:404:0,
                 from ../Drivers/STM32F4xx_HAL_Driver/Inc/stm32f4xx_hal.h:30,
                 from ../Core/Inc/main.h:31,
                 from ../Core/Src/FreqIO.h:12,
                 from ../Core/Src/FreqIO.c:7:
../Drivers/STM32F4xx_HAL_Driver/Inc/stm32f4xx_hal_uart.h:696:19: note: expected 'uint8_t * {aka unsigned char *}' but argument is of type 'char *'
 HAL_StatusTypeDef HAL_UART_Transmit(UART_HandleTypeDef *huart, uint8_t *pData, uint16_t Size, uint32_t Timeout);
                   ^~~~~~~~~~~~~~~~~
../Core/Src/FreqIO.c:377:30: warning: pointer targets in passing argument 2 of 'HAL_UART_Transmit' differ in signedness [-Wpointer-sign]
   HAL_UART_Transmit(&huart2, uartData, strlen(uartData), 10);
                              ^~~~~~~~
In file included from ../Core/Inc/stm32f4xx_hal_conf.h:404:0,
                 from ../Drivers/STM32F4xx_HAL_Driver/Inc/stm32f4xx_hal.h:30,
                 from ../Core/Inc/main.h:31,
                 from ../Core/Src/FreqIO.h:12,
                 from ../Core/Src/FreqIO.c:7:
../Drivers/STM32F4xx_HAL_Driver/Inc/stm32f4xx_hal_uart.h:696:19: note: expected 'uint8_t * {aka unsigned char *}' but argument is of type 'char *'
 HAL_StatusTypeDef HAL_UART_Transmit(UART_HandleTypeDef *huart, uint8_t *pData, uint16_t Size, uint32_t Timeout);
                   ^~~~~~~~~~~~~~~~~
../Core/Src/FreqIO.c: In function 'streamGet':
../Core/Src/FreqIO.c:425:31: warning: pointer targets in passing argument 2 of 'HAL_UART_Transmit' differ in signedness [-Wpointer-sign]
    HAL_UART_Transmit(&huart2, uartData, strlen(uartData), 10);
                               ^~~~~~~~
In file included from ../Core/Inc/stm32f4xx_hal_conf.h:404:0,
                 from ../Drivers/STM32F4xx_HAL_Driver/Inc/stm32f4xx_hal.h:30,
                 from ../Core/Inc/main.h:31,
                 from ../Core/Src/FreqIO.h:12,
                 from ../Core/Src/FreqIO.c:7:
../Drivers/STM32F4xx_HAL_Driver/Inc/stm32f4xx_hal_uart.h:696:19: note: expected 'uint8_t * {aka unsigned char *}' but argument is of type 'char *'
 HAL_StatusTypeDef HAL_UART_Transmit(UART_HandleTypeDef *huart, uint8_t *pData, uint16_t Size, uint32_t Timeout);
                   ^~~~~~~~~~~~~~~~~
../Core/Src/FreqIO.c:434:32: warning: pointer targets in passing argument 2 of 'HAL_UART_Transmit' differ in signedness [-Wpointer-sign]
     HAL_UART_Transmit(&huart2, uartData, strlen(uartData), 10);
                                ^~~~~~~~
In file included from ../Core/Inc/stm32f4xx_hal_conf.h:404:0,
                 from ../Drivers/STM32F4xx_HAL_Driver/Inc/stm32f4xx_hal.h:30,
                 from ../Core/Inc/main.h:31,
                 from ../Core/Src/FreqIO.h:12,
                 from ../Core/Src/FreqIO.c:7:
../Drivers/STM32F4xx_HAL_Driver/Inc/stm32f4xx_hal_uart.h:696:19: note: expected 'uint8_t * {aka unsigned char *}' but argument is of type 'char *'
 HAL_StatusTypeDef HAL_UART_Transmit(UART_HandleTypeDef *huart, uint8_t *pData, uint16_t Size, uint32_t Timeout);
                   ^~~~~~~~~~~~~~~~~
../Core/Src/FreqIO.c:440:23: warning: too many arguments for format [-Wformat-extra-args]
     sprintf(uartData, "Bad packet! Detected bad signal.\n\n",octet_count);
                       ^~~~~~~~~~~~~~~~~~~~~~~~~~~~~~~~~~~~~~
../Core/Src/FreqIO.c:441:32: warning: pointer targets in passing argument 2 of 'HAL_UART_Transmit' differ in signedness [-Wpointer-sign]
     HAL_UART_Transmit(&huart2, uartData, strlen(uartData), 10);
                                ^~~~~~~~
In file included from ../Core/Inc/stm32f4xx_hal_conf.h:404:0,
                 from ../Drivers/STM32F4xx_HAL_Driver/Inc/stm32f4xx_hal.h:30,
                 from ../Core/Inc/main.h:31,
                 from ../Core/Src/FreqIO.h:12,
                 from ../Core/Src/FreqIO.c:7:
../Drivers/STM32F4xx_HAL_Driver/Inc/stm32f4xx_hal_uart.h:696:19: note: expected 'uint8_t * {aka unsigned char *}' but argument is of type 'char *'
 HAL_StatusTypeDef HAL_UART_Transmit(UART_HandleTypeDef *huart, uint8_t *pData, uint16_t Size, uint32_t Timeout);
                   ^~~~~~~~~~~~~~~~~
../Core/Src/FreqIO.c:447:23: warning: too many arguments for format [-Wformat-extra-args]
     sprintf(uartData, "Bad packet! Not enough octets\r\n\n",octet_count);
                       ^~~~~~~~~~~~~~~~~~~~~~~~~~~~~~~~~~~~~
../Core/Src/FreqIO.c:448:32: warning: pointer targets in passing argument 2 of 'HAL_UART_Transmit' differ in signedness [-Wpointer-sign]
     HAL_UART_Transmit(&huart2, uartData, strlen(uartData), 10);
                                ^~~~~~~~
In file included from ../Core/Inc/stm32f4xx_hal_conf.h:404:0,
                 from ../Drivers/STM32F4xx_HAL_Driver/Inc/stm32f4xx_hal.h:30,
                 from ../Core/Inc/main.h:31,
                 from ../Core/Src/FreqIO.h:12,
                 from ../Core/Src/FreqIO.c:7:
../Drivers/STM32F4xx_HAL_Driver/Inc/stm32f4xx_hal_uart.h:696:19: note: expected 'uint8_t * {aka unsigned char *}' but argument is of type 'char *'
 HAL_StatusTypeDef HAL_UART_Transmit(UART_HandleTypeDef *huart, uint8_t *pData, uint16_t Size, uint32_t Timeout);
                   ^~~~~~~~~~~~~~~~~
../Core/Src/FreqIO.c:454:32: warning: pointer targets in passing argument 2 of 'HAL_UART_Transmit' differ in signedness [-Wpointer-sign]
     HAL_UART_Transmit(&huart2, uartData, strlen(uartData), 10);
                                ^~~~~~~~
In file included from ../Core/Inc/stm32f4xx_hal_conf.h:404:0,
                 from ../Drivers/STM32F4xx_HAL_Driver/Inc/stm32f4xx_hal.h:30,
                 from ../Core/Inc/main.h:31,
                 from ../Core/Src/FreqIO.h:12,
                 from ../Core/Src/FreqIO.c:7:
../Drivers/STM32F4xx_HAL_Driver/Inc/stm32f4xx_hal_uart.h:696:19: note: expected 'uint8_t * {aka unsigned char *}' but argument is of type 'char *'
 HAL_StatusTypeDef HAL_UART_Transmit(UART_HandleTypeDef *huart, uint8_t *pData, uint16_t Size, uint32_t Timeout);
                   ^~~~~~~~~~~~~~~~~
../Core/Src/FreqIO.c:455:23: warning: too many arguments for format [-Wformat-extra-args]
     sprintf(uartData, "Bad packet! Not enough octetes.\r\n\n",octet_count);
                       ^~~~~~~~~~~~~~~~~~~~~~~~~~~~~~~~~~~~~~~
../Core/Src/FreqIO.c:456:32: warning: pointer targets in passing argument 2 of 'HAL_UART_Transmit' differ in signedness [-Wpointer-sign]
     HAL_UART_Transmit(&huart2, uartData, strlen(uartData), 10);
                                ^~~~~~~~
In file included from ../Core/Inc/stm32f4xx_hal_conf.h:404:0,
                 from ../Drivers/STM32F4xx_HAL_Driver/Inc/stm32f4xx_hal.h:30,
                 from ../Core/Inc/main.h:31,
                 from ../Core/Src/FreqIO.h:12,
                 from ../Core/Src/FreqIO.c:7:
../Drivers/STM32F4xx_HAL_Driver/Inc/stm32f4xx_hal_uart.h:696:19: note: expected 'uint8_t * {aka unsigned char *}' but argument is of type 'char *'
 HAL_StatusTypeDef HAL_UART_Transmit(UART_HandleTypeDef *huart, uint8_t *pData, uint16_t Size, uint32_t Timeout);
                   ^~~~~~~~~~~~~~~~~
../Core/Src/FreqIO.c:462:32: warning: pointer targets in passing argument 2 of 'HAL_UART_Transmit' differ in signedness [-Wpointer-sign]
     HAL_UART_Transmit(&huart2, uartData, strlen(uartData), 10);
                                ^~~~~~~~
In file included from ../Core/Inc/stm32f4xx_hal_conf.h:404:0,
                 from ../Drivers/STM32F4xx_HAL_Driver/Inc/stm32f4xx_hal.h:30,
                 from ../Core/Inc/main.h:31,
                 from ../Core/Src/FreqIO.h:12,
                 from ../Core/Src/FreqIO.c:7:
../Drivers/STM32F4xx_HAL_Driver/Inc/stm32f4xx_hal_uart.h:696:19: note: expected 'uint8_t * {aka unsigned char *}' but argument is of type 'char *'
 HAL_StatusTypeDef HAL_UART_Transmit(UART_HandleTypeDef *huart, uint8_t *pData, uint16_t Size, uint32_t Timeout);
                   ^~~~~~~~~~~~~~~~~
../Core/Src/FreqIO.c:474:5: warning: the address of 'toggleMode' will always evaluate as 'true' [-Waddress]
  if(toggleMode)
     ^~~~~~~~~~
arm-none-eabi-gcc -o "DAC_SINEWAVE.elf" @"objects.list"   -mcpu=cortex-m4 -T"C:\GitHub\TNCMCU\Software\Code Playground\DAC_SINEWAVE\STM32F446RETX_FLASH.ld" --specs=nosys.specs -Wl,-Map="DAC_SINEWAVE.map" -Wl,--gc-sections -static --specs=nano.specs -mfpu=fpv4-sp-d16 -mfloat-abi=hard -mthumb -Wl,--start-group -lc -lm -Wl,--end-group
Finished building target: DAC_SINEWAVE.elf
 
arm-none-eabi-objdump -h -S  DAC_SINEWAVE.elf  > "DAC_SINEWAVE.list"
arm-none-eabi-objcopy  -O binary  DAC_SINEWAVE.elf  "DAC_SINEWAVE.bin"
arm-none-eabi-size   DAC_SINEWAVE.elf 
   text	   data	    bss	    dec	    hex	filename
  28420	   2536	  28464	  59420	   e81c	DAC_SINEWAVE.elf
Finished building: default.size.stdout
 
Finished building: DAC_SINEWAVE.bin
 
Finished building: DAC_SINEWAVE.list
 
17:08:24 **** Incremental Build of configuration Debug for project DAC_SINEWAVE ****
make -j8 all 
arm-none-eabi-size   DAC_SINEWAVE.elf 
   text	   data	    bss	    dec	    hex	filename
  28420	   2536	  28464	  59420	   e81c	DAC_SINEWAVE.elf
Finished building: default.size.stdout
 
17:08:36 **** Incremental Build of configuration Debug for project DAC_SINEWAVE ****
make -j8 all 
arm-none-eabi-size   DAC_SINEWAVE.elf 
   text	   data	    bss	    dec	    hex	filename
  28420	   2536	  28464	  59420	   e81c	DAC_SINEWAVE.elf
Finished building: default.size.stdout
 
17:10:29 **** Incremental Build of configuration Debug for project DAC_SINEWAVE ****
make -j8 all 
arm-none-eabi-gcc "../Core/Src/FreqIO.c" -mcpu=cortex-m4 -std=gnu11 -g3 -DUSE_HAL_DRIVER -DSTM32F446xx -DDEBUG -c -I../Core/Inc -I../Drivers/STM32F4xx_HAL_Driver/Inc -I../Drivers/STM32F4xx_HAL_Driver/Inc/Legacy -I../Drivers/CMSIS/Device/ST/STM32F4xx/Include -I../Drivers/CMSIS/Include -O0 -ffunction-sections -fdata-sections -Wall -fstack-usage -MMD -MP -MF"Core/Src/FreqIO.d" -MT"Core/Src/FreqIO.o" --specs=nano.specs -mfpu=fpv4-sp-d16 -mfloat-abi=hard -mthumb -o "Core/Src/FreqIO.o"
../Core/Src/FreqIO.c:189:18: warning: excess elements in array initializer
   1877,1919,1962,2005,2048
                  ^~~~
../Core/Src/FreqIO.c:189:18: note: (near initialization for 'wave')
../Core/Src/FreqIO.c:189:23: warning: excess elements in array initializer
   1877,1919,1962,2005,2048
                       ^~~~
../Core/Src/FreqIO.c:189:23: note: (near initialization for 'wave')
../Core/Src/FreqIO.c: In function 'edit_sineval':
../Core/Src/FreqIO.c:201:38: warning: format '%d' expects argument of type 'int', but argument 4 has type 'uint32_t {aka long unsigned int}' [-Wformat=]
   sprintf(uartData, "sinArray[%d] = %d\n",i,sinArray[i]);
                                     ~^      ~~~~~~~~~~~
                                     %ld
../Core/Src/FreqIO.c:202:30: warning: pointer targets in passing argument 2 of 'HAL_UART_Transmit' differ in signedness [-Wpointer-sign]
   HAL_UART_Transmit(&huart2, uartData, strlen(uartData), 10);
                              ^~~~~~~~
In file included from ../Core/Inc/stm32f4xx_hal_conf.h:404:0,
                 from ../Drivers/STM32F4xx_HAL_Driver/Inc/stm32f4xx_hal.h:30,
                 from ../Core/Inc/main.h:31,
                 from ../Core/Src/FreqIO.h:12,
                 from ../Core/Src/FreqIO.c:7:
../Drivers/STM32F4xx_HAL_Driver/Inc/stm32f4xx_hal_uart.h:696:19: note: expected 'uint8_t * {aka unsigned char *}' but argument is of type 'char *'
 HAL_StatusTypeDef HAL_UART_Transmit(UART_HandleTypeDef *huart, uint8_t *pData, uint16_t Size, uint32_t Timeout);
                   ^~~~~~~~~~~~~~~~~
../Core/Src/FreqIO.c: In function 'loadBit':
../Core/Src/FreqIO.c:297:7: warning: variable 'goodbit' set but not used [-Wunused-but-set-variable]
  bool goodbit = false;
       ^~~~~~~
../Core/Src/FreqIO.c: In function 'loadOctet':
../Core/Src/FreqIO.c:353:30: warning: pointer targets in passing argument 2 of 'HAL_UART_Transmit' differ in signedness [-Wpointer-sign]
   HAL_UART_Transmit(&huart2, uartData, strlen(uartData), 10);
                              ^~~~~~~~
In file included from ../Core/Inc/stm32f4xx_hal_conf.h:404:0,
                 from ../Drivers/STM32F4xx_HAL_Driver/Inc/stm32f4xx_hal.h:30,
                 from ../Core/Inc/main.h:31,
                 from ../Core/Src/FreqIO.h:12,
                 from ../Core/Src/FreqIO.c:7:
../Drivers/STM32F4xx_HAL_Driver/Inc/stm32f4xx_hal_uart.h:696:19: note: expected 'uint8_t * {aka unsigned char *}' but argument is of type 'char *'
 HAL_StatusTypeDef HAL_UART_Transmit(UART_HandleTypeDef *huart, uint8_t *pData, uint16_t Size, uint32_t Timeout);
                   ^~~~~~~~~~~~~~~~~
../Core/Src/FreqIO.c:357:34: warning: pointer targets in passing argument 2 of 'HAL_UART_Transmit' differ in signedness [-Wpointer-sign]
       HAL_UART_Transmit(&huart2, uartData, strlen(uartData), 10);
                                  ^~~~~~~~
In file included from ../Core/Inc/stm32f4xx_hal_conf.h:404:0,
                 from ../Drivers/STM32F4xx_HAL_Driver/Inc/stm32f4xx_hal.h:30,
                 from ../Core/Inc/main.h:31,
                 from ../Core/Src/FreqIO.h:12,
                 from ../Core/Src/FreqIO.c:7:
../Drivers/STM32F4xx_HAL_Driver/Inc/stm32f4xx_hal_uart.h:696:19: note: expected 'uint8_t * {aka unsigned char *}' but argument is of type 'char *'
 HAL_StatusTypeDef HAL_UART_Transmit(UART_HandleTypeDef *huart, uint8_t *pData, uint16_t Size, uint32_t Timeout);
                   ^~~~~~~~~~~~~~~~~
../Core/Src/FreqIO.c:368:30: warning: pointer targets in passing argument 2 of 'HAL_UART_Transmit' differ in signedness [-Wpointer-sign]
   HAL_UART_Transmit(&huart2, uartData, strlen(uartData), 10);
                              ^~~~~~~~
In file included from ../Core/Inc/stm32f4xx_hal_conf.h:404:0,
                 from ../Drivers/STM32F4xx_HAL_Driver/Inc/stm32f4xx_hal.h:30,
                 from ../Core/Inc/main.h:31,
                 from ../Core/Src/FreqIO.h:12,
                 from ../Core/Src/FreqIO.c:7:
../Drivers/STM32F4xx_HAL_Driver/Inc/stm32f4xx_hal_uart.h:696:19: note: expected 'uint8_t * {aka unsigned char *}' but argument is of type 'char *'
 HAL_StatusTypeDef HAL_UART_Transmit(UART_HandleTypeDef *huart, uint8_t *pData, uint16_t Size, uint32_t Timeout);
                   ^~~~~~~~~~~~~~~~~
../Core/Src/FreqIO.c:374:31: warning: pointer targets in passing argument 2 of 'HAL_UART_Transmit' differ in signedness [-Wpointer-sign]
    HAL_UART_Transmit(&huart2, uartData, strlen(uartData), 10);
                               ^~~~~~~~
In file included from ../Core/Inc/stm32f4xx_hal_conf.h:404:0,
                 from ../Drivers/STM32F4xx_HAL_Driver/Inc/stm32f4xx_hal.h:30,
                 from ../Core/Inc/main.h:31,
                 from ../Core/Src/FreqIO.h:12,
                 from ../Core/Src/FreqIO.c:7:
../Drivers/STM32F4xx_HAL_Driver/Inc/stm32f4xx_hal_uart.h:696:19: note: expected 'uint8_t * {aka unsigned char *}' but argument is of type 'char *'
 HAL_StatusTypeDef HAL_UART_Transmit(UART_HandleTypeDef *huart, uint8_t *pData, uint16_t Size, uint32_t Timeout);
                   ^~~~~~~~~~~~~~~~~
../Core/Src/FreqIO.c:377:30: warning: pointer targets in passing argument 2 of 'HAL_UART_Transmit' differ in signedness [-Wpointer-sign]
   HAL_UART_Transmit(&huart2, uartData, strlen(uartData), 10);
                              ^~~~~~~~
In file included from ../Core/Inc/stm32f4xx_hal_conf.h:404:0,
                 from ../Drivers/STM32F4xx_HAL_Driver/Inc/stm32f4xx_hal.h:30,
                 from ../Core/Inc/main.h:31,
                 from ../Core/Src/FreqIO.h:12,
                 from ../Core/Src/FreqIO.c:7:
../Drivers/STM32F4xx_HAL_Driver/Inc/stm32f4xx_hal_uart.h:696:19: note: expected 'uint8_t * {aka unsigned char *}' but argument is of type 'char *'
 HAL_StatusTypeDef HAL_UART_Transmit(UART_HandleTypeDef *huart, uint8_t *pData, uint16_t Size, uint32_t Timeout);
                   ^~~~~~~~~~~~~~~~~
../Core/Src/FreqIO.c: In function 'streamGet':
../Core/Src/FreqIO.c:425:31: warning: pointer targets in passing argument 2 of 'HAL_UART_Transmit' differ in signedness [-Wpointer-sign]
    HAL_UART_Transmit(&huart2, uartData, strlen(uartData), 10);
                               ^~~~~~~~
In file included from ../Core/Inc/stm32f4xx_hal_conf.h:404:0,
                 from ../Drivers/STM32F4xx_HAL_Driver/Inc/stm32f4xx_hal.h:30,
                 from ../Core/Inc/main.h:31,
                 from ../Core/Src/FreqIO.h:12,
                 from ../Core/Src/FreqIO.c:7:
../Drivers/STM32F4xx_HAL_Driver/Inc/stm32f4xx_hal_uart.h:696:19: note: expected 'uint8_t * {aka unsigned char *}' but argument is of type 'char *'
 HAL_StatusTypeDef HAL_UART_Transmit(UART_HandleTypeDef *huart, uint8_t *pData, uint16_t Size, uint32_t Timeout);
                   ^~~~~~~~~~~~~~~~~
../Core/Src/FreqIO.c:434:32: warning: pointer targets in passing argument 2 of 'HAL_UART_Transmit' differ in signedness [-Wpointer-sign]
     HAL_UART_Transmit(&huart2, uartData, strlen(uartData), 10);
                                ^~~~~~~~
In file included from ../Core/Inc/stm32f4xx_hal_conf.h:404:0,
                 from ../Drivers/STM32F4xx_HAL_Driver/Inc/stm32f4xx_hal.h:30,
                 from ../Core/Inc/main.h:31,
                 from ../Core/Src/FreqIO.h:12,
                 from ../Core/Src/FreqIO.c:7:
../Drivers/STM32F4xx_HAL_Driver/Inc/stm32f4xx_hal_uart.h:696:19: note: expected 'uint8_t * {aka unsigned char *}' but argument is of type 'char *'
 HAL_StatusTypeDef HAL_UART_Transmit(UART_HandleTypeDef *huart, uint8_t *pData, uint16_t Size, uint32_t Timeout);
                   ^~~~~~~~~~~~~~~~~
../Core/Src/FreqIO.c:440:23: warning: too many arguments for format [-Wformat-extra-args]
     sprintf(uartData, "Bad packet! Detected bad signal.\n\n",octet_count);
                       ^~~~~~~~~~~~~~~~~~~~~~~~~~~~~~~~~~~~~~
../Core/Src/FreqIO.c:441:32: warning: pointer targets in passing argument 2 of 'HAL_UART_Transmit' differ in signedness [-Wpointer-sign]
     HAL_UART_Transmit(&huart2, uartData, strlen(uartData), 10);
                                ^~~~~~~~
In file included from ../Core/Inc/stm32f4xx_hal_conf.h:404:0,
                 from ../Drivers/STM32F4xx_HAL_Driver/Inc/stm32f4xx_hal.h:30,
                 from ../Core/Inc/main.h:31,
                 from ../Core/Src/FreqIO.h:12,
                 from ../Core/Src/FreqIO.c:7:
../Drivers/STM32F4xx_HAL_Driver/Inc/stm32f4xx_hal_uart.h:696:19: note: expected 'uint8_t * {aka unsigned char *}' but argument is of type 'char *'
 HAL_StatusTypeDef HAL_UART_Transmit(UART_HandleTypeDef *huart, uint8_t *pData, uint16_t Size, uint32_t Timeout);
                   ^~~~~~~~~~~~~~~~~
../Core/Src/FreqIO.c:447:23: warning: too many arguments for format [-Wformat-extra-args]
     sprintf(uartData, "Bad packet! Not enough octets\r\n\n",octet_count);
                       ^~~~~~~~~~~~~~~~~~~~~~~~~~~~~~~~~~~~~
../Core/Src/FreqIO.c:448:32: warning: pointer targets in passing argument 2 of 'HAL_UART_Transmit' differ in signedness [-Wpointer-sign]
     HAL_UART_Transmit(&huart2, uartData, strlen(uartData), 10);
                                ^~~~~~~~
In file included from ../Core/Inc/stm32f4xx_hal_conf.h:404:0,
                 from ../Drivers/STM32F4xx_HAL_Driver/Inc/stm32f4xx_hal.h:30,
                 from ../Core/Inc/main.h:31,
                 from ../Core/Src/FreqIO.h:12,
                 from ../Core/Src/FreqIO.c:7:
../Drivers/STM32F4xx_HAL_Driver/Inc/stm32f4xx_hal_uart.h:696:19: note: expected 'uint8_t * {aka unsigned char *}' but argument is of type 'char *'
 HAL_StatusTypeDef HAL_UART_Transmit(UART_HandleTypeDef *huart, uint8_t *pData, uint16_t Size, uint32_t Timeout);
                   ^~~~~~~~~~~~~~~~~
../Core/Src/FreqIO.c:454:32: warning: pointer targets in passing argument 2 of 'HAL_UART_Transmit' differ in signedness [-Wpointer-sign]
     HAL_UART_Transmit(&huart2, uartData, strlen(uartData), 10);
                                ^~~~~~~~
In file included from ../Core/Inc/stm32f4xx_hal_conf.h:404:0,
                 from ../Drivers/STM32F4xx_HAL_Driver/Inc/stm32f4xx_hal.h:30,
                 from ../Core/Inc/main.h:31,
                 from ../Core/Src/FreqIO.h:12,
                 from ../Core/Src/FreqIO.c:7:
../Drivers/STM32F4xx_HAL_Driver/Inc/stm32f4xx_hal_uart.h:696:19: note: expected 'uint8_t * {aka unsigned char *}' but argument is of type 'char *'
 HAL_StatusTypeDef HAL_UART_Transmit(UART_HandleTypeDef *huart, uint8_t *pData, uint16_t Size, uint32_t Timeout);
                   ^~~~~~~~~~~~~~~~~
../Core/Src/FreqIO.c:455:23: warning: too many arguments for format [-Wformat-extra-args]
     sprintf(uartData, "Bad packet! Not enough octetes.\r\n\n",octet_count);
                       ^~~~~~~~~~~~~~~~~~~~~~~~~~~~~~~~~~~~~~~
../Core/Src/FreqIO.c:456:32: warning: pointer targets in passing argument 2 of 'HAL_UART_Transmit' differ in signedness [-Wpointer-sign]
     HAL_UART_Transmit(&huart2, uartData, strlen(uartData), 10);
                                ^~~~~~~~
In file included from ../Core/Inc/stm32f4xx_hal_conf.h:404:0,
                 from ../Drivers/STM32F4xx_HAL_Driver/Inc/stm32f4xx_hal.h:30,
                 from ../Core/Inc/main.h:31,
                 from ../Core/Src/FreqIO.h:12,
                 from ../Core/Src/FreqIO.c:7:
../Drivers/STM32F4xx_HAL_Driver/Inc/stm32f4xx_hal_uart.h:696:19: note: expected 'uint8_t * {aka unsigned char *}' but argument is of type 'char *'
 HAL_StatusTypeDef HAL_UART_Transmit(UART_HandleTypeDef *huart, uint8_t *pData, uint16_t Size, uint32_t Timeout);
                   ^~~~~~~~~~~~~~~~~
../Core/Src/FreqIO.c:462:32: warning: pointer targets in passing argument 2 of 'HAL_UART_Transmit' differ in signedness [-Wpointer-sign]
     HAL_UART_Transmit(&huart2, uartData, strlen(uartData), 10);
                                ^~~~~~~~
In file included from ../Core/Inc/stm32f4xx_hal_conf.h:404:0,
                 from ../Drivers/STM32F4xx_HAL_Driver/Inc/stm32f4xx_hal.h:30,
                 from ../Core/Inc/main.h:31,
                 from ../Core/Src/FreqIO.h:12,
                 from ../Core/Src/FreqIO.c:7:
../Drivers/STM32F4xx_HAL_Driver/Inc/stm32f4xx_hal_uart.h:696:19: note: expected 'uint8_t * {aka unsigned char *}' but argument is of type 'char *'
 HAL_StatusTypeDef HAL_UART_Transmit(UART_HandleTypeDef *huart, uint8_t *pData, uint16_t Size, uint32_t Timeout);
                   ^~~~~~~~~~~~~~~~~
../Core/Src/FreqIO.c:474:5: warning: the address of 'toggleMode' will always evaluate as 'true' [-Waddress]
  if(toggleMode)
     ^~~~~~~~~~
arm-none-eabi-gcc -o "DAC_SINEWAVE.elf" @"objects.list"   -mcpu=cortex-m4 -T"C:\GitHub\TNCMCU\Software\Code Playground\DAC_SINEWAVE\STM32F446RETX_FLASH.ld" --specs=nosys.specs -Wl,-Map="DAC_SINEWAVE.map" -Wl,--gc-sections -static --specs=nano.specs -mfpu=fpv4-sp-d16 -mfloat-abi=hard -mthumb -Wl,--start-group -lc -lm -Wl,--end-group
Finished building target: DAC_SINEWAVE.elf
 
arm-none-eabi-objdump -h -S  DAC_SINEWAVE.elf  > "DAC_SINEWAVE.list"
arm-none-eabi-objcopy  -O binary  DAC_SINEWAVE.elf  "DAC_SINEWAVE.bin"
arm-none-eabi-size   DAC_SINEWAVE.elf 
   text	   data	    bss	    dec	    hex	filename
  28352	   2536	  28464	  59352	   e7d8	DAC_SINEWAVE.elf
Finished building: default.size.stdout
 
Finished building: DAC_SINEWAVE.bin
 
Finished building: DAC_SINEWAVE.list
 
17:12:09 **** Incremental Build of configuration Debug for project DAC_SINEWAVE ****
make -j8 all 
arm-none-eabi-gcc "../Core/Src/FreqIO.c" -mcpu=cortex-m4 -std=gnu11 -g3 -DUSE_HAL_DRIVER -DSTM32F446xx -DDEBUG -c -I../Core/Inc -I../Drivers/STM32F4xx_HAL_Driver/Inc -I../Drivers/STM32F4xx_HAL_Driver/Inc/Legacy -I../Drivers/CMSIS/Device/ST/STM32F4xx/Include -I../Drivers/CMSIS/Include -O0 -ffunction-sections -fdata-sections -Wall -fstack-usage -MMD -MP -MF"Core/Src/FreqIO.d" -MT"Core/Src/FreqIO.o" --specs=nano.specs -mfpu=fpv4-sp-d16 -mfloat-abi=hard -mthumb -o "Core/Src/FreqIO.o"
../Core/Src/FreqIO.c:189:18: warning: excess elements in array initializer
   1877,1919,1962,2005,2048
                  ^~~~
../Core/Src/FreqIO.c:189:18: note: (near initialization for 'wave')
../Core/Src/FreqIO.c:189:23: warning: excess elements in array initializer
   1877,1919,1962,2005,2048
                       ^~~~
../Core/Src/FreqIO.c:189:23: note: (near initialization for 'wave')
../Core/Src/FreqIO.c: In function 'edit_sineval':
../Core/Src/FreqIO.c:201:38: warning: format '%d' expects argument of type 'int', but argument 4 has type 'uint32_t {aka long unsigned int}' [-Wformat=]
   sprintf(uartData, "sinArray[%d] = %d\n",i,sinArray[i]);
                                     ~^      ~~~~~~~~~~~
                                     %ld
../Core/Src/FreqIO.c:202:30: warning: pointer targets in passing argument 2 of 'HAL_UART_Transmit' differ in signedness [-Wpointer-sign]
   HAL_UART_Transmit(&huart2, uartData, strlen(uartData), 10);
                              ^~~~~~~~
In file included from ../Core/Inc/stm32f4xx_hal_conf.h:404:0,
                 from ../Drivers/STM32F4xx_HAL_Driver/Inc/stm32f4xx_hal.h:30,
                 from ../Core/Inc/main.h:31,
                 from ../Core/Src/FreqIO.h:12,
                 from ../Core/Src/FreqIO.c:7:
../Drivers/STM32F4xx_HAL_Driver/Inc/stm32f4xx_hal_uart.h:696:19: note: expected 'uint8_t * {aka unsigned char *}' but argument is of type 'char *'
 HAL_StatusTypeDef HAL_UART_Transmit(UART_HandleTypeDef *huart, uint8_t *pData, uint16_t Size, uint32_t Timeout);
                   ^~~~~~~~~~~~~~~~~
../Core/Src/FreqIO.c: In function 'loadBit':
../Core/Src/FreqIO.c:298:7: warning: variable 'goodbit' set but not used [-Wunused-but-set-variable]
  bool goodbit = false;
       ^~~~~~~
../Core/Src/FreqIO.c: In function 'loadOctet':
../Core/Src/FreqIO.c:354:30: warning: pointer targets in passing argument 2 of 'HAL_UART_Transmit' differ in signedness [-Wpointer-sign]
   HAL_UART_Transmit(&huart2, uartData, strlen(uartData), 10);
                              ^~~~~~~~
In file included from ../Core/Inc/stm32f4xx_hal_conf.h:404:0,
                 from ../Drivers/STM32F4xx_HAL_Driver/Inc/stm32f4xx_hal.h:30,
                 from ../Core/Inc/main.h:31,
                 from ../Core/Src/FreqIO.h:12,
                 from ../Core/Src/FreqIO.c:7:
../Drivers/STM32F4xx_HAL_Driver/Inc/stm32f4xx_hal_uart.h:696:19: note: expected 'uint8_t * {aka unsigned char *}' but argument is of type 'char *'
 HAL_StatusTypeDef HAL_UART_Transmit(UART_HandleTypeDef *huart, uint8_t *pData, uint16_t Size, uint32_t Timeout);
                   ^~~~~~~~~~~~~~~~~
../Core/Src/FreqIO.c:358:34: warning: pointer targets in passing argument 2 of 'HAL_UART_Transmit' differ in signedness [-Wpointer-sign]
       HAL_UART_Transmit(&huart2, uartData, strlen(uartData), 10);
                                  ^~~~~~~~
In file included from ../Core/Inc/stm32f4xx_hal_conf.h:404:0,
                 from ../Drivers/STM32F4xx_HAL_Driver/Inc/stm32f4xx_hal.h:30,
                 from ../Core/Inc/main.h:31,
                 from ../Core/Src/FreqIO.h:12,
                 from ../Core/Src/FreqIO.c:7:
../Drivers/STM32F4xx_HAL_Driver/Inc/stm32f4xx_hal_uart.h:696:19: note: expected 'uint8_t * {aka unsigned char *}' but argument is of type 'char *'
 HAL_StatusTypeDef HAL_UART_Transmit(UART_HandleTypeDef *huart, uint8_t *pData, uint16_t Size, uint32_t Timeout);
                   ^~~~~~~~~~~~~~~~~
../Core/Src/FreqIO.c:369:30: warning: pointer targets in passing argument 2 of 'HAL_UART_Transmit' differ in signedness [-Wpointer-sign]
   HAL_UART_Transmit(&huart2, uartData, strlen(uartData), 10);
                              ^~~~~~~~
In file included from ../Core/Inc/stm32f4xx_hal_conf.h:404:0,
                 from ../Drivers/STM32F4xx_HAL_Driver/Inc/stm32f4xx_hal.h:30,
                 from ../Core/Inc/main.h:31,
                 from ../Core/Src/FreqIO.h:12,
                 from ../Core/Src/FreqIO.c:7:
../Drivers/STM32F4xx_HAL_Driver/Inc/stm32f4xx_hal_uart.h:696:19: note: expected 'uint8_t * {aka unsigned char *}' but argument is of type 'char *'
 HAL_StatusTypeDef HAL_UART_Transmit(UART_HandleTypeDef *huart, uint8_t *pData, uint16_t Size, uint32_t Timeout);
                   ^~~~~~~~~~~~~~~~~
../Core/Src/FreqIO.c:375:31: warning: pointer targets in passing argument 2 of 'HAL_UART_Transmit' differ in signedness [-Wpointer-sign]
    HAL_UART_Transmit(&huart2, uartData, strlen(uartData), 10);
                               ^~~~~~~~
In file included from ../Core/Inc/stm32f4xx_hal_conf.h:404:0,
                 from ../Drivers/STM32F4xx_HAL_Driver/Inc/stm32f4xx_hal.h:30,
                 from ../Core/Inc/main.h:31,
                 from ../Core/Src/FreqIO.h:12,
                 from ../Core/Src/FreqIO.c:7:
../Drivers/STM32F4xx_HAL_Driver/Inc/stm32f4xx_hal_uart.h:696:19: note: expected 'uint8_t * {aka unsigned char *}' but argument is of type 'char *'
 HAL_StatusTypeDef HAL_UART_Transmit(UART_HandleTypeDef *huart, uint8_t *pData, uint16_t Size, uint32_t Timeout);
                   ^~~~~~~~~~~~~~~~~
../Core/Src/FreqIO.c:378:30: warning: pointer targets in passing argument 2 of 'HAL_UART_Transmit' differ in signedness [-Wpointer-sign]
   HAL_UART_Transmit(&huart2, uartData, strlen(uartData), 10);
                              ^~~~~~~~
In file included from ../Core/Inc/stm32f4xx_hal_conf.h:404:0,
                 from ../Drivers/STM32F4xx_HAL_Driver/Inc/stm32f4xx_hal.h:30,
                 from ../Core/Inc/main.h:31,
                 from ../Core/Src/FreqIO.h:12,
                 from ../Core/Src/FreqIO.c:7:
../Drivers/STM32F4xx_HAL_Driver/Inc/stm32f4xx_hal_uart.h:696:19: note: expected 'uint8_t * {aka unsigned char *}' but argument is of type 'char *'
 HAL_StatusTypeDef HAL_UART_Transmit(UART_HandleTypeDef *huart, uint8_t *pData, uint16_t Size, uint32_t Timeout);
                   ^~~~~~~~~~~~~~~~~
../Core/Src/FreqIO.c: In function 'streamGet':
../Core/Src/FreqIO.c:426:31: warning: pointer targets in passing argument 2 of 'HAL_UART_Transmit' differ in signedness [-Wpointer-sign]
    HAL_UART_Transmit(&huart2, uartData, strlen(uartData), 10);
                               ^~~~~~~~
In file included from ../Core/Inc/stm32f4xx_hal_conf.h:404:0,
                 from ../Drivers/STM32F4xx_HAL_Driver/Inc/stm32f4xx_hal.h:30,
                 from ../Core/Inc/main.h:31,
                 from ../Core/Src/FreqIO.h:12,
                 from ../Core/Src/FreqIO.c:7:
../Drivers/STM32F4xx_HAL_Driver/Inc/stm32f4xx_hal_uart.h:696:19: note: expected 'uint8_t * {aka unsigned char *}' but argument is of type 'char *'
 HAL_StatusTypeDef HAL_UART_Transmit(UART_HandleTypeDef *huart, uint8_t *pData, uint16_t Size, uint32_t Timeout);
                   ^~~~~~~~~~~~~~~~~
../Core/Src/FreqIO.c:435:32: warning: pointer targets in passing argument 2 of 'HAL_UART_Transmit' differ in signedness [-Wpointer-sign]
     HAL_UART_Transmit(&huart2, uartData, strlen(uartData), 10);
                                ^~~~~~~~
In file included from ../Core/Inc/stm32f4xx_hal_conf.h:404:0,
                 from ../Drivers/STM32F4xx_HAL_Driver/Inc/stm32f4xx_hal.h:30,
                 from ../Core/Inc/main.h:31,
                 from ../Core/Src/FreqIO.h:12,
                 from ../Core/Src/FreqIO.c:7:
../Drivers/STM32F4xx_HAL_Driver/Inc/stm32f4xx_hal_uart.h:696:19: note: expected 'uint8_t * {aka unsigned char *}' but argument is of type 'char *'
 HAL_StatusTypeDef HAL_UART_Transmit(UART_HandleTypeDef *huart, uint8_t *pData, uint16_t Size, uint32_t Timeout);
                   ^~~~~~~~~~~~~~~~~
../Core/Src/FreqIO.c:441:23: warning: too many arguments for format [-Wformat-extra-args]
     sprintf(uartData, "Bad packet! Detected bad signal.\n\n",octet_count);
                       ^~~~~~~~~~~~~~~~~~~~~~~~~~~~~~~~~~~~~~
../Core/Src/FreqIO.c:442:32: warning: pointer targets in passing argument 2 of 'HAL_UART_Transmit' differ in signedness [-Wpointer-sign]
     HAL_UART_Transmit(&huart2, uartData, strlen(uartData), 10);
                                ^~~~~~~~
In file included from ../Core/Inc/stm32f4xx_hal_conf.h:404:0,
                 from ../Drivers/STM32F4xx_HAL_Driver/Inc/stm32f4xx_hal.h:30,
                 from ../Core/Inc/main.h:31,
                 from ../Core/Src/FreqIO.h:12,
                 from ../Core/Src/FreqIO.c:7:
../Drivers/STM32F4xx_HAL_Driver/Inc/stm32f4xx_hal_uart.h:696:19: note: expected 'uint8_t * {aka unsigned char *}' but argument is of type 'char *'
 HAL_StatusTypeDef HAL_UART_Transmit(UART_HandleTypeDef *huart, uint8_t *pData, uint16_t Size, uint32_t Timeout);
                   ^~~~~~~~~~~~~~~~~
../Core/Src/FreqIO.c:448:23: warning: too many arguments for format [-Wformat-extra-args]
     sprintf(uartData, "Bad packet! Not enough octets\r\n\n",octet_count);
                       ^~~~~~~~~~~~~~~~~~~~~~~~~~~~~~~~~~~~~
../Core/Src/FreqIO.c:449:32: warning: pointer targets in passing argument 2 of 'HAL_UART_Transmit' differ in signedness [-Wpointer-sign]
     HAL_UART_Transmit(&huart2, uartData, strlen(uartData), 10);
                                ^~~~~~~~
In file included from ../Core/Inc/stm32f4xx_hal_conf.h:404:0,
                 from ../Drivers/STM32F4xx_HAL_Driver/Inc/stm32f4xx_hal.h:30,
                 from ../Core/Inc/main.h:31,
                 from ../Core/Src/FreqIO.h:12,
                 from ../Core/Src/FreqIO.c:7:
../Drivers/STM32F4xx_HAL_Driver/Inc/stm32f4xx_hal_uart.h:696:19: note: expected 'uint8_t * {aka unsigned char *}' but argument is of type 'char *'
 HAL_StatusTypeDef HAL_UART_Transmit(UART_HandleTypeDef *huart, uint8_t *pData, uint16_t Size, uint32_t Timeout);
                   ^~~~~~~~~~~~~~~~~
../Core/Src/FreqIO.c:455:32: warning: pointer targets in passing argument 2 of 'HAL_UART_Transmit' differ in signedness [-Wpointer-sign]
     HAL_UART_Transmit(&huart2, uartData, strlen(uartData), 10);
                                ^~~~~~~~
In file included from ../Core/Inc/stm32f4xx_hal_conf.h:404:0,
                 from ../Drivers/STM32F4xx_HAL_Driver/Inc/stm32f4xx_hal.h:30,
                 from ../Core/Inc/main.h:31,
                 from ../Core/Src/FreqIO.h:12,
                 from ../Core/Src/FreqIO.c:7:
../Drivers/STM32F4xx_HAL_Driver/Inc/stm32f4xx_hal_uart.h:696:19: note: expected 'uint8_t * {aka unsigned char *}' but argument is of type 'char *'
 HAL_StatusTypeDef HAL_UART_Transmit(UART_HandleTypeDef *huart, uint8_t *pData, uint16_t Size, uint32_t Timeout);
                   ^~~~~~~~~~~~~~~~~
../Core/Src/FreqIO.c:456:23: warning: too many arguments for format [-Wformat-extra-args]
     sprintf(uartData, "Bad packet! Not enough octetes.\r\n\n",octet_count);
                       ^~~~~~~~~~~~~~~~~~~~~~~~~~~~~~~~~~~~~~~
../Core/Src/FreqIO.c:457:32: warning: pointer targets in passing argument 2 of 'HAL_UART_Transmit' differ in signedness [-Wpointer-sign]
     HAL_UART_Transmit(&huart2, uartData, strlen(uartData), 10);
                                ^~~~~~~~
In file included from ../Core/Inc/stm32f4xx_hal_conf.h:404:0,
                 from ../Drivers/STM32F4xx_HAL_Driver/Inc/stm32f4xx_hal.h:30,
                 from ../Core/Inc/main.h:31,
                 from ../Core/Src/FreqIO.h:12,
                 from ../Core/Src/FreqIO.c:7:
../Drivers/STM32F4xx_HAL_Driver/Inc/stm32f4xx_hal_uart.h:696:19: note: expected 'uint8_t * {aka unsigned char *}' but argument is of type 'char *'
 HAL_StatusTypeDef HAL_UART_Transmit(UART_HandleTypeDef *huart, uint8_t *pData, uint16_t Size, uint32_t Timeout);
                   ^~~~~~~~~~~~~~~~~
../Core/Src/FreqIO.c:463:32: warning: pointer targets in passing argument 2 of 'HAL_UART_Transmit' differ in signedness [-Wpointer-sign]
     HAL_UART_Transmit(&huart2, uartData, strlen(uartData), 10);
                                ^~~~~~~~
In file included from ../Core/Inc/stm32f4xx_hal_conf.h:404:0,
                 from ../Drivers/STM32F4xx_HAL_Driver/Inc/stm32f4xx_hal.h:30,
                 from ../Core/Inc/main.h:31,
                 from ../Core/Src/FreqIO.h:12,
                 from ../Core/Src/FreqIO.c:7:
../Drivers/STM32F4xx_HAL_Driver/Inc/stm32f4xx_hal_uart.h:696:19: note: expected 'uint8_t * {aka unsigned char *}' but argument is of type 'char *'
 HAL_StatusTypeDef HAL_UART_Transmit(UART_HandleTypeDef *huart, uint8_t *pData, uint16_t Size, uint32_t Timeout);
                   ^~~~~~~~~~~~~~~~~
../Core/Src/FreqIO.c:475:5: warning: the address of 'toggleMode' will always evaluate as 'true' [-Waddress]
  if(toggleMode)
     ^~~~~~~~~~
arm-none-eabi-gcc -o "DAC_SINEWAVE.elf" @"objects.list"   -mcpu=cortex-m4 -T"C:\GitHub\TNCMCU\Software\Code Playground\DAC_SINEWAVE\STM32F446RETX_FLASH.ld" --specs=nosys.specs -Wl,-Map="DAC_SINEWAVE.map" -Wl,--gc-sections -static --specs=nano.specs -mfpu=fpv4-sp-d16 -mfloat-abi=hard -mthumb -Wl,--start-group -lc -lm -Wl,--end-group
Finished building target: DAC_SINEWAVE.elf
 
arm-none-eabi-objdump -h -S  DAC_SINEWAVE.elf  > "DAC_SINEWAVE.list"
arm-none-eabi-objcopy  -O binary  DAC_SINEWAVE.elf  "DAC_SINEWAVE.bin"
arm-none-eabi-size   DAC_SINEWAVE.elf 
   text	   data	    bss	    dec	    hex	filename
  28352	   2536	  28464	  59352	   e7d8	DAC_SINEWAVE.elf
Finished building: default.size.stdout
 
Finished building: DAC_SINEWAVE.bin
 
Finished building: DAC_SINEWAVE.list
 
17:14:54 **** Incremental Build of configuration Debug for project DAC_SINEWAVE ****
make -j8 all 
arm-none-eabi-gcc "../Core/Src/FreqIO.c" -mcpu=cortex-m4 -std=gnu11 -g3 -DUSE_HAL_DRIVER -DSTM32F446xx -DDEBUG -c -I../Core/Inc -I../Drivers/STM32F4xx_HAL_Driver/Inc -I../Drivers/STM32F4xx_HAL_Driver/Inc/Legacy -I../Drivers/CMSIS/Device/ST/STM32F4xx/Include -I../Drivers/CMSIS/Include -O0 -ffunction-sections -fdata-sections -Wall -fstack-usage -MMD -MP -MF"Core/Src/FreqIO.d" -MT"Core/Src/FreqIO.o" --specs=nano.specs -mfpu=fpv4-sp-d16 -mfloat-abi=hard -mthumb -o "Core/Src/FreqIO.o"
../Core/Src/FreqIO.c:189:18: warning: excess elements in array initializer
   1877,1919,1962,2005,2048
                  ^~~~
../Core/Src/FreqIO.c:189:18: note: (near initialization for 'wave')
../Core/Src/FreqIO.c:189:23: warning: excess elements in array initializer
   1877,1919,1962,2005,2048
                       ^~~~
../Core/Src/FreqIO.c:189:23: note: (near initialization for 'wave')
../Core/Src/FreqIO.c: In function 'edit_sineval':
../Core/Src/FreqIO.c:201:38: warning: format '%d' expects argument of type 'int', but argument 4 has type 'uint32_t {aka long unsigned int}' [-Wformat=]
   sprintf(uartData, "sinArray[%d] = %d\n",i,sinArray[i]);
                                     ~^      ~~~~~~~~~~~
                                     %ld
../Core/Src/FreqIO.c:202:30: warning: pointer targets in passing argument 2 of 'HAL_UART_Transmit' differ in signedness [-Wpointer-sign]
   HAL_UART_Transmit(&huart2, uartData, strlen(uartData), 10);
                              ^~~~~~~~
In file included from ../Core/Inc/stm32f4xx_hal_conf.h:404:0,
                 from ../Drivers/STM32F4xx_HAL_Driver/Inc/stm32f4xx_hal.h:30,
                 from ../Core/Inc/main.h:31,
                 from ../Core/Src/FreqIO.h:12,
                 from ../Core/Src/FreqIO.c:7:
../Drivers/STM32F4xx_HAL_Driver/Inc/stm32f4xx_hal_uart.h:696:19: note: expected 'uint8_t * {aka unsigned char *}' but argument is of type 'char *'
 HAL_StatusTypeDef HAL_UART_Transmit(UART_HandleTypeDef *huart, uint8_t *pData, uint16_t Size, uint32_t Timeout);
                   ^~~~~~~~~~~~~~~~~
../Core/Src/FreqIO.c: In function 'pertobit':
../Core/Src/FreqIO.c:282:2: warning: this 'if' clause does not guard... [-Wmisleading-indentation]
  if ((HIGHFREQ - FREQDEV < freq) && (freq < HIGHFREQ + FREQDEV))
  ^~
../Core/Src/FreqIO.c:284:4: note: ...this statement, but the latter is misleadingly indented as if it were guarded by the 'if'
    HAL_UART_Transmit(&huart2, uartData, strlen(uartData), 10);
    ^~~~~~~~~~~~~~~~~
../Core/Src/FreqIO.c:284:31: warning: pointer targets in passing argument 2 of 'HAL_UART_Transmit' differ in signedness [-Wpointer-sign]
    HAL_UART_Transmit(&huart2, uartData, strlen(uartData), 10);
                               ^~~~~~~~
In file included from ../Core/Inc/stm32f4xx_hal_conf.h:404:0,
                 from ../Drivers/STM32F4xx_HAL_Driver/Inc/stm32f4xx_hal.h:30,
                 from ../Core/Inc/main.h:31,
                 from ../Core/Src/FreqIO.h:12,
                 from ../Core/Src/FreqIO.c:7:
../Drivers/STM32F4xx_HAL_Driver/Inc/stm32f4xx_hal_uart.h:696:19: note: expected 'uint8_t * {aka unsigned char *}' but argument is of type 'char *'
 HAL_StatusTypeDef HAL_UART_Transmit(UART_HandleTypeDef *huart, uint8_t *pData, uint16_t Size, uint32_t Timeout);
                   ^~~~~~~~~~~~~~~~~
../Core/Src/FreqIO.c:286:2: error: 'else' without a previous 'if'
  else if ((LOWFREQ - FREQDEV < freq) && (freq < LOWFREQ + FREQDEV))
  ^~~~
../Core/Src/FreqIO.c:286:7: warning: this 'if' clause does not guard... [-Wmisleading-indentation]
  else if ((LOWFREQ - FREQDEV < freq) && (freq < LOWFREQ + FREQDEV))
       ^~
../Core/Src/FreqIO.c:288:4: note: ...this statement, but the latter is misleadingly indented as if it were guarded by the 'if'
    HAL_UART_Transmit(&huart2, uartData, strlen(uartData), 10);
    ^~~~~~~~~~~~~~~~~
../Core/Src/FreqIO.c:288:31: warning: pointer targets in passing argument 2 of 'HAL_UART_Transmit' differ in signedness [-Wpointer-sign]
    HAL_UART_Transmit(&huart2, uartData, strlen(uartData), 10);
                               ^~~~~~~~
In file included from ../Core/Inc/stm32f4xx_hal_conf.h:404:0,
                 from ../Drivers/STM32F4xx_HAL_Driver/Inc/stm32f4xx_hal.h:30,
                 from ../Core/Inc/main.h:31,
                 from ../Core/Src/FreqIO.h:12,
                 from ../Core/Src/FreqIO.c:7:
../Drivers/STM32F4xx_HAL_Driver/Inc/stm32f4xx_hal_uart.h:696:19: note: expected 'uint8_t * {aka unsigned char *}' but argument is of type 'char *'
 HAL_StatusTypeDef HAL_UART_Transmit(UART_HandleTypeDef *huart, uint8_t *pData, uint16_t Size, uint32_t Timeout);
                   ^~~~~~~~~~~~~~~~~
../Core/Src/FreqIO.c:290:2: error: 'else' without a previous 'if'
  else
  ^~~~
../Core/Src/FreqIO.c: In function 'loadBit':
../Core/Src/FreqIO.c:298:7: warning: variable 'goodbit' set but not used [-Wunused-but-set-variable]
  bool goodbit = false;
       ^~~~~~~
../Core/Src/FreqIO.c: In function 'loadOctet':
../Core/Src/FreqIO.c:354:30: warning: pointer targets in passing argument 2 of 'HAL_UART_Transmit' differ in signedness [-Wpointer-sign]
   HAL_UART_Transmit(&huart2, uartData, strlen(uartData), 10);
                              ^~~~~~~~
In file included from ../Core/Inc/stm32f4xx_hal_conf.h:404:0,
                 from ../Drivers/STM32F4xx_HAL_Driver/Inc/stm32f4xx_hal.h:30,
                 from ../Core/Inc/main.h:31,
                 from ../Core/Src/FreqIO.h:12,
                 from ../Core/Src/FreqIO.c:7:
../Drivers/STM32F4xx_HAL_Driver/Inc/stm32f4xx_hal_uart.h:696:19: note: expected 'uint8_t * {aka unsigned char *}' but argument is of type 'char *'
 HAL_StatusTypeDef HAL_UART_Transmit(UART_HandleTypeDef *huart, uint8_t *pData, uint16_t Size, uint32_t Timeout);
                   ^~~~~~~~~~~~~~~~~
../Core/Src/FreqIO.c:358:34: warning: pointer targets in passing argument 2 of 'HAL_UART_Transmit' differ in signedness [-Wpointer-sign]
       HAL_UART_Transmit(&huart2, uartData, strlen(uartData), 10);
                                  ^~~~~~~~
In file included from ../Core/Inc/stm32f4xx_hal_conf.h:404:0,
                 from ../Drivers/STM32F4xx_HAL_Driver/Inc/stm32f4xx_hal.h:30,
                 from ../Core/Inc/main.h:31,
                 from ../Core/Src/FreqIO.h:12,
                 from ../Core/Src/FreqIO.c:7:
../Drivers/STM32F4xx_HAL_Driver/Inc/stm32f4xx_hal_uart.h:696:19: note: expected 'uint8_t * {aka unsigned char *}' but argument is of type 'char *'
 HAL_StatusTypeDef HAL_UART_Transmit(UART_HandleTypeDef *huart, uint8_t *pData, uint16_t Size, uint32_t Timeout);
                   ^~~~~~~~~~~~~~~~~
../Core/Src/FreqIO.c:369:30: warning: pointer targets in passing argument 2 of 'HAL_UART_Transmit' differ in signedness [-Wpointer-sign]
   HAL_UART_Transmit(&huart2, uartData, strlen(uartData), 10);
                              ^~~~~~~~
In file included from ../Core/Inc/stm32f4xx_hal_conf.h:404:0,
                 from ../Drivers/STM32F4xx_HAL_Driver/Inc/stm32f4xx_hal.h:30,
                 from ../Core/Inc/main.h:31,
                 from ../Core/Src/FreqIO.h:12,
                 from ../Core/Src/FreqIO.c:7:
../Drivers/STM32F4xx_HAL_Driver/Inc/stm32f4xx_hal_uart.h:696:19: note: expected 'uint8_t * {aka unsigned char *}' but argument is of type 'char *'
 HAL_StatusTypeDef HAL_UART_Transmit(UART_HandleTypeDef *huart, uint8_t *pData, uint16_t Size, uint32_t Timeout);
                   ^~~~~~~~~~~~~~~~~
../Core/Src/FreqIO.c:375:31: warning: pointer targets in passing argument 2 of 'HAL_UART_Transmit' differ in signedness [-Wpointer-sign]
    HAL_UART_Transmit(&huart2, uartData, strlen(uartData), 10);
                               ^~~~~~~~
In file included from ../Core/Inc/stm32f4xx_hal_conf.h:404:0,
                 from ../Drivers/STM32F4xx_HAL_Driver/Inc/stm32f4xx_hal.h:30,
                 from ../Core/Inc/main.h:31,
                 from ../Core/Src/FreqIO.h:12,
                 from ../Core/Src/FreqIO.c:7:
../Drivers/STM32F4xx_HAL_Driver/Inc/stm32f4xx_hal_uart.h:696:19: note: expected 'uint8_t * {aka unsigned char *}' but argument is of type 'char *'
 HAL_StatusTypeDef HAL_UART_Transmit(UART_HandleTypeDef *huart, uint8_t *pData, uint16_t Size, uint32_t Timeout);
                   ^~~~~~~~~~~~~~~~~
../Core/Src/FreqIO.c:378:30: warning: pointer targets in passing argument 2 of 'HAL_UART_Transmit' differ in signedness [-Wpointer-sign]
   HAL_UART_Transmit(&huart2, uartData, strlen(uartData), 10);
                              ^~~~~~~~
In file included from ../Core/Inc/stm32f4xx_hal_conf.h:404:0,
                 from ../Drivers/STM32F4xx_HAL_Driver/Inc/stm32f4xx_hal.h:30,
                 from ../Core/Inc/main.h:31,
                 from ../Core/Src/FreqIO.h:12,
                 from ../Core/Src/FreqIO.c:7:
../Drivers/STM32F4xx_HAL_Driver/Inc/stm32f4xx_hal_uart.h:696:19: note: expected 'uint8_t * {aka unsigned char *}' but argument is of type 'char *'
 HAL_StatusTypeDef HAL_UART_Transmit(UART_HandleTypeDef *huart, uint8_t *pData, uint16_t Size, uint32_t Timeout);
                   ^~~~~~~~~~~~~~~~~
../Core/Src/FreqIO.c: In function 'streamGet':
../Core/Src/FreqIO.c:426:31: warning: pointer targets in passing argument 2 of 'HAL_UART_Transmit' differ in signedness [-Wpointer-sign]
    HAL_UART_Transmit(&huart2, uartData, strlen(uartData), 10);
                               ^~~~~~~~
In file included from ../Core/Inc/stm32f4xx_hal_conf.h:404:0,
                 from ../Drivers/STM32F4xx_HAL_Driver/Inc/stm32f4xx_hal.h:30,
                 from ../Core/Inc/main.h:31,
                 from ../Core/Src/FreqIO.h:12,
                 from ../Core/Src/FreqIO.c:7:
../Drivers/STM32F4xx_HAL_Driver/Inc/stm32f4xx_hal_uart.h:696:19: note: expected 'uint8_t * {aka unsigned char *}' but argument is of type 'char *'
 HAL_StatusTypeDef HAL_UART_Transmit(UART_HandleTypeDef *huart, uint8_t *pData, uint16_t Size, uint32_t Timeout);
                   ^~~~~~~~~~~~~~~~~
../Core/Src/FreqIO.c:435:32: warning: pointer targets in passing argument 2 of 'HAL_UART_Transmit' differ in signedness [-Wpointer-sign]
     HAL_UART_Transmit(&huart2, uartData, strlen(uartData), 10);
                                ^~~~~~~~
In file included from ../Core/Inc/stm32f4xx_hal_conf.h:404:0,
                 from ../Drivers/STM32F4xx_HAL_Driver/Inc/stm32f4xx_hal.h:30,
                 from ../Core/Inc/main.h:31,
                 from ../Core/Src/FreqIO.h:12,
                 from ../Core/Src/FreqIO.c:7:
../Drivers/STM32F4xx_HAL_Driver/Inc/stm32f4xx_hal_uart.h:696:19: note: expected 'uint8_t * {aka unsigned char *}' but argument is of type 'char *'
 HAL_StatusTypeDef HAL_UART_Transmit(UART_HandleTypeDef *huart, uint8_t *pData, uint16_t Size, uint32_t Timeout);
                   ^~~~~~~~~~~~~~~~~
../Core/Src/FreqIO.c:441:23: warning: too many arguments for format [-Wformat-extra-args]
     sprintf(uartData, "Bad packet! Detected bad signal.\n\n",octet_count);
                       ^~~~~~~~~~~~~~~~~~~~~~~~~~~~~~~~~~~~~~
../Core/Src/FreqIO.c:442:32: warning: pointer targets in passing argument 2 of 'HAL_UART_Transmit' differ in signedness [-Wpointer-sign]
     HAL_UART_Transmit(&huart2, uartData, strlen(uartData), 10);
                                ^~~~~~~~
In file included from ../Core/Inc/stm32f4xx_hal_conf.h:404:0,
                 from ../Drivers/STM32F4xx_HAL_Driver/Inc/stm32f4xx_hal.h:30,
                 from ../Core/Inc/main.h:31,
                 from ../Core/Src/FreqIO.h:12,
                 from ../Core/Src/FreqIO.c:7:
../Drivers/STM32F4xx_HAL_Driver/Inc/stm32f4xx_hal_uart.h:696:19: note: expected 'uint8_t * {aka unsigned char *}' but argument is of type 'char *'
 HAL_StatusTypeDef HAL_UART_Transmit(UART_HandleTypeDef *huart, uint8_t *pData, uint16_t Size, uint32_t Timeout);
                   ^~~~~~~~~~~~~~~~~
../Core/Src/FreqIO.c:448:23: warning: too many arguments for format [-Wformat-extra-args]
     sprintf(uartData, "Bad packet! Not enough octets\r\n\n",octet_count);
                       ^~~~~~~~~~~~~~~~~~~~~~~~~~~~~~~~~~~~~
../Core/Src/FreqIO.c:449:32: warning: pointer targets in passing argument 2 of 'HAL_UART_Transmit' differ in signedness [-Wpointer-sign]
     HAL_UART_Transmit(&huart2, uartData, strlen(uartData), 10);
                                ^~~~~~~~
In file included from ../Core/Inc/stm32f4xx_hal_conf.h:404:0,
                 from ../Drivers/STM32F4xx_HAL_Driver/Inc/stm32f4xx_hal.h:30,
                 from ../Core/Inc/main.h:31,
                 from ../Core/Src/FreqIO.h:12,
                 from ../Core/Src/FreqIO.c:7:
../Drivers/STM32F4xx_HAL_Driver/Inc/stm32f4xx_hal_uart.h:696:19: note: expected 'uint8_t * {aka unsigned char *}' but argument is of type 'char *'
 HAL_StatusTypeDef HAL_UART_Transmit(UART_HandleTypeDef *huart, uint8_t *pData, uint16_t Size, uint32_t Timeout);
                   ^~~~~~~~~~~~~~~~~
../Core/Src/FreqIO.c:455:32: warning: pointer targets in passing argument 2 of 'HAL_UART_Transmit' differ in signedness [-Wpointer-sign]
     HAL_UART_Transmit(&huart2, uartData, strlen(uartData), 10);
                                ^~~~~~~~
In file included from ../Core/Inc/stm32f4xx_hal_conf.h:404:0,
                 from ../Drivers/STM32F4xx_HAL_Driver/Inc/stm32f4xx_hal.h:30,
                 from ../Core/Inc/main.h:31,
                 from ../Core/Src/FreqIO.h:12,
                 from ../Core/Src/FreqIO.c:7:
../Drivers/STM32F4xx_HAL_Driver/Inc/stm32f4xx_hal_uart.h:696:19: note: expected 'uint8_t * {aka unsigned char *}' but argument is of type 'char *'
 HAL_StatusTypeDef HAL_UART_Transmit(UART_HandleTypeDef *huart, uint8_t *pData, uint16_t Size, uint32_t Timeout);
                   ^~~~~~~~~~~~~~~~~
../Core/Src/FreqIO.c:456:23: warning: too many arguments for format [-Wformat-extra-args]
     sprintf(uartData, "Bad packet! Not enough octetes.\r\n\n",octet_count);
                       ^~~~~~~~~~~~~~~~~~~~~~~~~~~~~~~~~~~~~~~
../Core/Src/FreqIO.c:457:32: warning: pointer targets in passing argument 2 of 'HAL_UART_Transmit' differ in signedness [-Wpointer-sign]
     HAL_UART_Transmit(&huart2, uartData, strlen(uartData), 10);
                                ^~~~~~~~
In file included from ../Core/Inc/stm32f4xx_hal_conf.h:404:0,
                 from ../Drivers/STM32F4xx_HAL_Driver/Inc/stm32f4xx_hal.h:30,
                 from ../Core/Inc/main.h:31,
                 from ../Core/Src/FreqIO.h:12,
                 from ../Core/Src/FreqIO.c:7:
../Drivers/STM32F4xx_HAL_Driver/Inc/stm32f4xx_hal_uart.h:696:19: note: expected 'uint8_t * {aka unsigned char *}' but argument is of type 'char *'
 HAL_StatusTypeDef HAL_UART_Transmit(UART_HandleTypeDef *huart, uint8_t *pData, uint16_t Size, uint32_t Timeout);
                   ^~~~~~~~~~~~~~~~~
../Core/Src/FreqIO.c:463:32: warning: pointer targets in passing argument 2 of 'HAL_UART_Transmit' differ in signedness [-Wpointer-sign]
     HAL_UART_Transmit(&huart2, uartData, strlen(uartData), 10);
                                ^~~~~~~~
In file included from ../Core/Inc/stm32f4xx_hal_conf.h:404:0,
                 from ../Drivers/STM32F4xx_HAL_Driver/Inc/stm32f4xx_hal.h:30,
                 from ../Core/Inc/main.h:31,
                 from ../Core/Src/FreqIO.h:12,
                 from ../Core/Src/FreqIO.c:7:
../Drivers/STM32F4xx_HAL_Driver/Inc/stm32f4xx_hal_uart.h:696:19: note: expected 'uint8_t * {aka unsigned char *}' but argument is of type 'char *'
 HAL_StatusTypeDef HAL_UART_Transmit(UART_HandleTypeDef *huart, uint8_t *pData, uint16_t Size, uint32_t Timeout);
                   ^~~~~~~~~~~~~~~~~
../Core/Src/FreqIO.c:475:5: warning: the address of 'toggleMode' will always evaluate as 'true' [-Waddress]
  if(toggleMode)
     ^~~~~~~~~~
make: *** [Core/Src/subdir.mk:41: Core/Src/FreqIO.o] Error 1
"make -j8 all" terminated with exit code 2. Build might be incomplete.
17:15:37 **** Incremental Build of configuration Debug for project DAC_SINEWAVE ****
make -j8 all 
arm-none-eabi-gcc "../Core/Src/FreqIO.c" -mcpu=cortex-m4 -std=gnu11 -g3 -DUSE_HAL_DRIVER -DSTM32F446xx -DDEBUG -c -I../Core/Inc -I../Drivers/STM32F4xx_HAL_Driver/Inc -I../Drivers/STM32F4xx_HAL_Driver/Inc/Legacy -I../Drivers/CMSIS/Device/ST/STM32F4xx/Include -I../Drivers/CMSIS/Include -O0 -ffunction-sections -fdata-sections -Wall -fstack-usage -MMD -MP -MF"Core/Src/FreqIO.d" -MT"Core/Src/FreqIO.o" --specs=nano.specs -mfpu=fpv4-sp-d16 -mfloat-abi=hard -mthumb -o "Core/Src/FreqIO.o"
../Core/Src/FreqIO.c:189:18: warning: excess elements in array initializer
   1877,1919,1962,2005,2048
                  ^~~~
../Core/Src/FreqIO.c:189:18: note: (near initialization for 'wave')
../Core/Src/FreqIO.c:189:23: warning: excess elements in array initializer
   1877,1919,1962,2005,2048
                       ^~~~
../Core/Src/FreqIO.c:189:23: note: (near initialization for 'wave')
../Core/Src/FreqIO.c: In function 'edit_sineval':
../Core/Src/FreqIO.c:201:38: warning: format '%d' expects argument of type 'int', but argument 4 has type 'uint32_t {aka long unsigned int}' [-Wformat=]
   sprintf(uartData, "sinArray[%d] = %d\n",i,sinArray[i]);
                                     ~^      ~~~~~~~~~~~
                                     %ld
../Core/Src/FreqIO.c:202:30: warning: pointer targets in passing argument 2 of 'HAL_UART_Transmit' differ in signedness [-Wpointer-sign]
   HAL_UART_Transmit(&huart2, uartData, strlen(uartData), 10);
                              ^~~~~~~~
In file included from ../Core/Inc/stm32f4xx_hal_conf.h:404:0,
                 from ../Drivers/STM32F4xx_HAL_Driver/Inc/stm32f4xx_hal.h:30,
                 from ../Core/Inc/main.h:31,
                 from ../Core/Src/FreqIO.h:12,
                 from ../Core/Src/FreqIO.c:7:
../Drivers/STM32F4xx_HAL_Driver/Inc/stm32f4xx_hal_uart.h:696:19: note: expected 'uint8_t * {aka unsigned char *}' but argument is of type 'char *'
 HAL_StatusTypeDef HAL_UART_Transmit(UART_HandleTypeDef *huart, uint8_t *pData, uint16_t Size, uint32_t Timeout);
                   ^~~~~~~~~~~~~~~~~
../Core/Src/FreqIO.c: In function 'pertobit':
../Core/Src/FreqIO.c:284:31: warning: pointer targets in passing argument 2 of 'HAL_UART_Transmit' differ in signedness [-Wpointer-sign]
    HAL_UART_Transmit(&huart2, uartData, strlen(uartData), 10);
                               ^~~~~~~~
In file included from ../Core/Inc/stm32f4xx_hal_conf.h:404:0,
                 from ../Drivers/STM32F4xx_HAL_Driver/Inc/stm32f4xx_hal.h:30,
                 from ../Core/Inc/main.h:31,
                 from ../Core/Src/FreqIO.h:12,
                 from ../Core/Src/FreqIO.c:7:
../Drivers/STM32F4xx_HAL_Driver/Inc/stm32f4xx_hal_uart.h:696:19: note: expected 'uint8_t * {aka unsigned char *}' but argument is of type 'char *'
 HAL_StatusTypeDef HAL_UART_Transmit(UART_HandleTypeDef *huart, uint8_t *pData, uint16_t Size, uint32_t Timeout);
                   ^~~~~~~~~~~~~~~~~
../Core/Src/FreqIO.c:289:31: warning: pointer targets in passing argument 2 of 'HAL_UART_Transmit' differ in signedness [-Wpointer-sign]
    HAL_UART_Transmit(&huart2, uartData, strlen(uartData), 10);
                               ^~~~~~~~
In file included from ../Core/Inc/stm32f4xx_hal_conf.h:404:0,
                 from ../Drivers/STM32F4xx_HAL_Driver/Inc/stm32f4xx_hal.h:30,
                 from ../Core/Inc/main.h:31,
                 from ../Core/Src/FreqIO.h:12,
                 from ../Core/Src/FreqIO.c:7:
../Drivers/STM32F4xx_HAL_Driver/Inc/stm32f4xx_hal_uart.h:696:19: note: expected 'uint8_t * {aka unsigned char *}' but argument is of type 'char *'
 HAL_StatusTypeDef HAL_UART_Transmit(UART_HandleTypeDef *huart, uint8_t *pData, uint16_t Size, uint32_t Timeout);
                   ^~~~~~~~~~~~~~~~~
../Core/Src/FreqIO.c: In function 'loadBit':
../Core/Src/FreqIO.c:300:7: warning: variable 'goodbit' set but not used [-Wunused-but-set-variable]
  bool goodbit = false;
       ^~~~~~~
../Core/Src/FreqIO.c: In function 'loadOctet':
../Core/Src/FreqIO.c:356:30: warning: pointer targets in passing argument 2 of 'HAL_UART_Transmit' differ in signedness [-Wpointer-sign]
   HAL_UART_Transmit(&huart2, uartData, strlen(uartData), 10);
                              ^~~~~~~~
In file included from ../Core/Inc/stm32f4xx_hal_conf.h:404:0,
                 from ../Drivers/STM32F4xx_HAL_Driver/Inc/stm32f4xx_hal.h:30,
                 from ../Core/Inc/main.h:31,
                 from ../Core/Src/FreqIO.h:12,
                 from ../Core/Src/FreqIO.c:7:
../Drivers/STM32F4xx_HAL_Driver/Inc/stm32f4xx_hal_uart.h:696:19: note: expected 'uint8_t * {aka unsigned char *}' but argument is of type 'char *'
 HAL_StatusTypeDef HAL_UART_Transmit(UART_HandleTypeDef *huart, uint8_t *pData, uint16_t Size, uint32_t Timeout);
                   ^~~~~~~~~~~~~~~~~
../Core/Src/FreqIO.c:360:34: warning: pointer targets in passing argument 2 of 'HAL_UART_Transmit' differ in signedness [-Wpointer-sign]
       HAL_UART_Transmit(&huart2, uartData, strlen(uartData), 10);
                                  ^~~~~~~~
In file included from ../Core/Inc/stm32f4xx_hal_conf.h:404:0,
                 from ../Drivers/STM32F4xx_HAL_Driver/Inc/stm32f4xx_hal.h:30,
                 from ../Core/Inc/main.h:31,
                 from ../Core/Src/FreqIO.h:12,
                 from ../Core/Src/FreqIO.c:7:
../Drivers/STM32F4xx_HAL_Driver/Inc/stm32f4xx_hal_uart.h:696:19: note: expected 'uint8_t * {aka unsigned char *}' but argument is of type 'char *'
 HAL_StatusTypeDef HAL_UART_Transmit(UART_HandleTypeDef *huart, uint8_t *pData, uint16_t Size, uint32_t Timeout);
                   ^~~~~~~~~~~~~~~~~
../Core/Src/FreqIO.c:371:30: warning: pointer targets in passing argument 2 of 'HAL_UART_Transmit' differ in signedness [-Wpointer-sign]
   HAL_UART_Transmit(&huart2, uartData, strlen(uartData), 10);
                              ^~~~~~~~
In file included from ../Core/Inc/stm32f4xx_hal_conf.h:404:0,
                 from ../Drivers/STM32F4xx_HAL_Driver/Inc/stm32f4xx_hal.h:30,
                 from ../Core/Inc/main.h:31,
                 from ../Core/Src/FreqIO.h:12,
                 from ../Core/Src/FreqIO.c:7:
../Drivers/STM32F4xx_HAL_Driver/Inc/stm32f4xx_hal_uart.h:696:19: note: expected 'uint8_t * {aka unsigned char *}' but argument is of type 'char *'
 HAL_StatusTypeDef HAL_UART_Transmit(UART_HandleTypeDef *huart, uint8_t *pData, uint16_t Size, uint32_t Timeout);
                   ^~~~~~~~~~~~~~~~~
../Core/Src/FreqIO.c:377:31: warning: pointer targets in passing argument 2 of 'HAL_UART_Transmit' differ in signedness [-Wpointer-sign]
    HAL_UART_Transmit(&huart2, uartData, strlen(uartData), 10);
                               ^~~~~~~~
In file included from ../Core/Inc/stm32f4xx_hal_conf.h:404:0,
                 from ../Drivers/STM32F4xx_HAL_Driver/Inc/stm32f4xx_hal.h:30,
                 from ../Core/Inc/main.h:31,
                 from ../Core/Src/FreqIO.h:12,
                 from ../Core/Src/FreqIO.c:7:
../Drivers/STM32F4xx_HAL_Driver/Inc/stm32f4xx_hal_uart.h:696:19: note: expected 'uint8_t * {aka unsigned char *}' but argument is of type 'char *'
 HAL_StatusTypeDef HAL_UART_Transmit(UART_HandleTypeDef *huart, uint8_t *pData, uint16_t Size, uint32_t Timeout);
                   ^~~~~~~~~~~~~~~~~
../Core/Src/FreqIO.c:380:30: warning: pointer targets in passing argument 2 of 'HAL_UART_Transmit' differ in signedness [-Wpointer-sign]
   HAL_UART_Transmit(&huart2, uartData, strlen(uartData), 10);
                              ^~~~~~~~
In file included from ../Core/Inc/stm32f4xx_hal_conf.h:404:0,
                 from ../Drivers/STM32F4xx_HAL_Driver/Inc/stm32f4xx_hal.h:30,
                 from ../Core/Inc/main.h:31,
                 from ../Core/Src/FreqIO.h:12,
                 from ../Core/Src/FreqIO.c:7:
../Drivers/STM32F4xx_HAL_Driver/Inc/stm32f4xx_hal_uart.h:696:19: note: expected 'uint8_t * {aka unsigned char *}' but argument is of type 'char *'
 HAL_StatusTypeDef HAL_UART_Transmit(UART_HandleTypeDef *huart, uint8_t *pData, uint16_t Size, uint32_t Timeout);
                   ^~~~~~~~~~~~~~~~~
../Core/Src/FreqIO.c: In function 'streamGet':
../Core/Src/FreqIO.c:428:31: warning: pointer targets in passing argument 2 of 'HAL_UART_Transmit' differ in signedness [-Wpointer-sign]
    HAL_UART_Transmit(&huart2, uartData, strlen(uartData), 10);
                               ^~~~~~~~
In file included from ../Core/Inc/stm32f4xx_hal_conf.h:404:0,
                 from ../Drivers/STM32F4xx_HAL_Driver/Inc/stm32f4xx_hal.h:30,
                 from ../Core/Inc/main.h:31,
                 from ../Core/Src/FreqIO.h:12,
                 from ../Core/Src/FreqIO.c:7:
../Drivers/STM32F4xx_HAL_Driver/Inc/stm32f4xx_hal_uart.h:696:19: note: expected 'uint8_t * {aka unsigned char *}' but argument is of type 'char *'
 HAL_StatusTypeDef HAL_UART_Transmit(UART_HandleTypeDef *huart, uint8_t *pData, uint16_t Size, uint32_t Timeout);
                   ^~~~~~~~~~~~~~~~~
../Core/Src/FreqIO.c:437:32: warning: pointer targets in passing argument 2 of 'HAL_UART_Transmit' differ in signedness [-Wpointer-sign]
     HAL_UART_Transmit(&huart2, uartData, strlen(uartData), 10);
                                ^~~~~~~~
In file included from ../Core/Inc/stm32f4xx_hal_conf.h:404:0,
                 from ../Drivers/STM32F4xx_HAL_Driver/Inc/stm32f4xx_hal.h:30,
                 from ../Core/Inc/main.h:31,
                 from ../Core/Src/FreqIO.h:12,
                 from ../Core/Src/FreqIO.c:7:
../Drivers/STM32F4xx_HAL_Driver/Inc/stm32f4xx_hal_uart.h:696:19: note: expected 'uint8_t * {aka unsigned char *}' but argument is of type 'char *'
 HAL_StatusTypeDef HAL_UART_Transmit(UART_HandleTypeDef *huart, uint8_t *pData, uint16_t Size, uint32_t Timeout);
                   ^~~~~~~~~~~~~~~~~
../Core/Src/FreqIO.c:443:23: warning: too many arguments for format [-Wformat-extra-args]
     sprintf(uartData, "Bad packet! Detected bad signal.\n\n",octet_count);
                       ^~~~~~~~~~~~~~~~~~~~~~~~~~~~~~~~~~~~~~
../Core/Src/FreqIO.c:444:32: warning: pointer targets in passing argument 2 of 'HAL_UART_Transmit' differ in signedness [-Wpointer-sign]
     HAL_UART_Transmit(&huart2, uartData, strlen(uartData), 10);
                                ^~~~~~~~
In file included from ../Core/Inc/stm32f4xx_hal_conf.h:404:0,
                 from ../Drivers/STM32F4xx_HAL_Driver/Inc/stm32f4xx_hal.h:30,
                 from ../Core/Inc/main.h:31,
                 from ../Core/Src/FreqIO.h:12,
                 from ../Core/Src/FreqIO.c:7:
../Drivers/STM32F4xx_HAL_Driver/Inc/stm32f4xx_hal_uart.h:696:19: note: expected 'uint8_t * {aka unsigned char *}' but argument is of type 'char *'
 HAL_StatusTypeDef HAL_UART_Transmit(UART_HandleTypeDef *huart, uint8_t *pData, uint16_t Size, uint32_t Timeout);
                   ^~~~~~~~~~~~~~~~~
../Core/Src/FreqIO.c:450:23: warning: too many arguments for format [-Wformat-extra-args]
     sprintf(uartData, "Bad packet! Not enough octets\r\n\n",octet_count);
                       ^~~~~~~~~~~~~~~~~~~~~~~~~~~~~~~~~~~~~
../Core/Src/FreqIO.c:451:32: warning: pointer targets in passing argument 2 of 'HAL_UART_Transmit' differ in signedness [-Wpointer-sign]
     HAL_UART_Transmit(&huart2, uartData, strlen(uartData), 10);
                                ^~~~~~~~
In file included from ../Core/Inc/stm32f4xx_hal_conf.h:404:0,
                 from ../Drivers/STM32F4xx_HAL_Driver/Inc/stm32f4xx_hal.h:30,
                 from ../Core/Inc/main.h:31,
                 from ../Core/Src/FreqIO.h:12,
                 from ../Core/Src/FreqIO.c:7:
../Drivers/STM32F4xx_HAL_Driver/Inc/stm32f4xx_hal_uart.h:696:19: note: expected 'uint8_t * {aka unsigned char *}' but argument is of type 'char *'
 HAL_StatusTypeDef HAL_UART_Transmit(UART_HandleTypeDef *huart, uint8_t *pData, uint16_t Size, uint32_t Timeout);
                   ^~~~~~~~~~~~~~~~~
../Core/Src/FreqIO.c:457:32: warning: pointer targets in passing argument 2 of 'HAL_UART_Transmit' differ in signedness [-Wpointer-sign]
     HAL_UART_Transmit(&huart2, uartData, strlen(uartData), 10);
                                ^~~~~~~~
In file included from ../Core/Inc/stm32f4xx_hal_conf.h:404:0,
                 from ../Drivers/STM32F4xx_HAL_Driver/Inc/stm32f4xx_hal.h:30,
                 from ../Core/Inc/main.h:31,
                 from ../Core/Src/FreqIO.h:12,
                 from ../Core/Src/FreqIO.c:7:
../Drivers/STM32F4xx_HAL_Driver/Inc/stm32f4xx_hal_uart.h:696:19: note: expected 'uint8_t * {aka unsigned char *}' but argument is of type 'char *'
 HAL_StatusTypeDef HAL_UART_Transmit(UART_HandleTypeDef *huart, uint8_t *pData, uint16_t Size, uint32_t Timeout);
                   ^~~~~~~~~~~~~~~~~
../Core/Src/FreqIO.c:458:23: warning: too many arguments for format [-Wformat-extra-args]
     sprintf(uartData, "Bad packet! Not enough octetes.\r\n\n",octet_count);
                       ^~~~~~~~~~~~~~~~~~~~~~~~~~~~~~~~~~~~~~~
../Core/Src/FreqIO.c:459:32: warning: pointer targets in passing argument 2 of 'HAL_UART_Transmit' differ in signedness [-Wpointer-sign]
     HAL_UART_Transmit(&huart2, uartData, strlen(uartData), 10);
                                ^~~~~~~~
In file included from ../Core/Inc/stm32f4xx_hal_conf.h:404:0,
                 from ../Drivers/STM32F4xx_HAL_Driver/Inc/stm32f4xx_hal.h:30,
                 from ../Core/Inc/main.h:31,
                 from ../Core/Src/FreqIO.h:12,
                 from ../Core/Src/FreqIO.c:7:
../Drivers/STM32F4xx_HAL_Driver/Inc/stm32f4xx_hal_uart.h:696:19: note: expected 'uint8_t * {aka unsigned char *}' but argument is of type 'char *'
 HAL_StatusTypeDef HAL_UART_Transmit(UART_HandleTypeDef *huart, uint8_t *pData, uint16_t Size, uint32_t Timeout);
                   ^~~~~~~~~~~~~~~~~
../Core/Src/FreqIO.c:465:32: warning: pointer targets in passing argument 2 of 'HAL_UART_Transmit' differ in signedness [-Wpointer-sign]
     HAL_UART_Transmit(&huart2, uartData, strlen(uartData), 10);
                                ^~~~~~~~
In file included from ../Core/Inc/stm32f4xx_hal_conf.h:404:0,
                 from ../Drivers/STM32F4xx_HAL_Driver/Inc/stm32f4xx_hal.h:30,
                 from ../Core/Inc/main.h:31,
                 from ../Core/Src/FreqIO.h:12,
                 from ../Core/Src/FreqIO.c:7:
../Drivers/STM32F4xx_HAL_Driver/Inc/stm32f4xx_hal_uart.h:696:19: note: expected 'uint8_t * {aka unsigned char *}' but argument is of type 'char *'
 HAL_StatusTypeDef HAL_UART_Transmit(UART_HandleTypeDef *huart, uint8_t *pData, uint16_t Size, uint32_t Timeout);
                   ^~~~~~~~~~~~~~~~~
../Core/Src/FreqIO.c:477:5: warning: the address of 'toggleMode' will always evaluate as 'true' [-Waddress]
  if(toggleMode)
     ^~~~~~~~~~
arm-none-eabi-gcc -o "DAC_SINEWAVE.elf" @"objects.list"   -mcpu=cortex-m4 -T"C:\GitHub\TNCMCU\Software\Code Playground\DAC_SINEWAVE\STM32F446RETX_FLASH.ld" --specs=nosys.specs -Wl,-Map="DAC_SINEWAVE.map" -Wl,--gc-sections -static --specs=nano.specs -mfpu=fpv4-sp-d16 -mfloat-abi=hard -mthumb -Wl,--start-group -lc -lm -Wl,--end-group
Finished building target: DAC_SINEWAVE.elf
 
arm-none-eabi-objdump -h -S  DAC_SINEWAVE.elf  > "DAC_SINEWAVE.list"
arm-none-eabi-objcopy  -O binary  DAC_SINEWAVE.elf  "DAC_SINEWAVE.bin"
arm-none-eabi-size   DAC_SINEWAVE.elf 
   text	   data	    bss	    dec	    hex	filename
  28448	   2536	  28464	  59448	   e838	DAC_SINEWAVE.elf
Finished building: default.size.stdout
 
Finished building: DAC_SINEWAVE.bin
 
Finished building: DAC_SINEWAVE.list
 
17:17:51 **** Incremental Build of configuration Debug for project DAC_SINEWAVE ****
make -j8 all 
arm-none-eabi-gcc "../Core/Src/FreqIO.c" -mcpu=cortex-m4 -std=gnu11 -g3 -DUSE_HAL_DRIVER -DSTM32F446xx -DDEBUG -c -I../Core/Inc -I../Drivers/STM32F4xx_HAL_Driver/Inc -I../Drivers/STM32F4xx_HAL_Driver/Inc/Legacy -I../Drivers/CMSIS/Device/ST/STM32F4xx/Include -I../Drivers/CMSIS/Include -O0 -ffunction-sections -fdata-sections -Wall -fstack-usage -MMD -MP -MF"Core/Src/FreqIO.d" -MT"Core/Src/FreqIO.o" --specs=nano.specs -mfpu=fpv4-sp-d16 -mfloat-abi=hard -mthumb -o "Core/Src/FreqIO.o"
../Core/Src/FreqIO.c:189:18: warning: excess elements in array initializer
   1877,1919,1962,2005,2048
                  ^~~~
../Core/Src/FreqIO.c:189:18: note: (near initialization for 'wave')
../Core/Src/FreqIO.c:189:23: warning: excess elements in array initializer
   1877,1919,1962,2005,2048
                       ^~~~
../Core/Src/FreqIO.c:189:23: note: (near initialization for 'wave')
../Core/Src/FreqIO.c: In function 'edit_sineval':
../Core/Src/FreqIO.c:201:38: warning: format '%d' expects argument of type 'int', but argument 4 has type 'uint32_t {aka long unsigned int}' [-Wformat=]
   sprintf(uartData, "sinArray[%d] = %d\n",i,sinArray[i]);
                                     ~^      ~~~~~~~~~~~
                                     %ld
../Core/Src/FreqIO.c:202:30: warning: pointer targets in passing argument 2 of 'HAL_UART_Transmit' differ in signedness [-Wpointer-sign]
   HAL_UART_Transmit(&huart2, uartData, strlen(uartData), 10);
                              ^~~~~~~~
In file included from ../Core/Inc/stm32f4xx_hal_conf.h:404:0,
                 from ../Drivers/STM32F4xx_HAL_Driver/Inc/stm32f4xx_hal.h:30,
                 from ../Core/Inc/main.h:31,
                 from ../Core/Src/FreqIO.h:12,
                 from ../Core/Src/FreqIO.c:7:
../Drivers/STM32F4xx_HAL_Driver/Inc/stm32f4xx_hal_uart.h:696:19: note: expected 'uint8_t * {aka unsigned char *}' but argument is of type 'char *'
 HAL_StatusTypeDef HAL_UART_Transmit(UART_HandleTypeDef *huart, uint8_t *pData, uint16_t Size, uint32_t Timeout);
                   ^~~~~~~~~~~~~~~~~
../Core/Src/FreqIO.c: In function 'pertobit':
../Core/Src/FreqIO.c:284:31: warning: pointer targets in passing argument 2 of 'HAL_UART_Transmit' differ in signedness [-Wpointer-sign]
    HAL_UART_Transmit(&huart2, uartData, strlen(uartData), 10);
                               ^~~~~~~~
In file included from ../Core/Inc/stm32f4xx_hal_conf.h:404:0,
                 from ../Drivers/STM32F4xx_HAL_Driver/Inc/stm32f4xx_hal.h:30,
                 from ../Core/Inc/main.h:31,
                 from ../Core/Src/FreqIO.h:12,
                 from ../Core/Src/FreqIO.c:7:
../Drivers/STM32F4xx_HAL_Driver/Inc/stm32f4xx_hal_uart.h:696:19: note: expected 'uint8_t * {aka unsigned char *}' but argument is of type 'char *'
 HAL_StatusTypeDef HAL_UART_Transmit(UART_HandleTypeDef *huart, uint8_t *pData, uint16_t Size, uint32_t Timeout);
                   ^~~~~~~~~~~~~~~~~
../Core/Src/FreqIO.c:289:31: warning: pointer targets in passing argument 2 of 'HAL_UART_Transmit' differ in signedness [-Wpointer-sign]
    HAL_UART_Transmit(&huart2, uartData, strlen(uartData), 10);
                               ^~~~~~~~
In file included from ../Core/Inc/stm32f4xx_hal_conf.h:404:0,
                 from ../Drivers/STM32F4xx_HAL_Driver/Inc/stm32f4xx_hal.h:30,
                 from ../Core/Inc/main.h:31,
                 from ../Core/Src/FreqIO.h:12,
                 from ../Core/Src/FreqIO.c:7:
../Drivers/STM32F4xx_HAL_Driver/Inc/stm32f4xx_hal_uart.h:696:19: note: expected 'uint8_t * {aka unsigned char *}' but argument is of type 'char *'
 HAL_StatusTypeDef HAL_UART_Transmit(UART_HandleTypeDef *huart, uint8_t *pData, uint16_t Size, uint32_t Timeout);
                   ^~~~~~~~~~~~~~~~~
../Core/Src/FreqIO.c: In function 'loadBit':
../Core/Src/FreqIO.c:300:7: warning: variable 'goodbit' set but not used [-Wunused-but-set-variable]
  bool goodbit = false;
       ^~~~~~~
../Core/Src/FreqIO.c: In function 'loadOctet':
../Core/Src/FreqIO.c:356:30: warning: pointer targets in passing argument 2 of 'HAL_UART_Transmit' differ in signedness [-Wpointer-sign]
   HAL_UART_Transmit(&huart2, uartData, strlen(uartData), 10);
                              ^~~~~~~~
In file included from ../Core/Inc/stm32f4xx_hal_conf.h:404:0,
                 from ../Drivers/STM32F4xx_HAL_Driver/Inc/stm32f4xx_hal.h:30,
                 from ../Core/Inc/main.h:31,
                 from ../Core/Src/FreqIO.h:12,
                 from ../Core/Src/FreqIO.c:7:
../Drivers/STM32F4xx_HAL_Driver/Inc/stm32f4xx_hal_uart.h:696:19: note: expected 'uint8_t * {aka unsigned char *}' but argument is of type 'char *'
 HAL_StatusTypeDef HAL_UART_Transmit(UART_HandleTypeDef *huart, uint8_t *pData, uint16_t Size, uint32_t Timeout);
                   ^~~~~~~~~~~~~~~~~
../Core/Src/FreqIO.c:360:34: warning: pointer targets in passing argument 2 of 'HAL_UART_Transmit' differ in signedness [-Wpointer-sign]
       HAL_UART_Transmit(&huart2, uartData, strlen(uartData), 10);
                                  ^~~~~~~~
In file included from ../Core/Inc/stm32f4xx_hal_conf.h:404:0,
                 from ../Drivers/STM32F4xx_HAL_Driver/Inc/stm32f4xx_hal.h:30,
                 from ../Core/Inc/main.h:31,
                 from ../Core/Src/FreqIO.h:12,
                 from ../Core/Src/FreqIO.c:7:
../Drivers/STM32F4xx_HAL_Driver/Inc/stm32f4xx_hal_uart.h:696:19: note: expected 'uint8_t * {aka unsigned char *}' but argument is of type 'char *'
[...]
                   ^~~~~~~~~~~~~~~~~
../Core/Src/AX.25.c:799:43: warning: passing argument 2 of 'crc_calc' from incompatible pointer type [-Wincompatible-pointer-types]
   crc_calc((int)((local_packet->Info)[i]),crc_ptr,crc_count_ptr);
                                           ^~~~~~~
../Core/Src/AX.25.c:758:6: note: expected 'int *' but argument is of type 'uint16_t * {aka short unsigned int *}'
 void crc_calc(int in_bit, int * crc_ptr_in, int * crc_count_ptr_in){
      ^~~~~~~~
../Core/Src/AX.25.c:806:42: warning: passing argument 2 of 'crc_calc' from incompatible pointer type [-Wincompatible-pointer-types]
   crc_calc((int)((local_packet->PID)[i]),crc_ptr,crc_count_ptr);
                                          ^~~~~~~
../Core/Src/AX.25.c:758:6: note: expected 'int *' but argument is of type 'uint16_t * {aka short unsigned int *}'
 void crc_calc(int in_bit, int * crc_ptr_in, int * crc_count_ptr_in){
      ^~~~~~~~
../Core/Src/AX.25.c:813:46: warning: passing argument 2 of 'crc_calc' from incompatible pointer type [-Wincompatible-pointer-types]
   crc_calc((int)((local_packet->control)[i]),crc_ptr,crc_count_ptr);
                                              ^~~~~~~
../Core/Src/AX.25.c:758:6: note: expected 'int *' but argument is of type 'uint16_t * {aka short unsigned int *}'
 void crc_calc(int in_bit, int * crc_ptr_in, int * crc_count_ptr_in){
      ^~~~~~~~
../Core/Src/AX.25.c:819:46: warning: passing argument 2 of 'crc_calc' from incompatible pointer type [-Wincompatible-pointer-types]
   crc_calc((int)((local_packet->address)[i]),crc_ptr,crc_count_ptr);
                                              ^~~~~~~
../Core/Src/AX.25.c:758:6: note: expected 'int *' but argument is of type 'uint16_t * {aka short unsigned int *}'
 void crc_calc(int in_bit, int * crc_ptr_in, int * crc_count_ptr_in){
      ^~~~~~~~
../Core/Src/AX.25.c:822:29: warning: pointer targets in passing argument 2 of 'HAL_UART_Transmit' differ in signedness [-Wpointer-sign]
  HAL_UART_Transmit(&huart2, uartData, strlen(uartData), 10);
                             ^~~~~~~~
In file included from ../Core/Inc/stm32f4xx_hal_conf.h:404:0,
                 from ../Drivers/STM32F4xx_HAL_Driver/Inc/stm32f4xx_hal.h:30,
                 from ../Core/Inc/main.h:31,
                 from ../Core/Src/AX.25.h:12,
                 from ../Core/Src/AX.25.c:7:
../Drivers/STM32F4xx_HAL_Driver/Inc/stm32f4xx_hal_uart.h:696:19: note: expected 'uint8_t * {aka unsigned char *}' but argument is of type 'char *'
 HAL_StatusTypeDef HAL_UART_Transmit(UART_HandleTypeDef *huart, uint8_t *pData, uint16_t Size, uint32_t Timeout);
                   ^~~~~~~~~~~~~~~~~
../Core/Src/AX.25.c:825:29: warning: pointer targets in passing argument 2 of 'HAL_UART_Transmit' differ in signedness [-Wpointer-sign]
  HAL_UART_Transmit(&huart2, uartData, strlen(uartData), 10);
                             ^~~~~~~~
In file included from ../Core/Inc/stm32f4xx_hal_conf.h:404:0,
                 from ../Drivers/STM32F4xx_HAL_Driver/Inc/stm32f4xx_hal.h:30,
                 from ../Core/Inc/main.h:31,
                 from ../Core/Src/AX.25.h:12,
                 from ../Core/Src/AX.25.c:7:
../Drivers/STM32F4xx_HAL_Driver/Inc/stm32f4xx_hal_uart.h:696:19: note: expected 'uint8_t * {aka unsigned char *}' but argument is of type 'char *'
 HAL_StatusTypeDef HAL_UART_Transmit(UART_HandleTypeDef *huart, uint8_t *pData, uint16_t Size, uint32_t Timeout);
                   ^~~~~~~~~~~~~~~~~
../Core/Src/AX.25.c: In function 'receiving_AX25':
../Core/Src/AX.25.c:465:1: warning: control reaches end of non-void function [-Wreturn-type]
 }
 ^
arm-none-eabi-gcc -o "DAC_SINEWAVE.elf" @"objects.list"   -mcpu=cortex-m4 -T"C:\GitHub\TNCMCU\Software\Code Playground\DAC_SINEWAVE\STM32F446RETX_FLASH.ld" --specs=nosys.specs -Wl,-Map="DAC_SINEWAVE.map" -Wl,--gc-sections -static --specs=nano.specs -mfpu=fpv4-sp-d16 -mfloat-abi=hard -mthumb -Wl,--start-group -lc -lm -Wl,--end-group
Finished building target: DAC_SINEWAVE.elf
 
arm-none-eabi-objdump -h -S  DAC_SINEWAVE.elf  > "DAC_SINEWAVE.list"
arm-none-eabi-objcopy  -O binary  DAC_SINEWAVE.elf  "DAC_SINEWAVE.bin"
arm-none-eabi-size   DAC_SINEWAVE.elf 
   text	   data	    bss	    dec	    hex	filename
  28500	   2536	  28464	  59500	   e86c	DAC_SINEWAVE.elf
Finished building: default.size.stdout
 
Finished building: DAC_SINEWAVE.bin
 
Finished building: DAC_SINEWAVE.list
 
17:47:21 **** Incremental Build of configuration Debug for project DAC_SINEWAVE ****
make -j8 all 
arm-none-eabi-gcc "../Core/Src/FreqIO.c" -mcpu=cortex-m4 -std=gnu11 -g3 -DUSE_HAL_DRIVER -DSTM32F446xx -DDEBUG -c -I../Core/Inc -I../Drivers/STM32F4xx_HAL_Driver/Inc -I../Drivers/STM32F4xx_HAL_Driver/Inc/Legacy -I../Drivers/CMSIS/Device/ST/STM32F4xx/Include -I../Drivers/CMSIS/Include -O0 -ffunction-sections -fdata-sections -Wall -fstack-usage -MMD -MP -MF"Core/Src/FreqIO.d" -MT"Core/Src/FreqIO.o" --specs=nano.specs -mfpu=fpv4-sp-d16 -mfloat-abi=hard -mthumb -o "Core/Src/FreqIO.o"
../Core/Src/FreqIO.c:189:18: warning: excess elements in array initializer
   1877,1919,1962,2005,2048
                  ^~~~
../Core/Src/FreqIO.c:189:18: note: (near initialization for 'wave')
../Core/Src/FreqIO.c:189:23: warning: excess elements in array initializer
   1877,1919,1962,2005,2048
                       ^~~~
../Core/Src/FreqIO.c:189:23: note: (near initialization for 'wave')
../Core/Src/FreqIO.c: In function 'edit_sineval':
../Core/Src/FreqIO.c:201:38: warning: format '%d' expects argument of type 'int', but argument 4 has type 'uint32_t {aka long unsigned int}' [-Wformat=]
   sprintf(uartData, "sinArray[%d] = %d\n",i,sinArray[i]);
                                     ~^      ~~~~~~~~~~~
                                     %ld
../Core/Src/FreqIO.c:202:30: warning: pointer targets in passing argument 2 of 'HAL_UART_Transmit' differ in signedness [-Wpointer-sign]
   HAL_UART_Transmit(&huart2, uartData, strlen(uartData), 10);
                              ^~~~~~~~
In file included from ../Core/Inc/stm32f4xx_hal_conf.h:404:0,
                 from ../Drivers/STM32F4xx_HAL_Driver/Inc/stm32f4xx_hal.h:30,
                 from ../Core/Inc/main.h:31,
                 from ../Core/Src/FreqIO.h:12,
                 from ../Core/Src/FreqIO.c:7:
../Drivers/STM32F4xx_HAL_Driver/Inc/stm32f4xx_hal_uart.h:696:19: note: expected 'uint8_t * {aka unsigned char *}' but argument is of type 'char *'
 HAL_StatusTypeDef HAL_UART_Transmit(UART_HandleTypeDef *huart, uint8_t *pData, uint16_t Size, uint32_t Timeout);
                   ^~~~~~~~~~~~~~~~~
../Core/Src/FreqIO.c: In function 'pertobit':
../Core/Src/FreqIO.c:284:31: warning: pointer targets in passing argument 2 of 'HAL_UART_Transmit' differ in signedness [-Wpointer-sign]
    HAL_UART_Transmit(&huart2, uartData, strlen(uartData), 10);
                               ^~~~~~~~
In file included from ../Core/Inc/stm32f4xx_hal_conf.h:404:0,
                 from ../Drivers/STM32F4xx_HAL_Driver/Inc/stm32f4xx_hal.h:30,
                 from ../Core/Inc/main.h:31,
                 from ../Core/Src/FreqIO.h:12,
                 from ../Core/Src/FreqIO.c:7:
../Drivers/STM32F4xx_HAL_Driver/Inc/stm32f4xx_hal_uart.h:696:19: note: expected 'uint8_t * {aka unsigned char *}' but argument is of type 'char *'
 HAL_StatusTypeDef HAL_UART_Transmit(UART_HandleTypeDef *huart, uint8_t *pData, uint16_t Size, uint32_t Timeout);
                   ^~~~~~~~~~~~~~~~~
../Core/Src/FreqIO.c:289:31: warning: pointer targets in passing argument 2 of 'HAL_UART_Transmit' differ in signedness [-Wpointer-sign]
    HAL_UART_Transmit(&huart2, uartData, strlen(uartData), 10);
                               ^~~~~~~~
In file included from ../Core/Inc/stm32f4xx_hal_conf.h:404:0,
                 from ../Drivers/STM32F4xx_HAL_Driver/Inc/stm32f4xx_hal.h:30,
                 from ../Core/Inc/main.h:31,
                 from ../Core/Src/FreqIO.h:12,
                 from ../Core/Src/FreqIO.c:7:
../Drivers/STM32F4xx_HAL_Driver/Inc/stm32f4xx_hal_uart.h:696:19: note: expected 'uint8_t * {aka unsigned char *}' but argument is of type 'char *'
 HAL_StatusTypeDef HAL_UART_Transmit(UART_HandleTypeDef *huart, uint8_t *pData, uint16_t Size, uint32_t Timeout);
                   ^~~~~~~~~~~~~~~~~
../Core/Src/FreqIO.c: In function 'loadBit':
../Core/Src/FreqIO.c:302:7: warning: variable 'goodbit' set but not used [-Wunused-but-set-variable]
  bool goodbit = false;
       ^~~~~~~
../Core/Src/FreqIO.c: In function 'loadOctet':
../Core/Src/FreqIO.c:360:30: warning: pointer targets in passing argument 2 of 'HAL_UART_Transmit' differ in signedness [-Wpointer-sign]
   HAL_UART_Transmit(&huart2, uartData, strlen(uartData), 10);
                              ^~~~~~~~
In file included from ../Core/Inc/stm32f4xx_hal_conf.h:404:0,
                 from ../Drivers/STM32F4xx_HAL_Driver/Inc/stm32f4xx_hal.h:30,
                 from ../Core/Inc/main.h:31,
                 from ../Core/Src/FreqIO.h:12,
                 from ../Core/Src/FreqIO.c:7:
../Drivers/STM32F4xx_HAL_Driver/Inc/stm32f4xx_hal_uart.h:696:19: note: expected 'uint8_t * {aka unsigned char *}' but argument is of type 'char *'
 HAL_StatusTypeDef HAL_UART_Transmit(UART_HandleTypeDef *huart, uint8_t *pData, uint16_t Size, uint32_t Timeout);
                   ^~~~~~~~~~~~~~~~~
../Core/Src/FreqIO.c:364:34: warning: pointer targets in passing argument 2 of 'HAL_UART_Transmit' differ in signedness [-Wpointer-sign]
       HAL_UART_Transmit(&huart2, uartData, strlen(uartData), 10);
                                  ^~~~~~~~
In file included from ../Core/Inc/stm32f4xx_hal_conf.h:404:0,
                 from ../Drivers/STM32F4xx_HAL_Driver/Inc/stm32f4xx_hal.h:30,
                 from ../Core/Inc/main.h:31,
                 from ../Core/Src/FreqIO.h:12,
                 from ../Core/Src/FreqIO.c:7:
../Drivers/STM32F4xx_HAL_Driver/Inc/stm32f4xx_hal_uart.h:696:19: note: expected 'uint8_t * {aka unsigned char *}' but argument is of type 'char *'
 HAL_StatusTypeDef HAL_UART_Transmit(UART_HandleTypeDef *huart, uint8_t *pData, uint16_t Size, uint32_t Timeout);
                   ^~~~~~~~~~~~~~~~~
../Core/Src/FreqIO.c:375:30: warning: pointer targets in passing argument 2 of 'HAL_UART_Transmit' differ in signedness [-Wpointer-sign]
   HAL_UART_Transmit(&huart2, uartData, strlen(uartData), 10);
                              ^~~~~~~~
In file included from ../Core/Inc/stm32f4xx_hal_conf.h:404:0,
                 from ../Drivers/STM32F4xx_HAL_Driver/Inc/stm32f4xx_hal.h:30,
                 from ../Core/Inc/main.h:31,
                 from ../Core/Src/FreqIO.h:12,
                 from ../Core/Src/FreqIO.c:7:
../Drivers/STM32F4xx_HAL_Driver/Inc/stm32f4xx_hal_uart.h:696:19: note: expected 'uint8_t * {aka unsigned char *}' but argument is of type 'char *'
 HAL_StatusTypeDef HAL_UART_Transmit(UART_HandleTypeDef *huart, uint8_t *pData, uint16_t Size, uint32_t Timeout);
                   ^~~~~~~~~~~~~~~~~
../Core/Src/FreqIO.c:381:31: warning: pointer targets in passing argument 2 of 'HAL_UART_Transmit' differ in signedness [-Wpointer-sign]
    HAL_UART_Transmit(&huart2, uartData, strlen(uartData), 10);
                               ^~~~~~~~
In file included from ../Core/Inc/stm32f4xx_hal_conf.h:404:0,
                 from ../Drivers/STM32F4xx_HAL_Driver/Inc/stm32f4xx_hal.h:30,
                 from ../Core/Inc/main.h:31,
                 from ../Core/Src/FreqIO.h:12,
                 from ../Core/Src/FreqIO.c:7:
../Drivers/STM32F4xx_HAL_Driver/Inc/stm32f4xx_hal_uart.h:696:19: note: expected 'uint8_t * {aka unsigned char *}' but argument is of type 'char *'
 HAL_StatusTypeDef HAL_UART_Transmit(UART_HandleTypeDef *huart, uint8_t *pData, uint16_t Size, uint32_t Timeout);
                   ^~~~~~~~~~~~~~~~~
../Core/Src/FreqIO.c:384:30: warning: pointer targets in passing argument 2 of 'HAL_UART_Transmit' differ in signedness [-Wpointer-sign]
   HAL_UART_Transmit(&huart2, uartData, strlen(uartData), 10);
                              ^~~~~~~~
In file included from ../Core/Inc/stm32f4xx_hal_conf.h:404:0,
                 from ../Drivers/STM32F4xx_HAL_Driver/Inc/stm32f4xx_hal.h:30,
                 from ../Core/Inc/main.h:31,
                 from ../Core/Src/FreqIO.h:12,
                 from ../Core/Src/FreqIO.c:7:
../Drivers/STM32F4xx_HAL_Driver/Inc/stm32f4xx_hal_uart.h:696:19: note: expected 'uint8_t * {aka unsigned char *}' but argument is of type 'char *'
 HAL_StatusTypeDef HAL_UART_Transmit(UART_HandleTypeDef *huart, uint8_t *pData, uint16_t Size, uint32_t Timeout);
                   ^~~~~~~~~~~~~~~~~
../Core/Src/FreqIO.c: In function 'streamGet':
../Core/Src/FreqIO.c:433:31: warning: pointer targets in passing argument 2 of 'HAL_UART_Transmit' differ in signedness [-Wpointer-sign]
    HAL_UART_Transmit(&huart2, uartData, strlen(uartData), 10);
                               ^~~~~~~~
In file included from ../Core/Inc/stm32f4xx_hal_conf.h:404:0,
                 from ../Drivers/STM32F4xx_HAL_Driver/Inc/stm32f4xx_hal.h:30,
                 from ../Core/Inc/main.h:31,
                 from ../Core/Src/FreqIO.h:12,
                 from ../Core/Src/FreqIO.c:7:
../Drivers/STM32F4xx_HAL_Driver/Inc/stm32f4xx_hal_uart.h:696:19: note: expected 'uint8_t * {aka unsigned char *}' but argument is of type 'char *'
 HAL_StatusTypeDef HAL_UART_Transmit(UART_HandleTypeDef *huart, uint8_t *pData, uint16_t Size, uint32_t Timeout);
                   ^~~~~~~~~~~~~~~~~
../Core/Src/FreqIO.c:442:32: warning: pointer targets in passing argument 2 of 'HAL_UART_Transmit' differ in signedness [-Wpointer-sign]
     HAL_UART_Transmit(&huart2, uartData, strlen(uartData), 10);
                                ^~~~~~~~
In file included from ../Core/Inc/stm32f4xx_hal_conf.h:404:0,
                 from ../Drivers/STM32F4xx_HAL_Driver/Inc/stm32f4xx_hal.h:30,
                 from ../Core/Inc/main.h:31,
                 from ../Core/Src/FreqIO.h:12,
                 from ../Core/Src/FreqIO.c:7:
../Drivers/STM32F4xx_HAL_Driver/Inc/stm32f4xx_hal_uart.h:696:19: note: expected 'uint8_t * {aka unsigned char *}' but argument is of type 'char *'
 HAL_StatusTypeDef HAL_UART_Transmit(UART_HandleTypeDef *huart, uint8_t *pData, uint16_t Size, uint32_t Timeout);
                   ^~~~~~~~~~~~~~~~~
../Core/Src/FreqIO.c:448:23: warning: too many arguments for format [-Wformat-extra-args]
     sprintf(uartData, "Bad packet! Detected bad signal.\n\n",octet_count);
                       ^~~~~~~~~~~~~~~~~~~~~~~~~~~~~~~~~~~~~~
../Core/Src/FreqIO.c:449:32: warning: pointer targets in passing argument 2 of 'HAL_UART_Transmit' differ in signedness [-Wpointer-sign]
     HAL_UART_Transmit(&huart2, uartData, strlen(uartData), 10);
                                ^~~~~~~~
In file included from ../Core/Inc/stm32f4xx_hal_conf.h:404:0,
                 from ../Drivers/STM32F4xx_HAL_Driver/Inc/stm32f4xx_hal.h:30,
                 from ../Core/Inc/main.h:31,
                 from ../Core/Src/FreqIO.h:12,
                 from ../Core/Src/FreqIO.c:7:
../Drivers/STM32F4xx_HAL_Driver/Inc/stm32f4xx_hal_uart.h:696:19: note: expected 'uint8_t * {aka unsigned char *}' but argument is of type 'char *'
 HAL_StatusTypeDef HAL_UART_Transmit(UART_HandleTypeDef *huart, uint8_t *pData, uint16_t Size, uint32_t Timeout);
                   ^~~~~~~~~~~~~~~~~
../Core/Src/FreqIO.c:455:23: warning: too many arguments for format [-Wformat-extra-args]
     sprintf(uartData, "Bad packet! Not enough octets\r\n\n",octet_count);
                       ^~~~~~~~~~~~~~~~~~~~~~~~~~~~~~~~~~~~~
../Core/Src/FreqIO.c:456:32: warning: pointer targets in passing argument 2 of 'HAL_UART_Transmit' differ in signedness [-Wpointer-sign]
     HAL_UART_Transmit(&huart2, uartData, strlen(uartData), 10);
                                ^~~~~~~~
In file included from ../Core/Inc/stm32f4xx_hal_conf.h:404:0,
                 from ../Drivers/STM32F4xx_HAL_Driver/Inc/stm32f4xx_hal.h:30,
                 from ../Core/Inc/main.h:31,
                 from ../Core/Src/FreqIO.h:12,
                 from ../Core/Src/FreqIO.c:7:
../Drivers/STM32F4xx_HAL_Driver/Inc/stm32f4xx_hal_uart.h:696:19: note: expected 'uint8_t * {aka unsigned char *}' but argument is of type 'char *'
 HAL_StatusTypeDef HAL_UART_Transmit(UART_HandleTypeDef *huart, uint8_t *pData, uint16_t Size, uint32_t Timeout);
                   ^~~~~~~~~~~~~~~~~
../Core/Src/FreqIO.c:462:32: warning: pointer targets in passing argument 2 of 'HAL_UART_Transmit' differ in signedness [-Wpointer-sign]
     HAL_UART_Transmit(&huart2, uartData, strlen(uartData), 10);
                                ^~~~~~~~
In file included from ../Core/Inc/stm32f4xx_hal_conf.h:404:0,
                 from ../Drivers/STM32F4xx_HAL_Driver/Inc/stm32f4xx_hal.h:30,
                 from ../Core/Inc/main.h:31,
                 from ../Core/Src/FreqIO.h:12,
                 from ../Core/Src/FreqIO.c:7:
../Drivers/STM32F4xx_HAL_Driver/Inc/stm32f4xx_hal_uart.h:696:19: note: expected 'uint8_t * {aka unsigned char *}' but argument is of type 'char *'
 HAL_StatusTypeDef HAL_UART_Transmit(UART_HandleTypeDef *huart, uint8_t *pData, uint16_t Size, uint32_t Timeout);
                   ^~~~~~~~~~~~~~~~~
../Core/Src/FreqIO.c:463:23: warning: too many arguments for format [-Wformat-extra-args]
     sprintf(uartData, "Bad packet! Not enough octetes.\r\n\n",octet_count);
                       ^~~~~~~~~~~~~~~~~~~~~~~~~~~~~~~~~~~~~~~
../Core/Src/FreqIO.c:464:32: warning: pointer targets in passing argument 2 of 'HAL_UART_Transmit' differ in signedness [-Wpointer-sign]
     HAL_UART_Transmit(&huart2, uartData, strlen(uartData), 10);
                                ^~~~~~~~
In file included from ../Core/Inc/stm32f4xx_hal_conf.h:404:0,
                 from ../Drivers/STM32F4xx_HAL_Driver/Inc/stm32f4xx_hal.h:30,
                 from ../Core/Inc/main.h:31,
                 from ../Core/Src/FreqIO.h:12,
                 from ../Core/Src/FreqIO.c:7:
../Drivers/STM32F4xx_HAL_Driver/Inc/stm32f4xx_hal_uart.h:696:19: note: expected 'uint8_t * {aka unsigned char *}' but argument is of type 'char *'
 HAL_StatusTypeDef HAL_UART_Transmit(UART_HandleTypeDef *huart, uint8_t *pData, uint16_t Size, uint32_t Timeout);
                   ^~~~~~~~~~~~~~~~~
../Core/Src/FreqIO.c:470:32: warning: pointer targets in passing argument 2 of 'HAL_UART_Transmit' differ in signedness [-Wpointer-sign]
     HAL_UART_Transmit(&huart2, uartData, strlen(uartData), 10);
                                ^~~~~~~~
In file included from ../Core/Inc/stm32f4xx_hal_conf.h:404:0,
                 from ../Drivers/STM32F4xx_HAL_Driver/Inc/stm32f4xx_hal.h:30,
                 from ../Core/Inc/main.h:31,
                 from ../Core/Src/FreqIO.h:12,
                 from ../Core/Src/FreqIO.c:7:
../Drivers/STM32F4xx_HAL_Driver/Inc/stm32f4xx_hal_uart.h:696:19: note: expected 'uint8_t * {aka unsigned char *}' but argument is of type 'char *'
 HAL_StatusTypeDef HAL_UART_Transmit(UART_HandleTypeDef *huart, uint8_t *pData, uint16_t Size, uint32_t Timeout);
                   ^~~~~~~~~~~~~~~~~
../Core/Src/FreqIO.c:482:5: warning: the address of 'toggleMode' will always evaluate as 'true' [-Waddress]
  if(toggleMode)
     ^~~~~~~~~~
arm-none-eabi-gcc -o "DAC_SINEWAVE.elf" @"objects.list"   -mcpu=cortex-m4 -T"C:\GitHub\TNCMCU\Software\Code Playground\DAC_SINEWAVE\STM32F446RETX_FLASH.ld" --specs=nosys.specs -Wl,-Map="DAC_SINEWAVE.map" -Wl,--gc-sections -static --specs=nano.specs -mfpu=fpv4-sp-d16 -mfloat-abi=hard -mthumb -Wl,--start-group -lc -lm -Wl,--end-group
Finished building target: DAC_SINEWAVE.elf
 
arm-none-eabi-objdump -h -S  DAC_SINEWAVE.elf  > "DAC_SINEWAVE.list"
arm-none-eabi-objcopy  -O binary  DAC_SINEWAVE.elf  "DAC_SINEWAVE.bin"
arm-none-eabi-size   DAC_SINEWAVE.elf 
   text	   data	    bss	    dec	    hex	filename
  28392	   2536	  28464	  59392	   e800	DAC_SINEWAVE.elf
Finished building: default.size.stdout
 
Finished building: DAC_SINEWAVE.bin
 
Finished building: DAC_SINEWAVE.list
 
