14:09:23 **** Incremental Build of configuration Debug for project Clock Recovery Code ****
make -j8 all 
arm-none-eabi-gcc "../Core/Src/main.c" -mcpu=cortex-m4 -std=gnu11 -g3 -DUSE_HAL_DRIVER -DSTM32F446xx -DDEBUG -c -I../Core/Inc -I../Drivers/STM32F4xx_HAL_Driver/Inc -I../Drivers/STM32F4xx_HAL_Driver/Inc/Legacy -I../Drivers/CMSIS/Device/ST/STM32F4xx/Include -I../Drivers/CMSIS/Include -O0 -ffunction-sections -fdata-sections -Wall -fstack-usage -MMD -MP -MF"Core/Src/main.d" -MT"Core/Src/main.o" --specs=nano.specs -mfpu=fpv4-sp-d16 -mfloat-abi=hard -mthumb -o "Core/Src/main.o"
../Core/Src/main.c: In function 'HAL_TIM_OC_DelayElapsedCallback':
../Core/Src/main.c:393:3: warning: implicit declaration of function 'sprintf' [-Wimplicit-function-declaration]
   sprintf(array, "\nWorking on that clock sig\n");
   ^~~~~~~
../Core/Src/main.c:393:3: warning: incompatible implicit declaration of built-in function 'sprintf'
../Core/Src/main.c:393:3: note: include '<stdio.h>' or provide a declaration of 'sprintf'
../Core/Src/main.c:394:37: warning: implicit declaration of function 'strlen' [-Wimplicit-function-declaration]
   HAL_UART_Transmit(&huart2, array, strlen(array), 10);
                                     ^~~~~~
../Core/Src/main.c:394:37: warning: incompatible implicit declaration of built-in function 'strlen'
../Core/Src/main.c:394:37: note: include '<string.h>' or provide a declaration of 'strlen'
../Core/Src/main.c:394:30: warning: pointer targets in passing argument 2 of 'HAL_UART_Transmit' differ in signedness [-Wpointer-sign]
   HAL_UART_Transmit(&huart2, array, strlen(array), 10);
                              ^~~~~
In file included from ../Core/Inc/stm32f4xx_hal_conf.h:404:0,
                 from ../Drivers/STM32F4xx_HAL_Driver/Inc/stm32f4xx_hal.h:30,
                 from ../Core/Inc/main.h:31,
                 from ../Core/Src/main.c:21:
../Drivers/STM32F4xx_HAL_Driver/Inc/stm32f4xx_hal_uart.h:696:19: note: expected 'uint8_t * {aka unsigned char *}' but argument is of type 'char *'
 HAL_StatusTypeDef HAL_UART_Transmit(UART_HandleTypeDef *huart, uint8_t *pData, uint16_t Size, uint32_t Timeout);
                   ^~~~~~~~~~~~~~~~~
At top level:
../Core/Src/main.c:290:13: warning: 'MX_USART2_UART_Init' defined but not used [-Wunused-function]
 static void MX_USART2_UART_Init(void)
             ^~~~~~~~~~~~~~~~~~~
../Core/Src/main.c:183:13: warning: 'MX_TIM2_Init' defined but not used [-Wunused-function]
 static void MX_TIM2_Init(void)
             ^~~~~~~~~~~~
arm-none-eabi-gcc -o "Clock Recovery Code.elf" @"objects.list"   -mcpu=cortex-m4 -T"C:\GitHub\TNCMCU\Software\Code Playground\Clock Recovery Code\STM32F446RETX_FLASH.ld" --specs=nosys.specs -Wl,-Map="Clock Recovery Code.map" -Wl,--gc-sections -static --specs=nano.specs -mfpu=fpv4-sp-d16 -mfloat-abi=hard -mthumb -Wl,--start-group -lc -lm -Wl,--end-group
Finished building target: Clock Recovery Code.elf
 
arm-none-eabi-objdump -h -S  Clock\ Recovery\ Code.elf  > "Clock Recovery Code.list"
arm-none-eabi-objcopy  -O binary  Clock\ Recovery\ Code.elf  "Clock Recovery Code.bin"
arm-none-eabi-size   Clock\ Recovery\ Code.elf 
   text	   data	    bss	    dec	    hex	filename
  10140	     20	   1884	  12044	   2f0c	Clock Recovery Code.elf
Finished building: default.size.stdout
 
Finished building: Clock Recovery Code.bin
 
Finished building: Clock Recovery Code.list
 
14:09:26 **** Incremental Build of configuration Debug for project Clock Recovery Code ****
make -j8 all 
arm-none-eabi-size   Clock\ Recovery\ Code.elf 
   text	   data	    bss	    dec	    hex	filename
  10140	     20	   1884	  12044	   2f0c	Clock Recovery Code.elf
Finished building: default.size.stdout
 
