18:51:25 **** Incremental Build of configuration Debug for project DAC_SINEWAVE ****
make -j8 all 
arm-none-eabi-gcc "../Core/Src/AX.25.c" -mcpu=cortex-m4 -std=gnu11 -g3 -DUSE_HAL_DRIVER -DSTM32F446xx -DDEBUG -c -I../Core/Inc -I../Drivers/STM32F4xx_HAL_Driver/Inc -I../Drivers/STM32F4xx_HAL_Driver/Inc/Legacy -I../Drivers/CMSIS/Device/ST/STM32F4xx/Include -I../Drivers/CMSIS/Include -O0 -ffunction-sections -fdata-sections -Wall -fstack-usage -MMD -MP -MF"Core/Src/AX.25.d" -MT"Core/Src/AX.25.o" --specs=nano.specs -mfpu=fpv4-sp-d16 -mfloat-abi=hard -mthumb -o "Core/Src/AX.25.o"
../Core/Src/AX.25.c: In function 'tx_rx':
../Core/Src/AX.25.c:42:31: warning: pointer targets in passing argument 2 of 'HAL_UART_Transmit' differ in signedness [-Wpointer-sign]
    HAL_UART_Transmit(&huart2, uartData, strlen(uartData), 10);
                               ^~~~~~~~
In file included from ../Core/Inc/stm32f4xx_hal_conf.h:404:0,
                 from ../Drivers/STM32F4xx_HAL_Driver/Inc/stm32f4xx_hal.h:30,
                 from ../Core/Inc/main.h:31,
                 from ../Core/Src/AX.25.h:12,
                 from ../Core/Src/AX.25.c:7:
../Drivers/STM32F4xx_HAL_Driver/Inc/stm32f4xx_hal_uart.h:696:19: note: expected 'uint8_t * {aka unsigned char *}' but argument is of type 'char *'
 HAL_StatusTypeDef HAL_UART_Transmit(UART_HandleTypeDef *huart, uint8_t *pData, uint16_t Size, uint32_t Timeout);
                   ^~~~~~~~~~~~~~~~~
../Core/Src/AX.25.c: In function 'transmitting_AX25':
../Core/Src/AX.25.c:86:2: warning: implicit declaration of function 'output_AX25'; did you mean 'ouput_AX25'? [-Wimplicit-function-declaration]
  output_AX25();
  ^~~~~~~~~~~
  ouput_AX25
../Core/Src/AX.25.c: In function 'generate_AX25':
../Core/Src/AX.25.c:137:19: warning: initialization from incompatible pointer type [-Wincompatible-pointer-types]
  bool *curr_mem = &local_packet->KISS_PACKET; //keep track of what address to copy from
                   ^
../Core/Src/AX.25.c:144:10: warning: 'return' with a value, in function returning void
   return false; //discard
          ^~~~~
../Core/Src/AX.25.c:134:6: note: declared here
 void generate_AX25(){
      ^~~~~~~~~~~~~
../Core/Src/AX.25.c:162:9: warning: 'return' with a value, in function returning void
  return true; //valid packet
         ^~~~
../Core/Src/AX.25.c:134:6: note: declared here
 void generate_AX25(){
      ^~~~~~~~~~~~~
../Core/Src/AX.25.c: In function 'generate_KISS':
../Core/Src/AX.25.c:168:19: warning: initialization from incompatible pointer type [-Wincompatible-pointer-types]
  bool *curr_mem = &local_packet->KISS_PACKET;
                   ^
../Core/Src/AX.25.c: In function 'Packet_Validate':
../Core/Src/AX.25.c:211:19: warning: initialization from incompatible pointer type [-Wincompatible-pointer-types]
  bool *curr_mem = &local_packet->AX25_temp_buffer; //keep track of what address to copy from
                   ^
arm-none-eabi-gcc -o "DAC_SINEWAVE.elf" @"objects.list"   -mcpu=cortex-m4 -T"C:\GitHub\TNCMCU\Software\Code Playground\DAC_SINEWAVE\STM32F446RETX_FLASH.ld" --specs=nosys.specs -Wl,-Map="DAC_SINEWAVE.map" -Wl,--gc-sections -static --specs=nano.specs -mfpu=fpv4-sp-d16 -mfloat-abi=hard -mthumb -Wl,--start-group -lc -lm -Wl,--end-group
Finished building target: DAC_SINEWAVE.elf
 
arm-none-eabi-objdump -h -S  DAC_SINEWAVE.elf  > "DAC_SINEWAVE.list"
arm-none-eabi-objcopy  -O binary  DAC_SINEWAVE.elf  "DAC_SINEWAVE.bin"
arm-none-eabi-size   DAC_SINEWAVE.elf 
   text	   data	    bss	    dec	    hex	filename
  27784	    128	  19080	  46992	   b790	DAC_SINEWAVE.elf
Finished building: default.size.stdout
 
Finished building: DAC_SINEWAVE.bin
 
Finished building: DAC_SINEWAVE.list
 
