21:32:39 **** Incremental Build of configuration Debug for project DAC_SINEWAVE ****
make -j8 all 
arm-none-eabi-gcc "../Core/Src/main.c" -mcpu=cortex-m4 -std=gnu11 -g3 -DUSE_HAL_DRIVER -DSTM32F446xx -DDEBUG -c -I../Core/Inc -I../Drivers/STM32F4xx_HAL_Driver/Inc -I../Drivers/STM32F4xx_HAL_Driver/Inc/Legacy -I../Drivers/CMSIS/Device/ST/STM32F4xx/Include -I../Drivers/CMSIS/Include -O0 -ffunction-sections -fdata-sections -Wall -fstack-usage -MMD -MP -MF"Core/Src/main.d" -MT"Core/Src/main.o" --specs=nano.specs -mfpu=fpv4-sp-d16 -mfloat-abi=hard -mthumb -o "Core/Src/main.o"
../Core/Src/main.c: In function 'main':
../Core/Src/main.c:109:12: warning: unused variable 'captureVal' [-Wunused-variable]
   uint32_t captureVal;
            ^~~~~~~~~~
../Core/Src/main.c: At top level:
../Core/Src/main.c:486:1: warning: data definition has no type or storage class
 OC_count = 0;
 ^~~~~~~~
../Core/Src/main.c:486:1: warning: type defaults to 'int' in declaration of 'OC_count' [-Wimplicit-int]
../Core/Src/main.c: In function 'HAL_TIM_OC_DelayElapsedCallback':
../Core/Src/main.c:492:3: warning: implicit declaration of function 'Tim2_OC_Callback'; did you mean 'Tim3_IT_Callback'? [-Wimplicit-function-declaration]
   Tim2_OC_Callback();
   ^~~~~~~~~~~~~~~~
   Tim3_IT_Callback
../Core/Src/main.c: In function 'HAL_TIM_IC_CaptureCallback':
../Core/Src/main.c:512:3: warning: implicit declaration of function 'Tim5_IC_Callback'; did you mean 'Tim3_IT_Callback'? [-Wimplicit-function-declaration]
   Tim5_IC_Callback();
   ^~~~~~~~~~~~~~~~
   Tim3_IT_Callback
At top level:
../Core/Src/main.c:414:13: warning: 'MX_DMA_Init' defined but not used [-Wunused-function]
 static void MX_DMA_Init(void)
             ^~~~~~~~~~~
../Core/Src/main.c:279:13: warning: 'MX_TIM3_Init' defined but not used [-Wunused-function]
 static void MX_TIM3_Init(void)
             ^~~~~~~~~~~~
../Core/Src/main.c:182:13: warning: 'MX_DAC_Init' defined but not used [-Wunused-function]
 static void MX_DAC_Init(void)
             ^~~~~~~~~~~
arm-none-eabi-gcc -o "DAC_SINEWAVE.elf" @"objects.list"   -mcpu=cortex-m4 -T"C:\GitHub\TNCMCU\Software\Code Playground\DAC_SINEWAVE\STM32F446RETX_FLASH.ld" --specs=nosys.specs -Wl,-Map="DAC_SINEWAVE.map" -Wl,--gc-sections -static --specs=nano.specs -mfpu=fpv4-sp-d16 -mfloat-abi=hard -mthumb -Wl,--start-group -lc -lm -Wl,--end-group
Finished building target: DAC_SINEWAVE.elf
 
arm-none-eabi-objdump -h -S  DAC_SINEWAVE.elf  > "DAC_SINEWAVE.list"
arm-none-eabi-objcopy  -O binary  DAC_SINEWAVE.elf  "DAC_SINEWAVE.bin"
arm-none-eabi-size   DAC_SINEWAVE.elf 
   text	   data	    bss	    dec	    hex	filename
  17796	     24	  12240	  30060	   756c	DAC_SINEWAVE.elf
Finished building: default.size.stdout
 
Finished building: DAC_SINEWAVE.bin
 
Finished building: DAC_SINEWAVE.list
 
21:32:44 **** Incremental Build of configuration Debug for project DAC_SINEWAVE ****
make -j8 all 
arm-none-eabi-size   DAC_SINEWAVE.elf 
   text	   data	    bss	    dec	    hex	filename
  17796	     24	  12240	  30060	   756c	DAC_SINEWAVE.elf
Finished building: default.size.stdout
 
21:34:12 **** Incremental Build of configuration Debug for project DAC_SINEWAVE ****
make -j8 all 
arm-none-eabi-gcc "../Core/Src/FreqIO.c" -mcpu=cortex-m4 -std=gnu11 -g3 -DUSE_HAL_DRIVER -DSTM32F446xx -DDEBUG -c -I../Core/Inc -I../Drivers/STM32F4xx_HAL_Driver/Inc -I../Drivers/STM32F4xx_HAL_Driver/Inc/Legacy -I../Drivers/CMSIS/Device/ST/STM32F4xx/Include -I../Drivers/CMSIS/Include -O0 -ffunction-sections -fdata-sections -Wall -fstack-usage -MMD -MP -MF"Core/Src/FreqIO.d" -MT"Core/Src/FreqIO.o" --specs=nano.specs -mfpu=fpv4-sp-d16 -mfloat-abi=hard -mthumb -o "Core/Src/FreqIO.o"
arm-none-eabi-gcc "../Core/Src/main.c" -mcpu=cortex-m4 -std=gnu11 -g3 -DUSE_HAL_DRIVER -DSTM32F446xx -DDEBUG -c -I../Core/Inc -I../Drivers/STM32F4xx_HAL_Driver/Inc -I../Drivers/STM32F4xx_HAL_Driver/Inc/Legacy -I../Drivers/CMSIS/Device/ST/STM32F4xx/Include -I../Drivers/CMSIS/Include -O0 -ffunction-sections -fdata-sections -Wall -fstack-usage -MMD -MP -MF"Core/Src/main.d" -MT"Core/Src/main.o" --specs=nano.specs -mfpu=fpv4-sp-d16 -mfloat-abi=hard -mthumb -o "Core/Src/main.o"
../Core/Src/main.c: In function 'main':
../Core/Src/main.c:108:12: warning: unused variable 'captureVal' [-Wunused-variable]
   uint32_t captureVal;
            ^~~~~~~~~~
../Core/Src/main.c: At top level:
../Core/Src/main.c:485:1: warning: data definition has no type or storage class
 OC_count = 0;
 ^~~~~~~~
../Core/Src/main.c:485:1: warning: type defaults to 'int' in declaration of 'OC_count' [-Wimplicit-int]
../Core/Src/FreqIO.c: In function 'initProgram':
../Core/Src/FreqIO.c:30:4: warning: implicit declaration of function 'MX_GPIO_Init'; did you mean 'HAL_GPIO_Init'? [-Wimplicit-function-declaration]
    MX_GPIO_Init();
    ^~~~~~~~~~~~
    HAL_GPIO_Init
../Core/Src/main.c: In function 'HAL_TIM_OC_DelayElapsedCallback':
../Core/Src/main.c:491:3: warning: implicit declaration of function 'Tim2_OC_Callback'; did you mean 'Tim3_IT_Callback'? [-Wimplicit-function-declaration]
   Tim2_OC_Callback();
   ^~~~~~~~~~~~~~~~
   Tim3_IT_Callback
../Core/Src/main.c: In function 'HAL_TIM_IC_CaptureCallback':
../Core/Src/main.c:511:3: warning: implicit declaration of function 'Tim5_IC_Callback'; did you mean 'Tim3_IT_Callback'? [-Wimplicit-function-declaration]
   Tim5_IC_Callback();
   ^~~~~~~~~~~~~~~~
   Tim3_IT_Callback
At top level:
../Core/Src/main.c:431:13: warning: 'MX_GPIO_Init' defined but not used [-Wunused-function]
 static void MX_GPIO_Init(void)
             ^~~~~~~~~~~~
../Core/Src/main.c:413:13: warning: 'MX_DMA_Init' defined but not used [-Wunused-function]
 static void MX_DMA_Init(void)
             ^~~~~~~~~~~
../Core/Src/main.c:381:13: warning: 'MX_USART2_UART_Init' defined but not used [-Wunused-function]
 static void MX_USART2_UART_Init(void)
             ^~~~~~~~~~~~~~~~~~~
../Core/Src/main.c:323:13: warning: 'MX_TIM5_Init' defined but not used [-Wunused-function]
 static void MX_TIM5_Init(void)
             ^~~~~~~~~~~~
../Core/Src/main.c:278:13: warning: 'MX_TIM3_Init' defined but not used [-Wunused-function]
 static void MX_TIM3_Init(void)
             ^~~~~~~~~~~~
../Core/Src/main.c:219:13: warning: 'MX_TIM2_Init' defined but not used [-Wunused-function]
 static void MX_TIM2_Init(void)
             ^~~~~~~~~~~~
../Core/Src/main.c:181:13: warning: 'MX_DAC_Init' defined but not used [-Wunused-function]
 static void MX_DAC_Init(void)
             ^~~~~~~~~~~
../Core/Src/FreqIO.c:31:4: warning: implicit declaration of function 'MX_USART2_UART_Init'; did you mean 'HAL_UART_Init'? [-Wimplicit-function-declaration]
    MX_USART2_UART_Init();
    ^~~~~~~~~~~~~~~~~~~
    HAL_UART_Init
../Core/Src/FreqIO.c:32:4: warning: implicit declaration of function 'MX_TIM2_Init'; did you mean 'HAL_LIN_Init'? [-Wimplicit-function-declaration]
    MX_TIM2_Init();
    ^~~~~~~~~~~~
    HAL_LIN_Init
../Core/Src/FreqIO.c:33:4: warning: implicit declaration of function 'MX_TIM3_Init'; did you mean 'HAL_LIN_Init'? [-Wimplicit-function-declaration]
    MX_TIM3_Init();
    ^~~~~~~~~~~~
    HAL_LIN_Init
../Core/Src/FreqIO.c:34:4: warning: implicit declaration of function 'MX_TIM5_Init'; did you mean 'HAL_LIN_Init'? [-Wimplicit-function-declaration]
    MX_TIM5_Init();
    ^~~~~~~~~~~~
    HAL_LIN_Init
../Core/Src/FreqIO.c: In function 'readBitBuffer':
../Core/Src/FreqIO.c:118:31: warning: pointer targets in passing argument 2 of 'HAL_UART_Transmit' differ in signedness [-Wpointer-sign]
    HAL_UART_Transmit(&huart2, uartData, strlen(uartData), 10);
                               ^~~~~~~~
In file included from ../Core/Inc/stm32f4xx_hal_conf.h:404:0,
                 from ../Drivers/STM32F4xx_HAL_Driver/Inc/stm32f4xx_hal.h:30,
                 from ../Core/Inc/main.h:31,
                 from ../Core/Src/FreqIO.h:12,
                 from ../Core/Src/FreqIO.c:7:
../Drivers/STM32F4xx_HAL_Driver/Inc/stm32f4xx_hal_uart.h:696:19: note: expected 'uint8_t * {aka unsigned char *}' but argument is of type 'char *'
 HAL_StatusTypeDef HAL_UART_Transmit(UART_HandleTypeDef *huart, uint8_t *pData, uint16_t Size, uint32_t Timeout);
                   ^~~~~~~~~~~~~~~~~
../Core/Src/FreqIO.c:138:30: warning: pointer targets in passing argument 2 of 'HAL_UART_Transmit' differ in signedness [-Wpointer-sign]
   HAL_UART_Transmit(&huart2, uartData, strlen(uartData), 10);
                              ^~~~~~~~
In file included from ../Core/Inc/stm32f4xx_hal_conf.h:404:0,
                 from ../Drivers/STM32F4xx_HAL_Driver/Inc/stm32f4xx_hal.h:30,
                 from ../Core/Inc/main.h:31,
                 from ../Core/Src/FreqIO.h:12,
                 from ../Core/Src/FreqIO.c:7:
../Drivers/STM32F4xx_HAL_Driver/Inc/stm32f4xx_hal_uart.h:696:19: note: expected 'uint8_t * {aka unsigned char *}' but argument is of type 'char *'
 HAL_StatusTypeDef HAL_UART_Transmit(UART_HandleTypeDef *huart, uint8_t *pData, uint16_t Size, uint32_t Timeout);
                   ^~~~~~~~~~~~~~~~~
../Core/Src/FreqIO.c: In function 'edit_sineval':
../Core/Src/FreqIO.c:159:38: warning: format '%d' expects argument of type 'int', but argument 4 has type 'uint32_t {aka long unsigned int}' [-Wformat=]
   sprintf(uartData, "sinArray[%d] = %d\n",i,sinArray[i]);
                                     ~^      ~~~~~~~~~~~
                                     %ld
../Core/Src/FreqIO.c:160:30: warning: pointer targets in passing argument 2 of 'HAL_UART_Transmit' differ in signedness [-Wpointer-sign]
   HAL_UART_Transmit(&huart2, uartData, strlen(uartData), 10);
                              ^~~~~~~~
In file included from ../Core/Inc/stm32f4xx_hal_conf.h:404:0,
                 from ../Drivers/STM32F4xx_HAL_Driver/Inc/stm32f4xx_hal.h:30,
                 from ../Core/Inc/main.h:31,
                 from ../Core/Src/FreqIO.h:12,
                 from ../Core/Src/FreqIO.c:7:
../Drivers/STM32F4xx_HAL_Driver/Inc/stm32f4xx_hal_uart.h:696:19: note: expected 'uint8_t * {aka unsigned char *}' but argument is of type 'char *'
 HAL_StatusTypeDef HAL_UART_Transmit(UART_HandleTypeDef *huart, uint8_t *pData, uint16_t Size, uint32_t Timeout);
                   ^~~~~~~~~~~~~~~~~
arm-none-eabi-gcc -o "DAC_SINEWAVE.elf" @"objects.list"   -mcpu=cortex-m4 -T"C:\GitHub\TNCMCU\Software\Code Playground\DAC_SINEWAVE\STM32F446RETX_FLASH.ld" --specs=nosys.specs -Wl,-Map="DAC_SINEWAVE.map" -Wl,--gc-sections -static --specs=nano.specs -mfpu=fpv4-sp-d16 -mfloat-abi=hard -mthumb -Wl,--start-group -lc -lm -Wl,--end-group
Core/Src/FreqIO.o: In function `initProgram':
C:/GitHub/TNCMCU/Software/Code Playground/DAC_SINEWAVE/Debug/../Core/Src/FreqIO.c:30: undefined reference to `MX_GPIO_Init'
C:/GitHub/TNCMCU/Software/Code Playground/DAC_SINEWAVE/Debug/../Core/Src/FreqIO.c:31: undefined reference to `MX_USART2_UART_Init'
C:/GitHub/TNCMCU/Software/Code Playground/DAC_SINEWAVE/Debug/../Core/Src/FreqIO.c:32: undefined reference to `MX_TIM2_Init'
C:/GitHub/TNCMCU/Software/Code Playground/DAC_SINEWAVE/Debug/../Core/Src/FreqIO.c:33: undefined reference to `MX_TIM3_Init'
C:/GitHub/TNCMCU/Software/Code Playground/DAC_SINEWAVE/Debug/../Core/Src/FreqIO.c:34: undefined reference to `MX_TIM5_Init'
collect2.exe: error: ld returned 1 exit status
make: *** [makefile:50: DAC_SINEWAVE.elf] Error 1
"make -j8 all" terminated with exit code 2. Build might be incomplete.
21:34:51 **** Incremental Build of configuration Debug for project DAC_SINEWAVE ****
make -j8 all 
arm-none-eabi-gcc "../Core/Src/FreqIO.c" -mcpu=cortex-m4 -std=gnu11 -g3 -DUSE_HAL_DRIVER -DSTM32F446xx -DDEBUG -c -I../Core/Inc -I../Drivers/STM32F4xx_HAL_Driver/Inc -I../Drivers/STM32F4xx_HAL_Driver/Inc/Legacy -I../Drivers/CMSIS/Device/ST/STM32F4xx/Include -I../Drivers/CMSIS/Include -O0 -ffunction-sections -fdata-sections -Wall -fstack-usage -MMD -MP -MF"Core/Src/FreqIO.d" -MT"Core/Src/FreqIO.o" --specs=nano.specs -mfpu=fpv4-sp-d16 -mfloat-abi=hard -mthumb -o "Core/Src/FreqIO.o"
arm-none-eabi-gcc "../Core/Src/main.c" -mcpu=cortex-m4 -std=gnu11 -g3 -DUSE_HAL_DRIVER -DSTM32F446xx -DDEBUG -c -I../Core/Inc -I../Drivers/STM32F4xx_HAL_Driver/Inc -I../Drivers/STM32F4xx_HAL_Driver/Inc/Legacy -I../Drivers/CMSIS/Device/ST/STM32F4xx/Include -I../Drivers/CMSIS/Include -O0 -ffunction-sections -fdata-sections -Wall -fstack-usage -MMD -MP -MF"Core/Src/main.d" -MT"Core/Src/main.o" --specs=nano.specs -mfpu=fpv4-sp-d16 -mfloat-abi=hard -mthumb -o "Core/Src/main.o"
../Core/Src/FreqIO.c: In function 'readBitBuffer':
../Core/Src/FreqIO.c:112:31: warning: pointer targets in passing argument 2 of 'HAL_UART_Transmit' differ in signedness [-Wpointer-sign]
    HAL_UART_Transmit(&huart2, uartData, strlen(uartData), 10);
                               ^~~~~~~~
../Core/Src/main.c: In function 'main':
In file included from ../Core/Inc/stm32f4xx_hal_conf.h:404:0,
                 from ../Drivers/STM32F4xx_HAL_Driver/Inc/stm32f4xx_hal.h:30,
                 from ../Core/Inc/main.h:31,
                 from ../Core/Src/FreqIO.h:12,
                 from ../Core/Src/FreqIO.c:7:
../Drivers/STM32F4xx_HAL_Driver/Inc/stm32f4xx_hal_uart.h:696:19: note: expected 'uint8_t * {aka unsigned char *}' but argument is of type 'char *'
 HAL_StatusTypeDef HAL_UART_Transmit(UART_HandleTypeDef *huart, uint8_t *pData, uint16_t Size, uint32_t Timeout);
                   ^~~~~~~~~~~~~~~~~
../Core/Src/FreqIO.c:132:30: warning: pointer targets in passing argument 2 of 'HAL_UART_Transmit' differ in signedness [-Wpointer-sign]
   HAL_UART_Transmit(&huart2, uartData, strlen(uartData), 10);
                              ^~~~~~~~
../Core/Src/main.c:110:12: warning: unused variable 'captureVal' [-Wunused-variable]
   uint32_t captureVal;
            ^~~~~~~~~~
In file included from ../Core/Inc/stm32f4xx_hal_conf.h:404:0,
                 from ../Drivers/STM32F4xx_HAL_Driver/Inc/stm32f4xx_hal.h:30,
                 from ../Core/Inc/main.h:31,
                 from ../Core/Src/FreqIO.h:12,
                 from ../Core/Src/FreqIO.c:7:
../Drivers/STM32F4xx_HAL_Driver/Inc/stm32f4xx_hal_uart.h:696:19: note: expected 'uint8_t * {aka unsigned char *}' but argument is of type 'char *'
 HAL_StatusTypeDef HAL_UART_Transmit(UART_HandleTypeDef *huart, uint8_t *pData, uint16_t Size, uint32_t Timeout);
                   ^~~~~~~~~~~~~~~~~
../Core/Src/main.c: At top level:
../Core/Src/main.c:487:1: warning: data definition has no type or storage class
 OC_count = 0;
 ^~~~~~~~
../Core/Src/main.c:487:1: warning: type defaults to 'int' in declaration of 'OC_count' [-Wimplicit-int]
../Core/Src/FreqIO.c: In function 'edit_sineval':
../Core/Src/FreqIO.c:153:38: warning: format '%d' expects argument of type 'int', but argument 4 has type 'uint32_t {aka long unsigned int}' [-Wformat=]
   sprintf(uartData, "sinArray[%d] = %d\n",i,sinArray[i]);
                                     ~^      ~~~~~~~~~~~
                                     %ld
../Core/Src/FreqIO.c:154:30: warning: pointer targets in passing argument 2 of 'HAL_UART_Transmit' differ in signedness [-Wpointer-sign]
   HAL_UART_Transmit(&huart2, uartData, strlen(uartData), 10);
                              ^~~~~~~~
In file included from ../Core/Inc/stm32f4xx_hal_conf.h:404:0,
                 from ../Drivers/STM32F4xx_HAL_Driver/Inc/stm32f4xx_hal.h:30,
                 from ../Core/Inc/main.h:31,
                 from ../Core/Src/FreqIO.h:12,
                 from ../Core/Src/FreqIO.c:7:
../Drivers/STM32F4xx_HAL_Driver/Inc/stm32f4xx_hal_uart.h:696:19: note: expected 'uint8_t * {aka unsigned char *}' but argument is of type 'char *'
 HAL_StatusTypeDef HAL_UART_Transmit(UART_HandleTypeDef *huart, uint8_t *pData, uint16_t Size, uint32_t Timeout);
                   ^~~~~~~~~~~~~~~~~
../Core/Src/main.c: In function 'HAL_TIM_OC_DelayElapsedCallback':
../Core/Src/main.c:493:3: warning: implicit declaration of function 'Tim2_OC_Callback'; did you mean 'Tim3_IT_Callback'? [-Wimplicit-function-declaration]
   Tim2_OC_Callback();
   ^~~~~~~~~~~~~~~~
   Tim3_IT_Callback
../Core/Src/main.c: In function 'HAL_TIM_IC_CaptureCallback':
../Core/Src/main.c:513:3: warning: implicit declaration of function 'Tim5_IC_Callback'; did you mean 'Tim3_IT_Callback'? [-Wimplicit-function-declaration]
   Tim5_IC_Callback();
   ^~~~~~~~~~~~~~~~
   Tim3_IT_Callback
At top level:
../Core/Src/main.c:415:13: warning: 'MX_DMA_Init' defined but not used [-Wunused-function]
 static void MX_DMA_Init(void)
             ^~~~~~~~~~~
../Core/Src/main.c:280:13: warning: 'MX_TIM3_Init' defined but not used [-Wunused-function]
 static void MX_TIM3_Init(void)
             ^~~~~~~~~~~~
../Core/Src/main.c:183:13: warning: 'MX_DAC_Init' defined but not used [-Wunused-function]
 static void MX_DAC_Init(void)
             ^~~~~~~~~~~
arm-none-eabi-gcc -o "DAC_SINEWAVE.elf" @"objects.list"   -mcpu=cortex-m4 -T"C:\GitHub\TNCMCU\Software\Code Playground\DAC_SINEWAVE\STM32F446RETX_FLASH.ld" --specs=nosys.specs -Wl,-Map="DAC_SINEWAVE.map" -Wl,--gc-sections -static --specs=nano.specs -mfpu=fpv4-sp-d16 -mfloat-abi=hard -mthumb -Wl,--start-group -lc -lm -Wl,--end-group
Finished building target: DAC_SINEWAVE.elf
 
arm-none-eabi-objdump -h -S  DAC_SINEWAVE.elf  > "DAC_SINEWAVE.list"
arm-none-eabi-objcopy  -O binary  DAC_SINEWAVE.elf  "DAC_SINEWAVE.bin"
arm-none-eabi-size   DAC_SINEWAVE.elf 
   text	   data	    bss	    dec	    hex	filename
  19088	     24	  12240	  31352	   7a78	DAC_SINEWAVE.elf
Finished building: default.size.stdout
 
Finished building: DAC_SINEWAVE.bin
 
Finished building: DAC_SINEWAVE.list
 
21:35:10 **** Incremental Build of configuration Debug for project DAC_SINEWAVE ****
make -j8 all 
arm-none-eabi-gcc "../Core/Src/FreqIO.c" -mcpu=cortex-m4 -std=gnu11 -g3 -DUSE_HAL_DRIVER -DSTM32F446xx -DDEBUG -c -I../Core/Inc -I../Drivers/STM32F4xx_HAL_Driver/Inc -I../Drivers/STM32F4xx_HAL_Driver/Inc/Legacy -I../Drivers/CMSIS/Device/ST/STM32F4xx/Include -I../Drivers/CMSIS/Include -O0 -ffunction-sections -fdata-sections -Wall -fstack-usage -MMD -MP -MF"Core/Src/FreqIO.d" -MT"Core/Src/FreqIO.o" --specs=nano.specs -mfpu=fpv4-sp-d16 -mfloat-abi=hard -mthumb -o "Core/Src/FreqIO.o"
../Core/Src/FreqIO.c: In function 'readBitBuffer':
../Core/Src/FreqIO.c:112:31: warning: pointer targets in passing argument 2 of 'HAL_UART_Transmit' differ in signedness [-Wpointer-sign]
    HAL_UART_Transmit(&huart2, uartData, strlen(uartData), 10);
                               ^~~~~~~~
In file included from ../Core/Inc/stm32f4xx_hal_conf.h:404:0,
                 from ../Drivers/STM32F4xx_HAL_Driver/Inc/stm32f4xx_hal.h:30,
                 from ../Core/Inc/main.h:31,
                 from ../Core/Src/FreqIO.h:12,
                 from ../Core/Src/FreqIO.c:7:
../Drivers/STM32F4xx_HAL_Driver/Inc/stm32f4xx_hal_uart.h:696:19: note: expected 'uint8_t * {aka unsigned char *}' but argument is of type 'char *'
 HAL_StatusTypeDef HAL_UART_Transmit(UART_HandleTypeDef *huart, uint8_t *pData, uint16_t Size, uint32_t Timeout);
                   ^~~~~~~~~~~~~~~~~
../Core/Src/FreqIO.c:132:30: warning: pointer targets in passing argument 2 of 'HAL_UART_Transmit' differ in signedness [-Wpointer-sign]
   HAL_UART_Transmit(&huart2, uartData, strlen(uartData), 10);
                              ^~~~~~~~
In file included from ../Core/Inc/stm32f4xx_hal_conf.h:404:0,
                 from ../Drivers/STM32F4xx_HAL_Driver/Inc/stm32f4xx_hal.h:30,
                 from ../Core/Inc/main.h:31,
                 from ../Core/Src/FreqIO.h:12,
                 from ../Core/Src/FreqIO.c:7:
../Drivers/STM32F4xx_HAL_Driver/Inc/stm32f4xx_hal_uart.h:696:19: note: expected 'uint8_t * {aka unsigned char *}' but argument is of type 'char *'
 HAL_StatusTypeDef HAL_UART_Transmit(UART_HandleTypeDef *huart, uint8_t *pData, uint16_t Size, uint32_t Timeout);
                   ^~~~~~~~~~~~~~~~~
../Core/Src/FreqIO.c: In function 'edit_sineval':
../Core/Src/FreqIO.c:153:38: warning: format '%d' expects argument of type 'int', but argument 4 has type 'uint32_t {aka long unsigned int}' [-Wformat=]
   sprintf(uartData, "sinArray[%d] = %d\n",i,sinArray[i]);
                                     ~^      ~~~~~~~~~~~
                                     %ld
../Core/Src/FreqIO.c:154:30: warning: pointer targets in passing argument 2 of 'HAL_UART_Transmit' differ in signedness [-Wpointer-sign]
   HAL_UART_Transmit(&huart2, uartData, strlen(uartData), 10);
                              ^~~~~~~~
In file included from ../Core/Inc/stm32f4xx_hal_conf.h:404:0,
                 from ../Drivers/STM32F4xx_HAL_Driver/Inc/stm32f4xx_hal.h:30,
                 from ../Core/Inc/main.h:31,
                 from ../Core/Src/FreqIO.h:12,
                 from ../Core/Src/FreqIO.c:7:
../Drivers/STM32F4xx_HAL_Driver/Inc/stm32f4xx_hal_uart.h:696:19: note: expected 'uint8_t * {aka unsigned char *}' but argument is of type 'char *'
 HAL_StatusTypeDef HAL_UART_Transmit(UART_HandleTypeDef *huart, uint8_t *pData, uint16_t Size, uint32_t Timeout);
                   ^~~~~~~~~~~~~~~~~
arm-none-eabi-gcc -o "DAC_SINEWAVE.elf" @"objects.list"   -mcpu=cortex-m4 -T"C:\GitHub\TNCMCU\Software\Code Playground\DAC_SINEWAVE\STM32F446RETX_FLASH.ld" --specs=nosys.specs -Wl,-Map="DAC_SINEWAVE.map" -Wl,--gc-sections -static --specs=nano.specs -mfpu=fpv4-sp-d16 -mfloat-abi=hard -mthumb -Wl,--start-group -lc -lm -Wl,--end-group
Finished building target: DAC_SINEWAVE.elf
 
arm-none-eabi-objdump -h -S  DAC_SINEWAVE.elf  > "DAC_SINEWAVE.list"
arm-none-eabi-objcopy  -O binary  DAC_SINEWAVE.elf  "DAC_SINEWAVE.bin"
arm-none-eabi-size   DAC_SINEWAVE.elf 
   text	   data	    bss	    dec	    hex	filename
  17888	     24	  12240	  30152	   75c8	DAC_SINEWAVE.elf
Finished building: default.size.stdout
 
Finished building: DAC_SINEWAVE.bin
 
Finished building: DAC_SINEWAVE.list
 
21:36:01 **** Incremental Build of configuration Debug for project DAC_SINEWAVE ****
make -j8 all 
arm-none-eabi-gcc "../Core/Src/FreqIO.c" -mcpu=cortex-m4 -std=gnu11 -g3 -DUSE_HAL_DRIVER -DSTM32F446xx -DDEBUG -c -I../Core/Inc -I../Drivers/STM32F4xx_HAL_Driver/Inc -I../Drivers/STM32F4xx_HAL_Driver/Inc/Legacy -I../Drivers/CMSIS/Device/ST/STM32F4xx/Include -I../Drivers/CMSIS/Include -O0 -ffunction-sections -fdata-sections -Wall -fstack-usage -MMD -MP -MF"Core/Src/FreqIO.d" -MT"Core/Src/FreqIO.o" --specs=nano.specs -mfpu=fpv4-sp-d16 -mfloat-abi=hard -mthumb -o "Core/Src/FreqIO.o"
arm-none-eabi-gcc "../Core/Src/main.c" -mcpu=cortex-m4 -std=gnu11 -g3 -DUSE_HAL_DRIVER -DSTM32F446xx -DDEBUG -c -I../Core/Inc -I../Drivers/STM32F4xx_HAL_Driver/Inc -I../Drivers/STM32F4xx_HAL_Driver/Inc/Legacy -I../Drivers/CMSIS/Device/ST/STM32F4xx/Include -I../Drivers/CMSIS/Include -O0 -ffunction-sections -fdata-sections -Wall -fstack-usage -MMD -MP -MF"Core/Src/main.d" -MT"Core/Src/main.o" --specs=nano.specs -mfpu=fpv4-sp-d16 -mfloat-abi=hard -mthumb -o "Core/Src/main.o"
../Core/Src/main.c: In function 'main':
../Core/Src/main.c:111:12: warning: unused variable 'captureVal' [-Wunused-variable]
   uint32_t captureVal;
            ^~~~~~~~~~
../Core/Src/FreqIO.c: In function 'readBitBuffer':
../Core/Src/FreqIO.c:112:31: warning: pointer targets in passing argument 2 of 'HAL_UART_Transmit' differ in signedness [-Wpointer-sign]
    HAL_UART_Transmit(&huart2, uartData, strlen(uartData), 10);
                               ^~~~~~~~
In file included from ../Core/Inc/stm32f4xx_hal_conf.h:404:0,
                 from ../Drivers/STM32F4xx_HAL_Driver/Inc/stm32f4xx_hal.h:30,
                 from ../Core/Inc/main.h:31,
                 from ../Core/Src/FreqIO.h:12,
                 from ../Core/Src/FreqIO.c:7:
../Drivers/STM32F4xx_HAL_Driver/Inc/stm32f4xx_hal_uart.h:696:19: note: expected 'uint8_t * {aka unsigned char *}' but argument is of type 'char *'
 HAL_StatusTypeDef HAL_UART_Transmit(UART_HandleTypeDef *huart, uint8_t *pData, uint16_t Size, uint32_t Timeout);
                   ^~~~~~~~~~~~~~~~~
../Core/Src/FreqIO.c:132:30: warning: pointer targets in passing argument 2 of 'HAL_UART_Transmit' differ in signedness [-Wpointer-sign]
   HAL_UART_Transmit(&huart2, uartData, strlen(uartData), 10);
                              ^~~~~~~~
In file included from ../Core/Inc/stm32f4xx_hal_conf.h:404:0,
                 from ../Drivers/STM32F4xx_HAL_Driver/Inc/stm32f4xx_hal.h:30,
                 from ../Core/Inc/main.h:31,
                 from ../Core/Src/FreqIO.h:12,
                 from ../Core/Src/FreqIO.c:7:
../Drivers/STM32F4xx_HAL_Driver/Inc/stm32f4xx_hal_uart.h:696:19: note: expected 'uint8_t * {aka unsigned char *}' but argument is of type 'char *'
 HAL_StatusTypeDef HAL_UART_Transmit(UART_HandleTypeDef *huart, uint8_t *pData, uint16_t Size, uint32_t Timeout);
                   ^~~~~~~~~~~~~~~~~
../Core/Src/main.c: At top level:
../Core/Src/main.c:488:1: warning: data definition has no type or storage class
 OC_count = 0;
 ^~~~~~~~
../Core/Src/main.c:488:1: warning: type defaults to 'int' in declaration of 'OC_count' [-Wimplicit-int]
../Core/Src/FreqIO.c: In function 'edit_sineval':
../Core/Src/FreqIO.c:153:38: warning: format '%d' expects argument of type 'int', but argument 4 has type 'uint32_t {aka long unsigned int}' [-Wformat=]
   sprintf(uartData, "sinArray[%d] = %d\n",i,sinArray[i]);
                                     ~^      ~~~~~~~~~~~
                                     %ld
../Core/Src/FreqIO.c:154:30: warning: pointer targets in passing argument 2 of 'HAL_UART_Transmit' differ in signedness [-Wpointer-sign]
   HAL_UART_Transmit(&huart2, uartData, strlen(uartData), 10);
                              ^~~~~~~~
In file included from ../Core/Inc/stm32f4xx_hal_conf.h:404:0,
                 from ../Drivers/STM32F4xx_HAL_Driver/Inc/stm32f4xx_hal.h:30,
                 from ../Core/Inc/main.h:31,
                 from ../Core/Src/FreqIO.h:12,
                 from ../Core/Src/FreqIO.c:7:
../Drivers/STM32F4xx_HAL_Driver/Inc/stm32f4xx_hal_uart.h:696:19: note: expected 'uint8_t * {aka unsigned char *}' but argument is of type 'char *'
 HAL_StatusTypeDef HAL_UART_Transmit(UART_HandleTypeDef *huart, uint8_t *pData, uint16_t Size, uint32_t Timeout);
                   ^~~~~~~~~~~~~~~~~
../Core/Src/main.c: In function 'HAL_TIM_OC_DelayElapsedCallback':
../Core/Src/main.c:494:3: warning: implicit declaration of function 'Tim2_OC_Callback'; did you mean 'Tim3_IT_Callback'? [-Wimplicit-function-declaration]
   Tim2_OC_Callback();
   ^~~~~~~~~~~~~~~~
   Tim3_IT_Callback
../Core/Src/main.c: In function 'HAL_TIM_IC_CaptureCallback':
../Core/Src/main.c:514:3: warning: implicit declaration of function 'Tim5_IC_Callback'; did you mean 'Tim3_IT_Callback'? [-Wimplicit-function-declaration]
   Tim5_IC_Callback();
   ^~~~~~~~~~~~~~~~
   Tim3_IT_Callback
At top level:
../Core/Src/main.c:416:13: warning: 'MX_DMA_Init' defined but not used [-Wunused-function]
 static void MX_DMA_Init(void)
             ^~~~~~~~~~~
../Core/Src/main.c:281:13: warning: 'MX_TIM3_Init' defined but not used [-Wunused-function]
 static void MX_TIM3_Init(void)
             ^~~~~~~~~~~~
../Core/Src/main.c:184:13: warning: 'MX_DAC_Init' defined but not used [-Wunused-function]
 static void MX_DAC_Init(void)
             ^~~~~~~~~~~
arm-none-eabi-gcc -o "DAC_SINEWAVE.elf" @"objects.list"   -mcpu=cortex-m4 -T"C:\GitHub\TNCMCU\Software\Code Playground\DAC_SINEWAVE\STM32F446RETX_FLASH.ld" --specs=nosys.specs -Wl,-Map="DAC_SINEWAVE.map" -Wl,--gc-sections -static --specs=nano.specs -mfpu=fpv4-sp-d16 -mfloat-abi=hard -mthumb -Wl,--start-group -lc -lm -Wl,--end-group
Finished building target: DAC_SINEWAVE.elf
 
arm-none-eabi-objdump -h -S  DAC_SINEWAVE.elf  > "DAC_SINEWAVE.list"
arm-none-eabi-objcopy  -O binary  DAC_SINEWAVE.elf  "DAC_SINEWAVE.bin"
arm-none-eabi-size   DAC_SINEWAVE.elf 
   text	   data	    bss	    dec	    hex	filename
  18080	     24	  12240	  30344	   7688	DAC_SINEWAVE.elf
Finished building: default.size.stdout
 
Finished building: DAC_SINEWAVE.bin
 
Finished building: DAC_SINEWAVE.list
 
21:36:21 **** Incremental Build of configuration Debug for project DAC_SINEWAVE ****
make -j8 all 
arm-none-eabi-gcc "../Core/Src/FreqIO.c" -mcpu=cortex-m4 -std=gnu11 -g3 -DUSE_HAL_DRIVER -DSTM32F446xx -DDEBUG -c -I../Core/Inc -I../Drivers/STM32F4xx_HAL_Driver/Inc -I../Drivers/STM32F4xx_HAL_Driver/Inc/Legacy -I../Drivers/CMSIS/Device/ST/STM32F4xx/Include -I../Drivers/CMSIS/Include -O0 -ffunction-sections -fdata-sections -Wall -fstack-usage -MMD -MP -MF"Core/Src/FreqIO.d" -MT"Core/Src/FreqIO.o" --specs=nano.specs -mfpu=fpv4-sp-d16 -mfloat-abi=hard -mthumb -o "Core/Src/FreqIO.o"
../Core/Src/FreqIO.c: In function 'readBitBuffer':
../Core/Src/FreqIO.c:112:31: warning: pointer targets in passing argument 2 of 'HAL_UART_Transmit' differ in signedness [-Wpointer-sign]
    HAL_UART_Transmit(&huart2, uartData, strlen(uartData), 10);
                               ^~~~~~~~
In file included from ../Core/Inc/stm32f4xx_hal_conf.h:404:0,
                 from ../Drivers/STM32F4xx_HAL_Driver/Inc/stm32f4xx_hal.h:30,
                 from ../Core/Inc/main.h:31,
                 from ../Core/Src/FreqIO.h:12,
                 from ../Core/Src/FreqIO.c:7:
../Drivers/STM32F4xx_HAL_Driver/Inc/stm32f4xx_hal_uart.h:696:19: note: expected 'uint8_t * {aka unsigned char *}' but argument is of type 'char *'
 HAL_StatusTypeDef HAL_UART_Transmit(UART_HandleTypeDef *huart, uint8_t *pData, uint16_t Size, uint32_t Timeout);
                   ^~~~~~~~~~~~~~~~~
../Core/Src/FreqIO.c:132:30: warning: pointer targets in passing argument 2 of 'HAL_UART_Transmit' differ in signedness [-Wpointer-sign]
   HAL_UART_Transmit(&huart2, uartData, strlen(uartData), 10);
                              ^~~~~~~~
In file included from ../Core/Inc/stm32f4xx_hal_conf.h:404:0,
                 from ../Drivers/STM32F4xx_HAL_Driver/Inc/stm32f4xx_hal.h:30,
                 from ../Core/Inc/main.h:31,
                 from ../Core/Src/FreqIO.h:12,
                 from ../Core/Src/FreqIO.c:7:
../Drivers/STM32F4xx_HAL_Driver/Inc/stm32f4xx_hal_uart.h:696:19: note: expected 'uint8_t * {aka unsigned char *}' but argument is of type 'char *'
 HAL_StatusTypeDef HAL_UART_Transmit(UART_HandleTypeDef *huart, uint8_t *pData, uint16_t Size, uint32_t Timeout);
                   ^~~~~~~~~~~~~~~~~
../Core/Src/FreqIO.c: In function 'edit_sineval':
../Core/Src/FreqIO.c:153:38: warning: format '%d' expects argument of type 'int', but argument 4 has type 'uint32_t {aka long unsigned int}' [-Wformat=]
   sprintf(uartData, "sinArray[%d] = %d\n",i,sinArray[i]);
                                     ~^      ~~~~~~~~~~~
                                     %ld
../Core/Src/FreqIO.c:154:30: warning: pointer targets in passing argument 2 of 'HAL_UART_Transmit' differ in signedness [-Wpointer-sign]
   HAL_UART_Transmit(&huart2, uartData, strlen(uartData), 10);
                              ^~~~~~~~
In file included from ../Core/Inc/stm32f4xx_hal_conf.h:404:0,
                 from ../Drivers/STM32F4xx_HAL_Driver/Inc/stm32f4xx_hal.h:30,
                 from ../Core/Inc/main.h:31,
                 from ../Core/Src/FreqIO.h:12,
                 from ../Core/Src/FreqIO.c:7:
../Drivers/STM32F4xx_HAL_Driver/Inc/stm32f4xx_hal_uart.h:696:19: note: expected 'uint8_t * {aka unsigned char *}' but argument is of type 'char *'
 HAL_StatusTypeDef HAL_UART_Transmit(UART_HandleTypeDef *huart, uint8_t *pData, uint16_t Size, uint32_t Timeout);
                   ^~~~~~~~~~~~~~~~~
arm-none-eabi-gcc -o "DAC_SINEWAVE.elf" @"objects.list"   -mcpu=cortex-m4 -T"C:\GitHub\TNCMCU\Software\Code Playground\DAC_SINEWAVE\STM32F446RETX_FLASH.ld" --specs=nosys.specs -Wl,-Map="DAC_SINEWAVE.map" -Wl,--gc-sections -static --specs=nano.specs -mfpu=fpv4-sp-d16 -mfloat-abi=hard -mthumb -Wl,--start-group -lc -lm -Wl,--end-group
Finished building target: DAC_SINEWAVE.elf
 
arm-none-eabi-objdump -h -S  DAC_SINEWAVE.elf  > "DAC_SINEWAVE.list"
arm-none-eabi-objcopy  -O binary  DAC_SINEWAVE.elf  "DAC_SINEWAVE.bin"
arm-none-eabi-size   DAC_SINEWAVE.elf 
   text	   data	    bss	    dec	    hex	filename
  18064	     24	  12240	  30328	   7678	DAC_SINEWAVE.elf
Finished building: default.size.stdout
 
Finished building: DAC_SINEWAVE.bin
 
Finished building: DAC_SINEWAVE.list
 
21:37:09 **** Incremental Build of configuration Debug for project DAC_SINEWAVE ****
make -j8 all 
arm-none-eabi-gcc "../Core/Src/FreqIO.c" -mcpu=cortex-m4 -std=gnu11 -g3 -DUSE_HAL_DRIVER -DSTM32F446xx -DDEBUG -c -I../Core/Inc -I../Drivers/STM32F4xx_HAL_Driver/Inc -I../Drivers/STM32F4xx_HAL_Driver/Inc/Legacy -I../Drivers/CMSIS/Device/ST/STM32F4xx/Include -I../Drivers/CMSIS/Include -O0 -ffunction-sections -fdata-sections -Wall -fstack-usage -MMD -MP -MF"Core/Src/FreqIO.d" -MT"Core/Src/FreqIO.o" --specs=nano.specs -mfpu=fpv4-sp-d16 -mfloat-abi=hard -mthumb -o "Core/Src/FreqIO.o"
../Core/Src/FreqIO.c: In function 'readBitBuffer':
../Core/Src/FreqIO.c:112:31: warning: pointer targets in passing argument 2 of 'HAL_UART_Transmit' differ in signedness [-Wpointer-sign]
    HAL_UART_Transmit(&huart2, uartData, strlen(uartData), 10);
                               ^~~~~~~~
In file included from ../Core/Inc/stm32f4xx_hal_conf.h:404:0,
                 from ../Drivers/STM32F4xx_HAL_Driver/Inc/stm32f4xx_hal.h:30,
                 from ../Core/Inc/main.h:31,
                 from ../Core/Src/FreqIO.h:12,
                 from ../Core/Src/FreqIO.c:7:
../Drivers/STM32F4xx_HAL_Driver/Inc/stm32f4xx_hal_uart.h:696:19: note: expected 'uint8_t * {aka unsigned char *}' but argument is of type 'char *'
 HAL_StatusTypeDef HAL_UART_Transmit(UART_HandleTypeDef *huart, uint8_t *pData, uint16_t Size, uint32_t Timeout);
                   ^~~~~~~~~~~~~~~~~
../Core/Src/FreqIO.c:132:30: warning: pointer targets in passing argument 2 of 'HAL_UART_Transmit' differ in signedness [-Wpointer-sign]
   HAL_UART_Transmit(&huart2, uartData, strlen(uartData), 10);
                              ^~~~~~~~
In file included from ../Core/Inc/stm32f4xx_hal_conf.h:404:0,
                 from ../Drivers/STM32F4xx_HAL_Driver/Inc/stm32f4xx_hal.h:30,
                 from ../Core/Inc/main.h:31,
                 from ../Core/Src/FreqIO.h:12,
                 from ../Core/Src/FreqIO.c:7:
../Drivers/STM32F4xx_HAL_Driver/Inc/stm32f4xx_hal_uart.h:696:19: note: expected 'uint8_t * {aka unsigned char *}' but argument is of type 'char *'
 HAL_StatusTypeDef HAL_UART_Transmit(UART_HandleTypeDef *huart, uint8_t *pData, uint16_t Size, uint32_t Timeout);
                   ^~~~~~~~~~~~~~~~~
../Core/Src/FreqIO.c: In function 'edit_sineval':
../Core/Src/FreqIO.c:153:38: warning: format '%d' expects argument of type 'int', but argument 4 has type 'uint32_t {aka long unsigned int}' [-Wformat=]
   sprintf(uartData, "sinArray[%d] = %d\n",i,sinArray[i]);
                                     ~^      ~~~~~~~~~~~
                                     %ld
../Core/Src/FreqIO.c:154:30: warning: pointer targets in passing argument 2 of 'HAL_UART_Transmit' differ in signedness [-Wpointer-sign]
   HAL_UART_Transmit(&huart2, uartData, strlen(uartData), 10);
                              ^~~~~~~~
In file included from ../Core/Inc/stm32f4xx_hal_conf.h:404:0,
                 from ../Drivers/STM32F4xx_HAL_Driver/Inc/stm32f4xx_hal.h:30,
                 from ../Core/Inc/main.h:31,
                 from ../Core/Src/FreqIO.h:12,
                 from ../Core/Src/FreqIO.c:7:
../Drivers/STM32F4xx_HAL_Driver/Inc/stm32f4xx_hal_uart.h:696:19: note: expected 'uint8_t * {aka unsigned char *}' but argument is of type 'char *'
 HAL_StatusTypeDef HAL_UART_Transmit(UART_HandleTypeDef *huart, uint8_t *pData, uint16_t Size, uint32_t Timeout);
                   ^~~~~~~~~~~~~~~~~
arm-none-eabi-gcc -o "DAC_SINEWAVE.elf" @"objects.list"   -mcpu=cortex-m4 -T"C:\GitHub\TNCMCU\Software\Code Playground\DAC_SINEWAVE\STM32F446RETX_FLASH.ld" --specs=nosys.specs -Wl,-Map="DAC_SINEWAVE.map" -Wl,--gc-sections -static --specs=nano.specs -mfpu=fpv4-sp-d16 -mfloat-abi=hard -mthumb -Wl,--start-group -lc -lm -Wl,--end-group
Finished building target: DAC_SINEWAVE.elf
 
arm-none-eabi-objdump -h -S  DAC_SINEWAVE.elf  > "DAC_SINEWAVE.list"
arm-none-eabi-objcopy  -O binary  DAC_SINEWAVE.elf  "DAC_SINEWAVE.bin"
arm-none-eabi-size   DAC_SINEWAVE.elf 
   text	   data	    bss	    dec	    hex	filename
  17968	     24	  12240	  30232	   7618	DAC_SINEWAVE.elf
Finished building: default.size.stdout
 
Finished building: DAC_SINEWAVE.bin
 
Finished building: DAC_SINEWAVE.list
 
21:37:21 **** Incremental Build of configuration Debug for project DAC_SINEWAVE ****
make -j8 all 
arm-none-eabi-gcc "../Core/Src/FreqIO.c" -mcpu=cortex-m4 -std=gnu11 -g3 -DUSE_HAL_DRIVER -DSTM32F446xx -DDEBUG -c -I../Core/Inc -I../Drivers/STM32F4xx_HAL_Driver/Inc -I../Drivers/STM32F4xx_HAL_Driver/Inc/Legacy -I../Drivers/CMSIS/Device/ST/STM32F4xx/Include -I../Drivers/CMSIS/Include -O0 -ffunction-sections -fdata-sections -Wall -fstack-usage -MMD -MP -MF"Core/Src/FreqIO.d" -MT"Core/Src/FreqIO.o" --specs=nano.specs -mfpu=fpv4-sp-d16 -mfloat-abi=hard -mthumb -o "Core/Src/FreqIO.o"
../Core/Src/FreqIO.c: In function 'readBitBuffer':
../Core/Src/FreqIO.c:112:31: warning: pointer targets in passing argument 2 of 'HAL_UART_Transmit' differ in signedness [-Wpointer-sign]
    HAL_UART_Transmit(&huart2, uartData, strlen(uartData), 10);
                               ^~~~~~~~
In file included from ../Core/Inc/stm32f4xx_hal_conf.h:404:0,
                 from ../Drivers/STM32F4xx_HAL_Driver/Inc/stm32f4xx_hal.h:30,
                 from ../Core/Inc/main.h:31,
                 from ../Core/Src/FreqIO.h:12,
                 from ../Core/Src/FreqIO.c:7:
../Drivers/STM32F4xx_HAL_Driver/Inc/stm32f4xx_hal_uart.h:696:19: note: expected 'uint8_t * {aka unsigned char *}' but argument is of type 'char *'
 HAL_StatusTypeDef HAL_UART_Transmit(UART_HandleTypeDef *huart, uint8_t *pData, uint16_t Size, uint32_t Timeout);
                   ^~~~~~~~~~~~~~~~~
../Core/Src/FreqIO.c:132:30: warning: pointer targets in passing argument 2 of 'HAL_UART_Transmit' differ in signedness [-Wpointer-sign]
   HAL_UART_Transmit(&huart2, uartData, strlen(uartData), 10);
                              ^~~~~~~~
In file included from ../Core/Inc/stm32f4xx_hal_conf.h:404:0,
                 from ../Drivers/STM32F4xx_HAL_Driver/Inc/stm32f4xx_hal.h:30,
                 from ../Core/Inc/main.h:31,
                 from ../Core/Src/FreqIO.h:12,
                 from ../Core/Src/FreqIO.c:7:
../Drivers/STM32F4xx_HAL_Driver/Inc/stm32f4xx_hal_uart.h:696:19: note: expected 'uint8_t * {aka unsigned char *}' but argument is of type 'char *'
 HAL_StatusTypeDef HAL_UART_Transmit(UART_HandleTypeDef *huart, uint8_t *pData, uint16_t Size, uint32_t Timeout);
                   ^~~~~~~~~~~~~~~~~
../Core/Src/FreqIO.c: In function 'edit_sineval':
../Core/Src/FreqIO.c:153:38: warning: format '%d' expects argument of type 'int', but argument 4 has type 'uint32_t {aka long unsigned int}' [-Wformat=]
   sprintf(uartData, "sinArray[%d] = %d\n",i,sinArray[i]);
                                     ~^      ~~~~~~~~~~~
                                     %ld
../Core/Src/FreqIO.c:154:30: warning: pointer targets in passing argument 2 of 'HAL_UART_Transmit' differ in signedness [-Wpointer-sign]
   HAL_UART_Transmit(&huart2, uartData, strlen(uartData), 10);
                              ^~~~~~~~
In file included from ../Core/Inc/stm32f4xx_hal_conf.h:404:0,
                 from ../Drivers/STM32F4xx_HAL_Driver/Inc/stm32f4xx_hal.h:30,
                 from ../Core/Inc/main.h:31,
                 from ../Core/Src/FreqIO.h:12,
                 from ../Core/Src/FreqIO.c:7:
../Drivers/STM32F4xx_HAL_Driver/Inc/stm32f4xx_hal_uart.h:696:19: note: expected 'uint8_t * {aka unsigned char *}' but argument is of type 'char *'
 HAL_StatusTypeDef HAL_UART_Transmit(UART_HandleTypeDef *huart, uint8_t *pData, uint16_t Size, uint32_t Timeout);
                   ^~~~~~~~~~~~~~~~~
arm-none-eabi-gcc -o "DAC_SINEWAVE.elf" @"objects.list"   -mcpu=cortex-m4 -T"C:\GitHub\TNCMCU\Software\Code Playground\DAC_SINEWAVE\STM32F446RETX_FLASH.ld" --specs=nosys.specs -Wl,-Map="DAC_SINEWAVE.map" -Wl,--gc-sections -static --specs=nano.specs -mfpu=fpv4-sp-d16 -mfloat-abi=hard -mthumb -Wl,--start-group -lc -lm -Wl,--end-group
Finished building target: DAC_SINEWAVE.elf
 
arm-none-eabi-objdump -h -S  DAC_SINEWAVE.elf  > "DAC_SINEWAVE.list"
arm-none-eabi-objcopy  -O binary  DAC_SINEWAVE.elf  "DAC_SINEWAVE.bin"
arm-none-eabi-size   DAC_SINEWAVE.elf 
   text	   data	    bss	    dec	    hex	filename
  18332	     24	  12240	  30596	   7784	DAC_SINEWAVE.elf
Finished building: default.size.stdout
 
Finished building: DAC_SINEWAVE.bin
 
Finished building: DAC_SINEWAVE.list
 
21:37:37 **** Incremental Build of configuration Debug for project DAC_SINEWAVE ****
make -j8 all 
arm-none-eabi-gcc "../Core/Src/FreqIO.c" -mcpu=cortex-m4 -std=gnu11 -g3 -DUSE_HAL_DRIVER -DSTM32F446xx -DDEBUG -c -I../Core/Inc -I../Drivers/STM32F4xx_HAL_Driver/Inc -I../Drivers/STM32F4xx_HAL_Driver/Inc/Legacy -I../Drivers/CMSIS/Device/ST/STM32F4xx/Include -I../Drivers/CMSIS/Include -O0 -ffunction-sections -fdata-sections -Wall -fstack-usage -MMD -MP -MF"Core/Src/FreqIO.d" -MT"Core/Src/FreqIO.o" --specs=nano.specs -mfpu=fpv4-sp-d16 -mfloat-abi=hard -mthumb -o "Core/Src/FreqIO.o"
../Core/Src/FreqIO.c: In function 'readBitBuffer':
../Core/Src/FreqIO.c:112:31: warning: pointer targets in passing argument 2 of 'HAL_UART_Transmit' differ in signedness [-Wpointer-sign]
    HAL_UART_Transmit(&huart2, uartData, strlen(uartData), 10);
                               ^~~~~~~~
In file included from ../Core/Inc/stm32f4xx_hal_conf.h:404:0,
                 from ../Drivers/STM32F4xx_HAL_Driver/Inc/stm32f4xx_hal.h:30,
                 from ../Core/Inc/main.h:31,
                 from ../Core/Src/FreqIO.h:12,
                 from ../Core/Src/FreqIO.c:7:
../Drivers/STM32F4xx_HAL_Driver/Inc/stm32f4xx_hal_uart.h:696:19: note: expected 'uint8_t * {aka unsigned char *}' but argument is of type 'char *'
 HAL_StatusTypeDef HAL_UART_Transmit(UART_HandleTypeDef *huart, uint8_t *pData, uint16_t Size, uint32_t Timeout);
                   ^~~~~~~~~~~~~~~~~
../Core/Src/FreqIO.c:132:30: warning: pointer targets in passing argument 2 of 'HAL_UART_Transmit' differ in signedness [-Wpointer-sign]
   HAL_UART_Transmit(&huart2, uartData, strlen(uartData), 10);
                              ^~~~~~~~
In file included from ../Core/Inc/stm32f4xx_hal_conf.h:404:0,
                 from ../Drivers/STM32F4xx_HAL_Driver/Inc/stm32f4xx_hal.h:30,
                 from ../Core/Inc/main.h:31,
                 from ../Core/Src/FreqIO.h:12,
                 from ../Core/Src/FreqIO.c:7:
../Drivers/STM32F4xx_HAL_Driver/Inc/stm32f4xx_hal_uart.h:696:19: note: expected 'uint8_t * {aka unsigned char *}' but argument is of type 'char *'
 HAL_StatusTypeDef HAL_UART_Transmit(UART_HandleTypeDef *huart, uint8_t *pData, uint16_t Size, uint32_t Timeout);
                   ^~~~~~~~~~~~~~~~~
../Core/Src/FreqIO.c: In function 'edit_sineval':
../Core/Src/FreqIO.c:153:38: warning: format '%d' expects argument of type 'int', but argument 4 has type 'uint32_t {aka long unsigned int}' [-Wformat=]
   sprintf(uartData, "sinArray[%d] = %d\n",i,sinArray[i]);
                                     ~^      ~~~~~~~~~~~
                                     %ld
../Core/Src/FreqIO.c:154:30: warning: pointer targets in passing argument 2 of 'HAL_UART_Transmit' differ in signedness [-Wpointer-sign]
   HAL_UART_Transmit(&huart2, uartData, strlen(uartData), 10);
                              ^~~~~~~~
In file included from ../Core/Inc/stm32f4xx_hal_conf.h:404:0,
                 from ../Drivers/STM32F4xx_HAL_Driver/Inc/stm32f4xx_hal.h:30,
                 from ../Core/Inc/main.h:31,
                 from ../Core/Src/FreqIO.h:12,
                 from ../Core/Src/FreqIO.c:7:
../Drivers/STM32F4xx_HAL_Driver/Inc/stm32f4xx_hal_uart.h:696:19: note: expected 'uint8_t * {aka unsigned char *}' but argument is of type 'char *'
 HAL_StatusTypeDef HAL_UART_Transmit(UART_HandleTypeDef *huart, uint8_t *pData, uint16_t Size, uint32_t Timeout);
                   ^~~~~~~~~~~~~~~~~
arm-none-eabi-gcc -o "DAC_SINEWAVE.elf" @"objects.list"   -mcpu=cortex-m4 -T"C:\GitHub\TNCMCU\Software\Code Playground\DAC_SINEWAVE\STM32F446RETX_FLASH.ld" --specs=nosys.specs -Wl,-Map="DAC_SINEWAVE.map" -Wl,--gc-sections -static --specs=nano.specs -mfpu=fpv4-sp-d16 -mfloat-abi=hard -mthumb -Wl,--start-group -lc -lm -Wl,--end-group
Finished building target: DAC_SINEWAVE.elf
 
arm-none-eabi-objdump -h -S  DAC_SINEWAVE.elf  > "DAC_SINEWAVE.list"
arm-none-eabi-objcopy  -O binary  DAC_SINEWAVE.elf  "DAC_SINEWAVE.bin"
arm-none-eabi-size   DAC_SINEWAVE.elf 
   text	   data	    bss	    dec	    hex	filename
  18368	     24	  12240	  30632	   77a8	DAC_SINEWAVE.elf
Finished building: default.size.stdout
 
Finished building: DAC_SINEWAVE.bin
 
Finished building: DAC_SINEWAVE.list
 
21:38:01 **** Incremental Build of configuration Debug for project DAC_SINEWAVE ****
make -j8 all 
arm-none-eabi-gcc "../Core/Src/FreqIO.c" -mcpu=cortex-m4 -std=gnu11 -g3 -DUSE_HAL_DRIVER -DSTM32F446xx -DDEBUG -c -I../Core/Inc -I../Drivers/STM32F4xx_HAL_Driver/Inc -I../Drivers/STM32F4xx_HAL_Driver/Inc/Legacy -I../Drivers/CMSIS/Device/ST/STM32F4xx/Include -I../Drivers/CMSIS/Include -O0 -ffunction-sections -fdata-sections -Wall -fstack-usage -MMD -MP -MF"Core/Src/FreqIO.d" -MT"Core/Src/FreqIO.o" --specs=nano.specs -mfpu=fpv4-sp-d16 -mfloat-abi=hard -mthumb -o "Core/Src/FreqIO.o"
../Core/Src/FreqIO.c: In function 'readBitBuffer':
../Core/Src/FreqIO.c:112:31: warning: pointer targets in passing argument 2 of 'HAL_UART_Transmit' differ in signedness [-Wpointer-sign]
    HAL_UART_Transmit(&huart2, uartData, strlen(uartData), 10);
                               ^~~~~~~~
In file included from ../Core/Inc/stm32f4xx_hal_conf.h:404:0,
                 from ../Drivers/STM32F4xx_HAL_Driver/Inc/stm32f4xx_hal.h:30,
                 from ../Core/Inc/main.h:31,
                 from ../Core/Src/FreqIO.h:12,
                 from ../Core/Src/FreqIO.c:7:
../Drivers/STM32F4xx_HAL_Driver/Inc/stm32f4xx_hal_uart.h:696:19: note: expected 'uint8_t * {aka unsigned char *}' but argument is of type 'char *'
 HAL_StatusTypeDef HAL_UART_Transmit(UART_HandleTypeDef *huart, uint8_t *pData, uint16_t Size, uint32_t Timeout);
                   ^~~~~~~~~~~~~~~~~
../Core/Src/FreqIO.c:132:30: warning: pointer targets in passing argument 2 of 'HAL_UART_Transmit' differ in signedness [-Wpointer-sign]
   HAL_UART_Transmit(&huart2, uartData, strlen(uartData), 10);
                              ^~~~~~~~
In file included from ../Core/Inc/stm32f4xx_hal_conf.h:404:0,
                 from ../Drivers/STM32F4xx_HAL_Driver/Inc/stm32f4xx_hal.h:30,
                 from ../Core/Inc/main.h:31,
                 from ../Core/Src/FreqIO.h:12,
                 from ../Core/Src/FreqIO.c:7:
../Drivers/STM32F4xx_HAL_Driver/Inc/stm32f4xx_hal_uart.h:696:19: note: expected 'uint8_t * {aka unsigned char *}' but argument is of type 'char *'
 HAL_StatusTypeDef HAL_UART_Transmit(UART_HandleTypeDef *huart, uint8_t *pData, uint16_t Size, uint32_t Timeout);
                   ^~~~~~~~~~~~~~~~~
../Core/Src/FreqIO.c: In function 'edit_sineval':
../Core/Src/FreqIO.c:153:38: warning: format '%d' expects argument of type 'int', but argument 4 has type 'uint32_t {aka long unsigned int}' [-Wformat=]
   sprintf(uartData, "sinArray[%d] = %d\n",i,sinArray[i]);
                                     ~^      ~~~~~~~~~~~
                                     %ld
../Core/Src/FreqIO.c:154:30: warning: pointer targets in passing argument 2 of 'HAL_UART_Transmit' differ in signedness [-Wpointer-sign]
   HAL_UART_Transmit(&huart2, uartData, strlen(uartData), 10);
                              ^~~~~~~~
In file included from ../Core/Inc/stm32f4xx_hal_conf.h:404:0,
                 from ../Drivers/STM32F4xx_HAL_Driver/Inc/stm32f4xx_hal.h:30,
                 from ../Core/Inc/main.h:31,
                 from ../Core/Src/FreqIO.h:12,
                 from ../Core/Src/FreqIO.c:7:
../Drivers/STM32F4xx_HAL_Driver/Inc/stm32f4xx_hal_uart.h:696:19: note: expected 'uint8_t * {aka unsigned char *}' but argument is of type 'char *'
 HAL_StatusTypeDef HAL_UART_Transmit(UART_HandleTypeDef *huart, uint8_t *pData, uint16_t Size, uint32_t Timeout);
                   ^~~~~~~~~~~~~~~~~
arm-none-eabi-gcc -o "DAC_SINEWAVE.elf" @"objects.list"   -mcpu=cortex-m4 -T"C:\GitHub\TNCMCU\Software\Code Playground\DAC_SINEWAVE\STM32F446RETX_FLASH.ld" --specs=nosys.specs -Wl,-Map="DAC_SINEWAVE.map" -Wl,--gc-sections -static --specs=nano.specs -mfpu=fpv4-sp-d16 -mfloat-abi=hard -mthumb -Wl,--start-group -lc -lm -Wl,--end-group
Finished building target: DAC_SINEWAVE.elf
 
arm-none-eabi-objdump -h -S  DAC_SINEWAVE.elf  > "DAC_SINEWAVE.list"
arm-none-eabi-objcopy  -O binary  DAC_SINEWAVE.elf  "DAC_SINEWAVE.bin"
arm-none-eabi-size   DAC_SINEWAVE.elf 
   text	   data	    bss	    dec	    hex	filename
  18400	     24	  12240	  30664	   77c8	DAC_SINEWAVE.elf
Finished building: default.size.stdout
 
Finished building: DAC_SINEWAVE.bin
 
Finished building: DAC_SINEWAVE.list
 
21:38:21 **** Incremental Build of configuration Debug for project DAC_SINEWAVE ****
make -j8 all 
arm-none-eabi-gcc "../Core/Src/FreqIO.c" -mcpu=cortex-m4 -std=gnu11 -g3 -DUSE_HAL_DRIVER -DSTM32F446xx -DDEBUG -c -I../Core/Inc -I../Drivers/STM32F4xx_HAL_Driver/Inc -I../Drivers/STM32F4xx_HAL_Driver/Inc/Legacy -I../Drivers/CMSIS/Device/ST/STM32F4xx/Include -I../Drivers/CMSIS/Include -O0 -ffunction-sections -fdata-sections -Wall -fstack-usage -MMD -MP -MF"Core/Src/FreqIO.d" -MT"Core/Src/FreqIO.o" --specs=nano.specs -mfpu=fpv4-sp-d16 -mfloat-abi=hard -mthumb -o "Core/Src/FreqIO.o"
../Core/Src/FreqIO.c: In function 'readBitBuffer':
../Core/Src/FreqIO.c:112:31: warning: pointer targets in passing argument 2 of 'HAL_UART_Transmit' differ in signedness [-Wpointer-sign]
    HAL_UART_Transmit(&huart2, uartData, strlen(uartData), 10);
                               ^~~~~~~~
In file included from ../Core/Inc/stm32f4xx_hal_conf.h:404:0,
                 from ../Drivers/STM32F4xx_HAL_Driver/Inc/stm32f4xx_hal.h:30,
                 from ../Core/Inc/main.h:31,
                 from ../Core/Src/FreqIO.h:12,
                 from ../Core/Src/FreqIO.c:7:
../Drivers/STM32F4xx_HAL_Driver/Inc/stm32f4xx_hal_uart.h:696:19: note: expected 'uint8_t * {aka unsigned char *}' but argument is of type 'char *'
 HAL_StatusTypeDef HAL_UART_Transmit(UART_HandleTypeDef *huart, uint8_t *pData, uint16_t Size, uint32_t Timeout);
                   ^~~~~~~~~~~~~~~~~
../Core/Src/FreqIO.c:132:30: warning: pointer targets in passing argument 2 of 'HAL_UART_Transmit' differ in signedness [-Wpointer-sign]
   HAL_UART_Transmit(&huart2, uartData, strlen(uartData), 10);
                              ^~~~~~~~
In file included from ../Core/Inc/stm32f4xx_hal_conf.h:404:0,
                 from ../Drivers/STM32F4xx_HAL_Driver/Inc/stm32f4xx_hal.h:30,
                 from ../Core/Inc/main.h:31,
                 from ../Core/Src/FreqIO.h:12,
                 from ../Core/Src/FreqIO.c:7:
../Drivers/STM32F4xx_HAL_Driver/Inc/stm32f4xx_hal_uart.h:696:19: note: expected 'uint8_t * {aka unsigned char *}' but argument is of type 'char *'
 HAL_StatusTypeDef HAL_UART_Transmit(UART_HandleTypeDef *huart, uint8_t *pData, uint16_t Size, uint32_t Timeout);
                   ^~~~~~~~~~~~~~~~~
../Core/Src/FreqIO.c: In function 'edit_sineval':
../Core/Src/FreqIO.c:153:38: warning: format '%d' expects argument of type 'int', but argument 4 has type 'uint32_t {aka long unsigned int}' [-Wformat=]
   sprintf(uartData, "sinArray[%d] = %d\n",i,sinArray[i]);
                                     ~^      ~~~~~~~~~~~
                                     %ld
../Core/Src/FreqIO.c:154:30: warning: pointer targets in passing argument 2 of 'HAL_UART_Transmit' differ in signedness [-Wpointer-sign]
   HAL_UART_Transmit(&huart2, uartData, strlen(uartData), 10);
                              ^~~~~~~~
In file included from ../Core/Inc/stm32f4xx_hal_conf.h:404:0,
                 from ../Drivers/STM32F4xx_HAL_Driver/Inc/stm32f4xx_hal.h:30,
                 from ../Core/Inc/main.h:31,
                 from ../Core/Src/FreqIO.h:12,
                 from ../Core/Src/FreqIO.c:7:
../Drivers/STM32F4xx_HAL_Driver/Inc/stm32f4xx_hal_uart.h:696:19: note: expected 'uint8_t * {aka unsigned char *}' but argument is of type 'char *'
 HAL_StatusTypeDef HAL_UART_Transmit(UART_HandleTypeDef *huart, uint8_t *pData, uint16_t Size, uint32_t Timeout);
                   ^~~~~~~~~~~~~~~~~
arm-none-eabi-gcc -o "DAC_SINEWAVE.elf" @"objects.list"   -mcpu=cortex-m4 -T"C:\GitHub\TNCMCU\Software\Code Playground\DAC_SINEWAVE\STM32F446RETX_FLASH.ld" --specs=nosys.specs -Wl,-Map="DAC_SINEWAVE.map" -Wl,--gc-sections -static --specs=nano.specs -mfpu=fpv4-sp-d16 -mfloat-abi=hard -mthumb -Wl,--start-group -lc -lm -Wl,--end-group
Finished building target: DAC_SINEWAVE.elf
 
arm-none-eabi-objdump -h -S  DAC_SINEWAVE.elf  > "DAC_SINEWAVE.list"
arm-none-eabi-objcopy  -O binary  DAC_SINEWAVE.elf  "DAC_SINEWAVE.bin"
arm-none-eabi-size   DAC_SINEWAVE.elf 
   text	   data	    bss	    dec	    hex	filename
  18392	     24	  12240	  30656	   77c0	DAC_SINEWAVE.elf
Finished building: default.size.stdout
 
Finished building: DAC_SINEWAVE.bin
 
Finished building: DAC_SINEWAVE.list
 
21:38:37 **** Incremental Build of configuration Debug for project DAC_SINEWAVE ****
make -j8 all 
arm-none-eabi-gcc "../Core/Src/FreqIO.c" -mcpu=cortex-m4 -std=gnu11 -g3 -DUSE_HAL_DRIVER -DSTM32F446xx -DDEBUG -c -I../Core/Inc -I../Drivers/STM32F4xx_HAL_Driver/Inc -I../Drivers/STM32F4xx_HAL_Driver/Inc/Legacy -I../Drivers/CMSIS/Device/ST/STM32F4xx/Include -I../Drivers/CMSIS/Include -O0 -ffunction-sections -fdata-sections -Wall -fstack-usage -MMD -MP -MF"Core/Src/FreqIO.d" -MT"Core/Src/FreqIO.o" --specs=nano.specs -mfpu=fpv4-sp-d16 -mfloat-abi=hard -mthumb -o "Core/Src/FreqIO.o"
../Core/Src/FreqIO.c: In function 'readBitBuffer':
../Core/Src/FreqIO.c:112:31: warning: pointer targets in passing argument 2 of 'HAL_UART_Transmit' differ in signedness [-Wpointer-sign]
    HAL_UART_Transmit(&huart2, uartData, strlen(uartData), 10);
                               ^~~~~~~~
In file included from ../Core/Inc/stm32f4xx_hal_conf.h:404:0,
                 from ../Drivers/STM32F4xx_HAL_Driver/Inc/stm32f4xx_hal.h:30,
                 from ../Core/Inc/main.h:31,
                 from ../Core/Src/FreqIO.h:12,
                 from ../Core/Src/FreqIO.c:7:
../Drivers/STM32F4xx_HAL_Driver/Inc/stm32f4xx_hal_uart.h:696:19: note: expected 'uint8_t * {aka unsigned char *}' but argument is of type 'char *'
 HAL_StatusTypeDef HAL_UART_Transmit(UART_HandleTypeDef *huart, uint8_t *pData, uint16_t Size, uint32_t Timeout);
                   ^~~~~~~~~~~~~~~~~
../Core/Src/FreqIO.c:132:30: warning: pointer targets in passing argument 2 of 'HAL_UART_Transmit' differ in signedness [-Wpointer-sign]
   HAL_UART_Transmit(&huart2, uartData, strlen(uartData), 10);
                              ^~~~~~~~
In file included from ../Core/Inc/stm32f4xx_hal_conf.h:404:0,
                 from ../Drivers/STM32F4xx_HAL_Driver/Inc/stm32f4xx_hal.h:30,
                 from ../Core/Inc/main.h:31,
                 from ../Core/Src/FreqIO.h:12,
                 from ../Core/Src/FreqIO.c:7:
../Drivers/STM32F4xx_HAL_Driver/Inc/stm32f4xx_hal_uart.h:696:19: note: expected 'uint8_t * {aka unsigned char *}' but argument is of type 'char *'
 HAL_StatusTypeDef HAL_UART_Transmit(UART_HandleTypeDef *huart, uint8_t *pData, uint16_t Size, uint32_t Timeout);
                   ^~~~~~~~~~~~~~~~~
../Core/Src/FreqIO.c: In function 'edit_sineval':
../Core/Src/FreqIO.c:153:38: warning: format '%d' expects argument of type 'int', but argument 4 has type 'uint32_t {aka long unsigned int}' [-Wformat=]
   sprintf(uartData, "sinArray[%d] = %d\n",i,sinArray[i]);
                                     ~^      ~~~~~~~~~~~
                                     %ld
../Core/Src/FreqIO.c:154:30: warning: pointer targets in passing argument 2 of 'HAL_UART_Transmit' differ in signedness [-Wpointer-sign]
   HAL_UART_Transmit(&huart2, uartData, strlen(uartData), 10);
                              ^~~~~~~~
In file included from ../Core/Inc/stm32f4xx_hal_conf.h:404:0,
                 from ../Drivers/STM32F4xx_HAL_Driver/Inc/stm32f4xx_hal.h:30,
                 from ../Core/Inc/main.h:31,
                 from ../Core/Src/FreqIO.h:12,
                 from ../Core/Src/FreqIO.c:7:
../Drivers/STM32F4xx_HAL_Driver/Inc/stm32f4xx_hal_uart.h:696:19: note: expected 'uint8_t * {aka unsigned char *}' but argument is of type 'char *'
 HAL_StatusTypeDef HAL_UART_Transmit(UART_HandleTypeDef *huart, uint8_t *pData, uint16_t Size, uint32_t Timeout);
                   ^~~~~~~~~~~~~~~~~
arm-none-eabi-gcc -o "DAC_SINEWAVE.elf" @"objects.list"   -mcpu=cortex-m4 -T"C:\GitHub\TNCMCU\Software\Code Playground\DAC_SINEWAVE\STM32F446RETX_FLASH.ld" --specs=nosys.specs -Wl,-Map="DAC_SINEWAVE.map" -Wl,--gc-sections -static --specs=nano.specs -mfpu=fpv4-sp-d16 -mfloat-abi=hard -mthumb -Wl,--start-group -lc -lm -Wl,--end-group
Finished building target: DAC_SINEWAVE.elf
 
arm-none-eabi-objdump -h -S  DAC_SINEWAVE.elf  > "DAC_SINEWAVE.list"
arm-none-eabi-objcopy  -O binary  DAC_SINEWAVE.elf  "DAC_SINEWAVE.bin"
arm-none-eabi-size   DAC_SINEWAVE.elf 
   text	   data	    bss	    dec	    hex	filename
  19032	     24	  12240	  31296	   7a40	DAC_SINEWAVE.elf
Finished building: default.size.stdout
 
Finished building: DAC_SINEWAVE.bin
 
Finished building: DAC_SINEWAVE.list
 
21:39:28 **** Incremental Build of configuration Debug for project DAC_SINEWAVE ****
make -j8 all 
arm-none-eabi-gcc "../Core/Src/FreqIO.c" -mcpu=cortex-m4 -std=gnu11 -g3 -DUSE_HAL_DRIVER -DSTM32F446xx -DDEBUG -c -I../Core/Inc -I../Drivers/STM32F4xx_HAL_Driver/Inc -I../Drivers/STM32F4xx_HAL_Driver/Inc/Legacy -I../Drivers/CMSIS/Device/ST/STM32F4xx/Include -I../Drivers/CMSIS/Include -O0 -ffunction-sections -fdata-sections -Wall -fstack-usage -MMD -MP -MF"Core/Src/FreqIO.d" -MT"Core/Src/FreqIO.o" --specs=nano.specs -mfpu=fpv4-sp-d16 -mfloat-abi=hard -mthumb -o "Core/Src/FreqIO.o"
../Core/Src/FreqIO.c: In function 'readBitBuffer':
../Core/Src/FreqIO.c:112:31: warning: pointer targets in passing argument 2 of 'HAL_UART_Transmit' differ in signedness [-Wpointer-sign]
    HAL_UART_Transmit(&huart2, uartData, strlen(uartData), 10);
                               ^~~~~~~~
In file included from ../Core/Inc/stm32f4xx_hal_conf.h:404:0,
                 from ../Drivers/STM32F4xx_HAL_Driver/Inc/stm32f4xx_hal.h:30,
                 from ../Core/Inc/main.h:31,
                 from ../Core/Src/FreqIO.h:12,
                 from ../Core/Src/FreqIO.c:7:
../Drivers/STM32F4xx_HAL_Driver/Inc/stm32f4xx_hal_uart.h:696:19: note: expected 'uint8_t * {aka unsigned char *}' but argument is of type 'char *'
 HAL_StatusTypeDef HAL_UART_Transmit(UART_HandleTypeDef *huart, uint8_t *pData, uint16_t Size, uint32_t Timeout);
                   ^~~~~~~~~~~~~~~~~
../Core/Src/FreqIO.c:132:30: warning: pointer targets in passing argument 2 of 'HAL_UART_Transmit' differ in signedness [-Wpointer-sign]
   HAL_UART_Transmit(&huart2, uartData, strlen(uartData), 10);
                              ^~~~~~~~
In file included from ../Core/Inc/stm32f4xx_hal_conf.h:404:0,
                 from ../Drivers/STM32F4xx_HAL_Driver/Inc/stm32f4xx_hal.h:30,
                 from ../Core/Inc/main.h:31,
                 from ../Core/Src/FreqIO.h:12,
                 from ../Core/Src/FreqIO.c:7:
../Drivers/STM32F4xx_HAL_Driver/Inc/stm32f4xx_hal_uart.h:696:19: note: expected 'uint8_t * {aka unsigned char *}' but argument is of type 'char *'
 HAL_StatusTypeDef HAL_UART_Transmit(UART_HandleTypeDef *huart, uint8_t *pData, uint16_t Size, uint32_t Timeout);
                   ^~~~~~~~~~~~~~~~~
../Core/Src/FreqIO.c: In function 'edit_sineval':
../Core/Src/FreqIO.c:153:38: warning: format '%d' expects argument of type 'int', but argument 4 has type 'uint32_t {aka long unsigned int}' [-Wformat=]
   sprintf(uartData, "sinArray[%d] = %d\n",i,sinArray[i]);
                                     ~^      ~~~~~~~~~~~
                                     %ld
../Core/Src/FreqIO.c:154:30: warning: pointer targets in passing argument 2 of 'HAL_UART_Transmit' differ in signedness [-Wpointer-sign]
   HAL_UART_Transmit(&huart2, uartData, strlen(uartData), 10);
                              ^~~~~~~~
In file included from ../Core/Inc/stm32f4xx_hal_conf.h:404:0,
                 from ../Drivers/STM32F4xx_HAL_Driver/Inc/stm32f4xx_hal.h:30,
                 from ../Core/Inc/main.h:31,
                 from ../Core/Src/FreqIO.h:12,
                 from ../Core/Src/FreqIO.c:7:
../Drivers/STM32F4xx_HAL_Driver/Inc/stm32f4xx_hal_uart.h:696:19: note: expected 'uint8_t * {aka unsigned char *}' but argument is of type 'char *'
 HAL_StatusTypeDef HAL_UART_Transmit(UART_HandleTypeDef *huart, uint8_t *pData, uint16_t Size, uint32_t Timeout);
                   ^~~~~~~~~~~~~~~~~
arm-none-eabi-gcc -o "DAC_SINEWAVE.elf" @"objects.list"   -mcpu=cortex-m4 -T"C:\GitHub\TNCMCU\Software\Code Playground\DAC_SINEWAVE\STM32F446RETX_FLASH.ld" --specs=nosys.specs -Wl,-Map="DAC_SINEWAVE.map" -Wl,--gc-sections -static --specs=nano.specs -mfpu=fpv4-sp-d16 -mfloat-abi=hard -mthumb -Wl,--start-group -lc -lm -Wl,--end-group
Finished building target: DAC_SINEWAVE.elf
 
arm-none-eabi-objdump -h -S  DAC_SINEWAVE.elf  > "DAC_SINEWAVE.list"
arm-none-eabi-objcopy  -O binary  DAC_SINEWAVE.elf  "DAC_SINEWAVE.bin"
arm-none-eabi-size   DAC_SINEWAVE.elf 
   text	   data	    bss	    dec	    hex	filename
  19060	     24	  12240	  31324	   7a5c	DAC_SINEWAVE.elf
Finished building: default.size.stdout
 
Finished building: DAC_SINEWAVE.bin
 
Finished building: DAC_SINEWAVE.list
 
21:39:52 **** Incremental Build of configuration Debug for project DAC_SINEWAVE ****
make -j8 all 
arm-none-eabi-gcc "../Core/Src/FreqIO.c" -mcpu=cortex-m4 -std=gnu11 -g3 -DUSE_HAL_DRIVER -DSTM32F446xx -DDEBUG -c -I../Core/Inc -I../Drivers/STM32F4xx_HAL_Driver/Inc -I../Drivers/STM32F4xx_HAL_Driver/Inc/Legacy -I../Drivers/CMSIS/Device/ST/STM32F4xx/Include -I../Drivers/CMSIS/Include -O0 -ffunction-sections -fdata-sections -Wall -fstack-usage -MMD -MP -MF"Core/Src/FreqIO.d" -MT"Core/Src/FreqIO.o" --specs=nano.specs -mfpu=fpv4-sp-d16 -mfloat-abi=hard -mthumb -o "Core/Src/FreqIO.o"
../Core/Src/FreqIO.c: In function 'readBitBuffer':
../Core/Src/FreqIO.c:112:31: warning: pointer targets in passing argument 2 of 'HAL_UART_Transmit' differ in signedness [-Wpointer-sign]
    HAL_UART_Transmit(&huart2, uartData, strlen(uartData), 10);
                               ^~~~~~~~
In file included from ../Core/Inc/stm32f4xx_hal_conf.h:404:0,
                 from ../Drivers/STM32F4xx_HAL_Driver/Inc/stm32f4xx_hal.h:30,
                 from ../Core/Inc/main.h:31,
                 from ../Core/Src/FreqIO.h:12,
                 from ../Core/Src/FreqIO.c:7:
../Drivers/STM32F4xx_HAL_Driver/Inc/stm32f4xx_hal_uart.h:696:19: note: expected 'uint8_t * {aka unsigned char *}' but argument is of type 'char *'
 HAL_StatusTypeDef HAL_UART_Transmit(UART_HandleTypeDef *huart, uint8_t *pData, uint16_t Size, uint32_t Timeout);
                   ^~~~~~~~~~~~~~~~~
../Core/Src/FreqIO.c:132:30: warning: pointer targets in passing argument 2 of 'HAL_UART_Transmit' differ in signedness [-Wpointer-sign]
   HAL_UART_Transmit(&huart2, uartData, strlen(uartData), 10);
                              ^~~~~~~~
In file included from ../Core/Inc/stm32f4xx_hal_conf.h:404:0,
                 from ../Drivers/STM32F4xx_HAL_Driver/Inc/stm32f4xx_hal.h:30,
                 from ../Core/Inc/main.h:31,
                 from ../Core/Src/FreqIO.h:12,
                 from ../Core/Src/FreqIO.c:7:
../Drivers/STM32F4xx_HAL_Driver/Inc/stm32f4xx_hal_uart.h:696:19: note: expected 'uint8_t * {aka unsigned char *}' but argument is of type 'char *'
 HAL_StatusTypeDef HAL_UART_Transmit(UART_HandleTypeDef *huart, uint8_t *pData, uint16_t Size, uint32_t Timeout);
                   ^~~~~~~~~~~~~~~~~
../Core/Src/FreqIO.c: In function 'edit_sineval':
../Core/Src/FreqIO.c:153:38: warning: format '%d' expects argument of type 'int', but argument 4 has type 'uint32_t {aka long unsigned int}' [-Wformat=]
   sprintf(uartData, "sinArray[%d] = %d\n",i,sinArray[i]);
                                     ~^      ~~~~~~~~~~~
                                     %ld
../Core/Src/FreqIO.c:154:30: warning: pointer targets in passing argument 2 of 'HAL_UART_Transmit' differ in signedness [-Wpointer-sign]
   HAL_UART_Transmit(&huart2, uartData, strlen(uartData), 10);
                              ^~~~~~~~
In file included from ../Core/Inc/stm32f4xx_hal_conf.h:404:0,
                 from ../Drivers/STM32F4xx_HAL_Driver/Inc/stm32f4xx_hal.h:30,
                 from ../Core/Inc/main.h:31,
                 from ../Core/Src/FreqIO.h:12,
                 from ../Core/Src/FreqIO.c:7:
../Drivers/STM32F4xx_HAL_Driver/Inc/stm32f4xx_hal_uart.h:696:19: note: expected 'uint8_t * {aka unsigned char *}' but argument is of type 'char *'
 HAL_StatusTypeDef HAL_UART_Transmit(UART_HandleTypeDef *huart, uint8_t *pData, uint16_t Size, uint32_t Timeout);
                   ^~~~~~~~~~~~~~~~~
arm-none-eabi-gcc -o "DAC_SINEWAVE.elf" @"objects.list"   -mcpu=cortex-m4 -T"C:\GitHub\TNCMCU\Software\Code Playground\DAC_SINEWAVE\STM32F446RETX_FLASH.ld" --specs=nosys.specs -Wl,-Map="DAC_SINEWAVE.map" -Wl,--gc-sections -static --specs=nano.specs -mfpu=fpv4-sp-d16 -mfloat-abi=hard -mthumb -Wl,--start-group -lc -lm -Wl,--end-group
Finished building target: DAC_SINEWAVE.elf
 
arm-none-eabi-objdump -h -S  DAC_SINEWAVE.elf  > "DAC_SINEWAVE.list"
arm-none-eabi-objcopy  -O binary  DAC_SINEWAVE.elf  "DAC_SINEWAVE.bin"
arm-none-eabi-size   DAC_SINEWAVE.elf 
   text	   data	    bss	    dec	    hex	filename
  19032	     24	  12240	  31296	   7a40	DAC_SINEWAVE.elf
Finished building: default.size.stdout
 
Finished building: DAC_SINEWAVE.bin
 
Finished building: DAC_SINEWAVE.list
 
21:40:17 **** Incremental Build of configuration Debug for project DAC_SINEWAVE ****
make -j8 all 
arm-none-eabi-gcc "../Core/Src/FreqIO.c" -mcpu=cortex-m4 -std=gnu11 -g3 -DUSE_HAL_DRIVER -DSTM32F446xx -DDEBUG -c -I../Core/Inc -I../Drivers/STM32F4xx_HAL_Driver/Inc -I../Drivers/STM32F4xx_HAL_Driver/Inc/Legacy -I../Drivers/CMSIS/Device/ST/STM32F4xx/Include -I../Drivers/CMSIS/Include -O0 -ffunction-sections -fdata-sections -Wall -fstack-usage -MMD -MP -MF"Core/Src/FreqIO.d" -MT"Core/Src/FreqIO.o" --specs=nano.specs -mfpu=fpv4-sp-d16 -mfloat-abi=hard -mthumb -o "Core/Src/FreqIO.o"
../Core/Src/FreqIO.c: In function 'readBitBuffer':
../Core/Src/FreqIO.c:112:31: warning: pointer targets in passing argument 2 of 'HAL_UART_Transmit' differ in signedness [-Wpointer-sign]
    HAL_UART_Transmit(&huart2, uartData, strlen(uartData), 10);
                               ^~~~~~~~
In file included from ../Core/Inc/stm32f4xx_hal_conf.h:404:0,
                 from ../Drivers/STM32F4xx_HAL_Driver/Inc/stm32f4xx_hal.h:30,
                 from ../Core/Inc/main.h:31,
                 from ../Core/Src/FreqIO.h:12,
                 from ../Core/Src/FreqIO.c:7:
../Drivers/STM32F4xx_HAL_Driver/Inc/stm32f4xx_hal_uart.h:696:19: note: expected 'uint8_t * {aka unsigned char *}' but argument is of type 'char *'
 HAL_StatusTypeDef HAL_UART_Transmit(UART_HandleTypeDef *huart, uint8_t *pData, uint16_t Size, uint32_t Timeout);
                   ^~~~~~~~~~~~~~~~~
../Core/Src/FreqIO.c:132:30: warning: pointer targets in passing argument 2 of 'HAL_UART_Transmit' differ in signedness [-Wpointer-sign]
   HAL_UART_Transmit(&huart2, uartData, strlen(uartData), 10);
                              ^~~~~~~~
In file included from ../Core/Inc/stm32f4xx_hal_conf.h:404:0,
                 from ../Drivers/STM32F4xx_HAL_Driver/Inc/stm32f4xx_hal.h:30,
                 from ../Core/Inc/main.h:31,
                 from ../Core/Src/FreqIO.h:12,
                 from ../Core/Src/FreqIO.c:7:
../Drivers/STM32F4xx_HAL_Driver/Inc/stm32f4xx_hal_uart.h:696:19: note: expected 'uint8_t * {aka unsigned char *}' but argument is of type 'char *'
 HAL_StatusTypeDef HAL_UART_Transmit(UART_HandleTypeDef *huart, uint8_t *pData, uint16_t Size, uint32_t Timeout);
                   ^~~~~~~~~~~~~~~~~
../Core/Src/FreqIO.c: In function 'edit_sineval':
../Core/Src/FreqIO.c:153:38: warning: format '%d' expects argument of type 'int', but argument 4 has type 'uint32_t {aka long unsigned int}' [-Wformat=]
   sprintf(uartData, "sinArray[%d] = %d\n",i,sinArray[i]);
                                     ~^      ~~~~~~~~~~~
                                     %ld
../Core/Src/FreqIO.c:154:30: warning: pointer targets in passing argument 2 of 'HAL_UART_Transmit' differ in signedness [-Wpointer-sign]
   HAL_UART_Transmit(&huart2, uartData, strlen(uartData), 10);
                              ^~~~~~~~
In file included from ../Core/Inc/stm32f4xx_hal_conf.h:404:0,
                 from ../Drivers/STM32F4xx_HAL_Driver/Inc/stm32f4xx_hal.h:30,
                 from ../Core/Inc/main.h:31,
                 from ../Core/Src/FreqIO.h:12,
                 from ../Core/Src/FreqIO.c:7:
../Drivers/STM32F4xx_HAL_Driver/Inc/stm32f4xx_hal_uart.h:696:19: note: expected 'uint8_t * {aka unsigned char *}' but argument is of type 'char *'
 HAL_StatusTypeDef HAL_UART_Transmit(UART_HandleTypeDef *huart, uint8_t *pData, uint16_t Size, uint32_t Timeout);
                   ^~~~~~~~~~~~~~~~~
arm-none-eabi-gcc -o "DAC_SINEWAVE.elf" @"objects.list"   -mcpu=cortex-m4 -T"C:\GitHub\TNCMCU\Software\Code Playground\DAC_SINEWAVE\STM32F446RETX_FLASH.ld" --specs=nosys.specs -Wl,-Map="DAC_SINEWAVE.map" -Wl,--gc-sections -static --specs=nano.specs -mfpu=fpv4-sp-d16 -mfloat-abi=hard -mthumb -Wl,--start-group -lc -lm -Wl,--end-group
Finished building target: DAC_SINEWAVE.elf
 
arm-none-eabi-objdump -h -S  DAC_SINEWAVE.elf  > "DAC_SINEWAVE.list"
arm-none-eabi-objcopy  -O binary  DAC_SINEWAVE.elf  "DAC_SINEWAVE.bin"
arm-none-eabi-size   DAC_SINEWAVE.elf 
   text	   data	    bss	    dec	    hex	filename
  19040	     24	  12240	  31304	   7a48	DAC_SINEWAVE.elf
Finished building: default.size.stdout
 
Finished building: DAC_SINEWAVE.bin
 
Finished building: DAC_SINEWAVE.list
 
21:40:35 **** Incremental Build of configuration Debug for project DAC_SINEWAVE ****
make -j8 all 
arm-none-eabi-gcc "../Core/Src/FreqIO.c" -mcpu=cortex-m4 -std=gnu11 -g3 -DUSE_HAL_DRIVER -DSTM32F446xx -DDEBUG -c -I../Core/Inc -I../Drivers/STM32F4xx_HAL_Driver/Inc -I../Drivers/STM32F4xx_HAL_Driver/Inc/Legacy -I../Drivers/CMSIS/Device/ST/STM32F4xx/Include -I../Drivers/CMSIS/Include -O0 -ffunction-sections -fdata-sections -Wall -fstack-usage -MMD -MP -MF"Core/Src/FreqIO.d" -MT"Core/Src/FreqIO.o" --specs=nano.specs -mfpu=fpv4-sp-d16 -mfloat-abi=hard -mthumb -o "Core/Src/FreqIO.o"
../Core/Src/FreqIO.c: In function 'readBitBuffer':
../Core/Src/FreqIO.c:112:31: warning: pointer targets in passing argument 2 of 'HAL_UART_Transmit' differ in signedness [-Wpointer-sign]
    HAL_UART_Transmit(&huart2, uartData, strlen(uartData), 10);
                               ^~~~~~~~
In file included from ../Core/Inc/stm32f4xx_hal_conf.h:404:0,
                 from ../Drivers/STM32F4xx_HAL_Driver/Inc/stm32f4xx_hal.h:30,
                 from ../Core/Inc/main.h:31,
                 from ../Core/Src/FreqIO.h:12,
                 from ../Core/Src/FreqIO.c:7:
../Drivers/STM32F4xx_HAL_Driver/Inc/stm32f4xx_hal_uart.h:696:19: note: expected 'uint8_t * {aka unsigned char *}' but argument is of type 'char *'
 HAL_StatusTypeDef HAL_UART_Transmit(UART_HandleTypeDef *huart, uint8_t *pData, uint16_t Size, uint32_t Timeout);
                   ^~~~~~~~~~~~~~~~~
../Core/Src/FreqIO.c:132:30: warning: pointer targets in passing argument 2 of 'HAL_UART_Transmit' differ in signedness [-Wpointer-sign]
   HAL_UART_Transmit(&huart2, uartData, strlen(uartData), 10);
                              ^~~~~~~~
In file included from ../Core/Inc/stm32f4xx_hal_conf.h:404:0,
                 from ../Drivers/STM32F4xx_HAL_Driver/Inc/stm32f4xx_hal.h:30,
                 from ../Core/Inc/main.h:31,
                 from ../Core/Src/FreqIO.h:12,
                 from ../Core/Src/FreqIO.c:7:
../Drivers/STM32F4xx_HAL_Driver/Inc/stm32f4xx_hal_uart.h:696:19: note: expected 'uint8_t * {aka unsigned char *}' but argument is of type 'char *'
 HAL_StatusTypeDef HAL_UART_Transmit(UART_HandleTypeDef *huart, uint8_t *pData, uint16_t Size, uint32_t Timeout);
                   ^~~~~~~~~~~~~~~~~
../Core/Src/FreqIO.c: In function 'edit_sineval':
../Core/Src/FreqIO.c:153:38: warning: format '%d' expects argument of type 'int', but argument 4 has type 'uint32_t {aka long unsigned int}' [-Wformat=]
   sprintf(uartData, "sinArray[%d] = %d\n",i,sinArray[i]);
                                     ~^      ~~~~~~~~~~~
                                     %ld
../Core/Src/FreqIO.c:154:30: warning: pointer targets in passing argument 2 of 'HAL_UART_Transmit' differ in signedness [-Wpointer-sign]
   HAL_UART_Transmit(&huart2, uartData, strlen(uartData), 10);
                              ^~~~~~~~
In file included from ../Core/Inc/stm32f4xx_hal_conf.h:404:0,
                 from ../Drivers/STM32F4xx_HAL_Driver/Inc/stm32f4xx_hal.h:30,
                 from ../Core/Inc/main.h:31,
                 from ../Core/Src/FreqIO.h:12,
                 from ../Core/Src/FreqIO.c:7:
../Drivers/STM32F4xx_HAL_Driver/Inc/stm32f4xx_hal_uart.h:696:19: note: expected 'uint8_t * {aka unsigned char *}' but argument is of type 'char *'
 HAL_StatusTypeDef HAL_UART_Transmit(UART_HandleTypeDef *huart, uint8_t *pData, uint16_t Size, uint32_t Timeout);
                   ^~~~~~~~~~~~~~~~~
arm-none-eabi-gcc -o "DAC_SINEWAVE.elf" @"objects.list"   -mcpu=cortex-m4 -T"C:\GitHub\TNCMCU\Software\Code Playground\DAC_SINEWAVE\STM32F446RETX_FLASH.ld" --specs=nosys.specs -Wl,-Map="DAC_SINEWAVE.map" -Wl,--gc-sections -static --specs=nano.specs -mfpu=fpv4-sp-d16 -mfloat-abi=hard -mthumb -Wl,--start-group -lc -lm -Wl,--end-group
Finished building target: DAC_SINEWAVE.elf
 
arm-none-eabi-objdump -h -S  DAC_SINEWAVE.elf  > "DAC_SINEWAVE.list"
arm-none-eabi-objcopy  -O binary  DAC_SINEWAVE.elf  "DAC_SINEWAVE.bin"
arm-none-eabi-size   DAC_SINEWAVE.elf 
   text	   data	    bss	    dec	    hex	filename
  19044	     24	  12240	  31308	   7a4c	DAC_SINEWAVE.elf
Finished building: default.size.stdout
 
Finished building: DAC_SINEWAVE.bin
 
Finished building: DAC_SINEWAVE.list
 
21:40:50 **** Incremental Build of configuration Debug for project DAC_SINEWAVE ****
make -j8 all 
arm-none-eabi-gcc "../Core/Src/FreqIO.c" -mcpu=cortex-m4 -std=gnu11 -g3 -DUSE_HAL_DRIVER -DSTM32F446xx -DDEBUG -c -I../Core/Inc -I../Drivers/STM32F4xx_HAL_Driver/Inc -I../Drivers/STM32F4xx_HAL_Driver/Inc/Legacy -I../Drivers/CMSIS/Device/ST/STM32F4xx/Include -I../Drivers/CMSIS/Include -O0 -ffunction-sections -fdata-sections -Wall -fstack-usage -MMD -MP -MF"Core/Src/FreqIO.d" -MT"Core/Src/FreqIO.o" --specs=nano.specs -mfpu=fpv4-sp-d16 -mfloat-abi=hard -mthumb -o "Core/Src/FreqIO.o"
../Core/Src/FreqIO.c: In function 'readBitBuffer':
../Core/Src/FreqIO.c:112:31: warning: pointer targets in passing argument 2 of 'HAL_UART_Transmit' differ in signedness [-Wpointer-sign]
    HAL_UART_Transmit(&huart2, uartData, strlen(uartData), 10);
                               ^~~~~~~~
In file included from ../Core/Inc/stm32f4xx_hal_conf.h:404:0,
                 from ../Drivers/STM32F4xx_HAL_Driver/Inc/stm32f4xx_hal.h:30,
                 from ../Core/Inc/main.h:31,
                 from ../Core/Src/FreqIO.h:12,
                 from ../Core/Src/FreqIO.c:7:
../Drivers/STM32F4xx_HAL_Driver/Inc/stm32f4xx_hal_uart.h:696:19: note: expected 'uint8_t * {aka unsigned char *}' but argument is of type 'char *'
 HAL_StatusTypeDef HAL_UART_Transmit(UART_HandleTypeDef *huart, uint8_t *pData, uint16_t Size, uint32_t Timeout);
                   ^~~~~~~~~~~~~~~~~
../Core/Src/FreqIO.c:132:30: warning: pointer targets in passing argument 2 of 'HAL_UART_Transmit' differ in signedness [-Wpointer-sign]
   HAL_UART_Transmit(&huart2, uartData, strlen(uartData), 10);
                              ^~~~~~~~
In file included from ../Core/Inc/stm32f4xx_hal_conf.h:404:0,
                 from ../Drivers/STM32F4xx_HAL_Driver/Inc/stm32f4xx_hal.h:30,
                 from ../Core/Inc/main.h:31,
                 from ../Core/Src/FreqIO.h:12,
                 from ../Core/Src/FreqIO.c:7:
../Drivers/STM32F4xx_HAL_Driver/Inc/stm32f4xx_hal_uart.h:696:19: note: expected 'uint8_t * {aka unsigned char *}' but argument is of type 'char *'
 HAL_StatusTypeDef HAL_UART_Transmit(UART_HandleTypeDef *huart, uint8_t *pData, uint16_t Size, uint32_t Timeout);
                   ^~~~~~~~~~~~~~~~~
../Core/Src/FreqIO.c: In function 'edit_sineval':
../Core/Src/FreqIO.c:153:38: warning: format '%d' expects argument of type 'int', but argument 4 has type 'uint32_t {aka long unsigned int}' [-Wformat=]
   sprintf(uartData, "sinArray[%d] = %d\n",i,sinArray[i]);
                                     ~^      ~~~~~~~~~~~
                                     %ld
../Core/Src/FreqIO.c:154:30: warning: pointer targets in passing argument 2 of 'HAL_UART_Transmit' differ in signedness [-Wpointer-sign]
   HAL_UART_Transmit(&huart2, uartData, strlen(uartData), 10);
                              ^~~~~~~~
In file included from ../Core/Inc/stm32f4xx_hal_conf.h:404:0,
                 from ../Drivers/STM32F4xx_HAL_Driver/Inc/stm32f4xx_hal.h:30,
                 from ../Core/Inc/main.h:31,
                 from ../Core/Src/FreqIO.h:12,
                 from ../Core/Src/FreqIO.c:7:
../Drivers/STM32F4xx_HAL_Driver/Inc/stm32f4xx_hal_uart.h:696:19: note: expected 'uint8_t * {aka unsigned char *}' but argument is of type 'char *'
 HAL_StatusTypeDef HAL_UART_Transmit(UART_HandleTypeDef *huart, uint8_t *pData, uint16_t Size, uint32_t Timeout);
                   ^~~~~~~~~~~~~~~~~
arm-none-eabi-gcc -o "DAC_SINEWAVE.elf" @"objects.list"   -mcpu=cortex-m4 -T"C:\GitHub\TNCMCU\Software\Code Playground\DAC_SINEWAVE\STM32F446RETX_FLASH.ld" --specs=nosys.specs -Wl,-Map="DAC_SINEWAVE.map" -Wl,--gc-sections -static --specs=nano.specs -mfpu=fpv4-sp-d16 -mfloat-abi=hard -mthumb -Wl,--start-group -lc -lm -Wl,--end-group
Finished building target: DAC_SINEWAVE.elf
 
arm-none-eabi-objdump -h -S  DAC_SINEWAVE.elf  > "DAC_SINEWAVE.list"
arm-none-eabi-objcopy  -O binary  DAC_SINEWAVE.elf  "DAC_SINEWAVE.bin"
arm-none-eabi-size   DAC_SINEWAVE.elf 
   text	   data	    bss	    dec	    hex	filename
  19064	     24	  12240	  31328	   7a60	DAC_SINEWAVE.elf
Finished building: default.size.stdout
 
Finished building: DAC_SINEWAVE.bin
 
Finished building: DAC_SINEWAVE.list
 
21:42:02 **** Incremental Build of configuration Debug for project DAC_SINEWAVE ****
make -j8 all 
arm-none-eabi-gcc "../Drivers/STM32F4xx_HAL_Driver/Src/stm32f4xx_hal.c" -mcpu=cortex-m4 -std=gnu11 -g3 -DUSE_HAL_DRIVER -DSTM32F446xx -DDEBUG -c -I../Core/Inc -I../Drivers/STM32F4xx_HAL_Driver/Inc -I../Drivers/STM32F4xx_HAL_Driver/Inc/Legacy -I../Drivers/CMSIS/Device/ST/STM32F4xx/Include -I../Drivers/CMSIS/Include -O0 -ffunction-sections -fdata-sections -Wall -fstack-usage -MMD -MP -MF"Drivers/STM32F4xx_HAL_Driver/Src/stm32f4xx_hal.d" -MT"Drivers/STM32F4xx_HAL_Driver/Src/stm32f4xx_hal.o" --specs=nano.specs -mfpu=fpv4-sp-d16 -mfloat-abi=hard -mthumb -o "Drivers/STM32F4xx_HAL_Driver/Src/stm32f4xx_hal.o"
arm-none-eabi-gcc "../Drivers/STM32F4xx_HAL_Driver/Src/stm32f4xx_hal_cortex.c" -mcpu=cortex-m4 -std=gnu11 -g3 -DUSE_HAL_DRIVER -DSTM32F446xx -DDEBUG -c -I../Core/Inc -I../Drivers/STM32F4xx_HAL_Driver/Inc -I../Drivers/STM32F4xx_HAL_Driver/Inc/Legacy -I../Drivers/CMSIS/Device/ST/STM32F4xx/Include -I../Drivers/CMSIS/Include -O0 -ffunction-sections -fdata-sections -Wall -fstack-usage -MMD -MP -MF"Drivers/STM32F4xx_HAL_Driver/Src/stm32f4xx_hal_cortex.d" -MT"Drivers/STM32F4xx_HAL_Driver/Src/stm32f4xx_hal_cortex.o" --specs=nano.specs -mfpu=fpv4-sp-d16 -mfloat-abi=hard -mthumb -o "Drivers/STM32F4xx_HAL_Driver/Src/stm32f4xx_hal_cortex.o"
[...]
   text	   data	    bss	    dec	    hex	filename
  38020	   2540	  12308	  52868	   ce84	DAC_SINEWAVE.elf
Finished building: default.size.stdout
 
Finished building: DAC_SINEWAVE.bin
 
Finished building: DAC_SINEWAVE.list
 
23:05:57 **** Incremental Build of configuration Debug for project DAC_SINEWAVE ****
make -j8 all 
arm-none-eabi-gcc "../Core/Src/interrupt_services.c" -mcpu=cortex-m4 -std=gnu11 -g3 -DUSE_HAL_DRIVER -DSTM32F446xx -DDEBUG -c -I../Core/Inc -I../Drivers/STM32F4xx_HAL_Driver/Inc -I../Drivers/STM32F4xx_HAL_Driver/Inc/Legacy -I../Drivers/CMSIS/Device/ST/STM32F4xx/Include -I../Drivers/CMSIS/Include -O0 -ffunction-sections -fdata-sections -Wall -fstack-usage -MMD -MP -MF"Core/Src/interrupt_services.d" -MT"Core/Src/interrupt_services.o" --specs=nano.specs -mfpu=fpv4-sp-d16 -mfloat-abi=hard -mthumb -o "Core/Src/interrupt_services.o"
arm-none-eabi-gcc -o "DAC_SINEWAVE.elf" @"objects.list"   -mcpu=cortex-m4 -T"C:\GitHub\TNCMCU\Software\Code Playground\DAC_SINEWAVE\STM32F446RETX_FLASH.ld" --specs=nosys.specs -Wl,-Map="DAC_SINEWAVE.map" -Wl,--gc-sections -static --specs=nano.specs -mfpu=fpv4-sp-d16 -mfloat-abi=hard -mthumb -Wl,--start-group -lc -lm -Wl,--end-group
Finished building target: DAC_SINEWAVE.elf
 
arm-none-eabi-objdump -h -S  DAC_SINEWAVE.elf  > "DAC_SINEWAVE.list"
arm-none-eabi-objcopy  -O binary  DAC_SINEWAVE.elf  "DAC_SINEWAVE.bin"
arm-none-eabi-size   DAC_SINEWAVE.elf 
   text	   data	    bss	    dec	    hex	filename
  38020	   2540	  12308	  52868	   ce84	DAC_SINEWAVE.elf
Finished building: default.size.stdout
 
Finished building: DAC_SINEWAVE.bin
 
Finished building: DAC_SINEWAVE.list
 
23:13:47 **** Incremental Build of configuration Debug for project DAC_SINEWAVE ****
make -j8 all 
arm-none-eabi-gcc "../Core/Src/interrupt_services.c" -mcpu=cortex-m4 -std=gnu11 -g3 -DUSE_HAL_DRIVER -DSTM32F446xx -DDEBUG -c -I../Core/Inc -I../Drivers/STM32F4xx_HAL_Driver/Inc -I../Drivers/STM32F4xx_HAL_Driver/Inc/Legacy -I../Drivers/CMSIS/Device/ST/STM32F4xx/Include -I../Drivers/CMSIS/Include -O0 -ffunction-sections -fdata-sections -Wall -fstack-usage -MMD -MP -MF"Core/Src/interrupt_services.d" -MT"Core/Src/interrupt_services.o" --specs=nano.specs -mfpu=fpv4-sp-d16 -mfloat-abi=hard -mthumb -o "Core/Src/interrupt_services.o"
arm-none-eabi-gcc -o "DAC_SINEWAVE.elf" @"objects.list"   -mcpu=cortex-m4 -T"C:\GitHub\TNCMCU\Software\Code Playground\DAC_SINEWAVE\STM32F446RETX_FLASH.ld" --specs=nosys.specs -Wl,-Map="DAC_SINEWAVE.map" -Wl,--gc-sections -static --specs=nano.specs -mfpu=fpv4-sp-d16 -mfloat-abi=hard -mthumb -Wl,--start-group -lc -lm -Wl,--end-group
Finished building target: DAC_SINEWAVE.elf
 
arm-none-eabi-objdump -h -S  DAC_SINEWAVE.elf  > "DAC_SINEWAVE.list"
arm-none-eabi-objcopy  -O binary  DAC_SINEWAVE.elf  "DAC_SINEWAVE.bin"
arm-none-eabi-size   DAC_SINEWAVE.elf 
   text	   data	    bss	    dec	    hex	filename
  38032	   2540	  12308	  52880	   ce90	DAC_SINEWAVE.elf
Finished building: default.size.stdout
 
Finished building: DAC_SINEWAVE.bin
 
Finished building: DAC_SINEWAVE.list
 
23:14:41 **** Incremental Build of configuration Debug for project DAC_SINEWAVE ****
make -j8 all 
arm-none-eabi-gcc "../Core/Src/interrupt_services.c" -mcpu=cortex-m4 -std=gnu11 -g3 -DUSE_HAL_DRIVER -DSTM32F446xx -DDEBUG -c -I../Core/Inc -I../Drivers/STM32F4xx_HAL_Driver/Inc -I../Drivers/STM32F4xx_HAL_Driver/Inc/Legacy -I../Drivers/CMSIS/Device/ST/STM32F4xx/Include -I../Drivers/CMSIS/Include -O0 -ffunction-sections -fdata-sections -Wall -fstack-usage -MMD -MP -MF"Core/Src/interrupt_services.d" -MT"Core/Src/interrupt_services.o" --specs=nano.specs -mfpu=fpv4-sp-d16 -mfloat-abi=hard -mthumb -o "Core/Src/interrupt_services.o"
arm-none-eabi-gcc -o "DAC_SINEWAVE.elf" @"objects.list"   -mcpu=cortex-m4 -T"C:\GitHub\TNCMCU\Software\Code Playground\DAC_SINEWAVE\STM32F446RETX_FLASH.ld" --specs=nosys.specs -Wl,-Map="DAC_SINEWAVE.map" -Wl,--gc-sections -static --specs=nano.specs -mfpu=fpv4-sp-d16 -mfloat-abi=hard -mthumb -Wl,--start-group -lc -lm -Wl,--end-group
Finished building target: DAC_SINEWAVE.elf
 
arm-none-eabi-objdump -h -S  DAC_SINEWAVE.elf  > "DAC_SINEWAVE.list"
arm-none-eabi-objcopy  -O binary  DAC_SINEWAVE.elf  "DAC_SINEWAVE.bin"
arm-none-eabi-size   DAC_SINEWAVE.elf 
   text	   data	    bss	    dec	    hex	filename
  38020	   2540	  12308	  52868	   ce84	DAC_SINEWAVE.elf
Finished building: default.size.stdout
 
Finished building: DAC_SINEWAVE.bin
 
Finished building: DAC_SINEWAVE.list
 
23:21:45 **** Incremental Build of configuration Debug for project DAC_SINEWAVE ****
make -j8 all 
arm-none-eabi-gcc "../Core/Src/interrupt_services.c" -mcpu=cortex-m4 -std=gnu11 -g3 -DUSE_HAL_DRIVER -DSTM32F446xx -DDEBUG -c -I../Core/Inc -I../Drivers/STM32F4xx_HAL_Driver/Inc -I../Drivers/STM32F4xx_HAL_Driver/Inc/Legacy -I../Drivers/CMSIS/Device/ST/STM32F4xx/Include -I../Drivers/CMSIS/Include -O0 -ffunction-sections -fdata-sections -Wall -fstack-usage -MMD -MP -MF"Core/Src/interrupt_services.d" -MT"Core/Src/interrupt_services.o" --specs=nano.specs -mfpu=fpv4-sp-d16 -mfloat-abi=hard -mthumb -o "Core/Src/interrupt_services.o"
arm-none-eabi-gcc -o "DAC_SINEWAVE.elf" @"objects.list"   -mcpu=cortex-m4 -T"C:\GitHub\TNCMCU\Software\Code Playground\DAC_SINEWAVE\STM32F446RETX_FLASH.ld" --specs=nosys.specs -Wl,-Map="DAC_SINEWAVE.map" -Wl,--gc-sections -static --specs=nano.specs -mfpu=fpv4-sp-d16 -mfloat-abi=hard -mthumb -Wl,--start-group -lc -lm -Wl,--end-group
Finished building target: DAC_SINEWAVE.elf
 
arm-none-eabi-objdump -h -S  DAC_SINEWAVE.elf  > "DAC_SINEWAVE.list"
arm-none-eabi-objcopy  -O binary  DAC_SINEWAVE.elf  "DAC_SINEWAVE.bin"
arm-none-eabi-size   DAC_SINEWAVE.elf 
   text	   data	    bss	    dec	    hex	filename
  38020	   2540	  12308	  52868	   ce84	DAC_SINEWAVE.elf
Finished building: default.size.stdout
 
Finished building: DAC_SINEWAVE.bin
 
Finished building: DAC_SINEWAVE.list
 
23:25:00 **** Incremental Build of configuration Debug for project DAC_SINEWAVE ****
make -j8 all 
arm-none-eabi-gcc "../Core/Src/interrupt_services.c" -mcpu=cortex-m4 -std=gnu11 -g3 -DUSE_HAL_DRIVER -DSTM32F446xx -DDEBUG -c -I../Core/Inc -I../Drivers/STM32F4xx_HAL_Driver/Inc -I../Drivers/STM32F4xx_HAL_Driver/Inc/Legacy -I../Drivers/CMSIS/Device/ST/STM32F4xx/Include -I../Drivers/CMSIS/Include -O0 -ffunction-sections -fdata-sections -Wall -fstack-usage -MMD -MP -MF"Core/Src/interrupt_services.d" -MT"Core/Src/interrupt_services.o" --specs=nano.specs -mfpu=fpv4-sp-d16 -mfloat-abi=hard -mthumb -o "Core/Src/interrupt_services.o"
arm-none-eabi-gcc -o "DAC_SINEWAVE.elf" @"objects.list"   -mcpu=cortex-m4 -T"C:\GitHub\TNCMCU\Software\Code Playground\DAC_SINEWAVE\STM32F446RETX_FLASH.ld" --specs=nosys.specs -Wl,-Map="DAC_SINEWAVE.map" -Wl,--gc-sections -static --specs=nano.specs -mfpu=fpv4-sp-d16 -mfloat-abi=hard -mthumb -Wl,--start-group -lc -lm -Wl,--end-group
Finished building target: DAC_SINEWAVE.elf
 
arm-none-eabi-objdump -h -S  DAC_SINEWAVE.elf  > "DAC_SINEWAVE.list"
arm-none-eabi-objcopy  -O binary  DAC_SINEWAVE.elf  "DAC_SINEWAVE.bin"
arm-none-eabi-size   DAC_SINEWAVE.elf 
   text	   data	    bss	    dec	    hex	filename
  38044	   2540	  12308	  52892	   ce9c	DAC_SINEWAVE.elf
Finished building: default.size.stdout
 
Finished building: DAC_SINEWAVE.bin
 
Finished building: DAC_SINEWAVE.list
 
23:27:09 **** Incremental Build of configuration Debug for project DAC_SINEWAVE ****
make -j8 all 
arm-none-eabi-gcc "../Core/Src/main.c" -mcpu=cortex-m4 -std=gnu11 -g3 -DUSE_HAL_DRIVER -DSTM32F446xx -DDEBUG -c -I../Core/Inc -I../Drivers/STM32F4xx_HAL_Driver/Inc -I../Drivers/STM32F4xx_HAL_Driver/Inc/Legacy -I../Drivers/CMSIS/Device/ST/STM32F4xx/Include -I../Drivers/CMSIS/Include -O0 -ffunction-sections -fdata-sections -Wall -fstack-usage -MMD -MP -MF"Core/Src/main.d" -MT"Core/Src/main.o" --specs=nano.specs -mfpu=fpv4-sp-d16 -mfloat-abi=hard -mthumb -o "Core/Src/main.o"
../Core/Src/main.c: In function 'main':
../Core/Src/main.c:110:2: warning: implicit declaration of function 'uart_gpio_init' [-Wimplicit-function-declaration]
  uart_gpio_init();
  ^~~~~~~~~~~~~~
../Core/Src/main.c: At top level:
../Core/Src/main.c:485:1: warning: data definition has no type or storage class
 OC_count = 0;
 ^~~~~~~~
../Core/Src/main.c:485:1: warning: type defaults to 'int' in declaration of 'OC_count' [-Wimplicit-int]
../Core/Src/main.c: In function 'HAL_TIM_OC_DelayElapsedCallback':
../Core/Src/main.c:491:3: warning: implicit declaration of function 'Tim2_OC_Callback'; did you mean 'Tim3_IT_Callback'? [-Wimplicit-function-declaration]
   Tim2_OC_Callback();
   ^~~~~~~~~~~~~~~~
   Tim3_IT_Callback
../Core/Src/main.c: In function 'HAL_TIM_IC_CaptureCallback':
../Core/Src/main.c:511:3: warning: implicit declaration of function 'Tim5_IC_Callback'; did you mean 'Tim3_IT_Callback'? [-Wimplicit-function-declaration]
   Tim5_IC_Callback();
   ^~~~~~~~~~~~~~~~
   Tim3_IT_Callback
../Core/Src/main.c: At top level:
../Core/Src/main.c:525:6: warning: conflicting types for 'uart_gpio_init'
 void uart_gpio_init()
      ^~~~~~~~~~~~~~
../Core/Src/main.c:110:2: note: previous implicit declaration of 'uart_gpio_init' was here
  uart_gpio_init();
  ^~~~~~~~~~~~~~
arm-none-eabi-gcc -o "DAC_SINEWAVE.elf" @"objects.list"   -mcpu=cortex-m4 -T"C:\GitHub\TNCMCU\Software\Code Playground\DAC_SINEWAVE\STM32F446RETX_FLASH.ld" --specs=nosys.specs -Wl,-Map="DAC_SINEWAVE.map" -Wl,--gc-sections -static --specs=nano.specs -mfpu=fpv4-sp-d16 -mfloat-abi=hard -mthumb -Wl,--start-group -lc -lm -Wl,--end-group
Finished building target: DAC_SINEWAVE.elf
 
arm-none-eabi-objdump -h -S  DAC_SINEWAVE.elf  > "DAC_SINEWAVE.list"
arm-none-eabi-objcopy  -O binary  DAC_SINEWAVE.elf  "DAC_SINEWAVE.bin"
arm-none-eabi-size   DAC_SINEWAVE.elf 
   text	   data	    bss	    dec	    hex	filename
  20988	     32	  12296	  33316	   8224	DAC_SINEWAVE.elf
Finished building: default.size.stdout
 
Finished building: DAC_SINEWAVE.bin
 
Finished building: DAC_SINEWAVE.list
 
23:31:12 **** Incremental Build of configuration Debug for project DAC_SINEWAVE ****
make -j8 all 
arm-none-eabi-gcc "../Core/Src/interrupt_services.c" -mcpu=cortex-m4 -std=gnu11 -g3 -DUSE_HAL_DRIVER -DSTM32F446xx -DDEBUG -c -I../Core/Inc -I../Drivers/STM32F4xx_HAL_Driver/Inc -I../Drivers/STM32F4xx_HAL_Driver/Inc/Legacy -I../Drivers/CMSIS/Device/ST/STM32F4xx/Include -I../Drivers/CMSIS/Include -O0 -ffunction-sections -fdata-sections -Wall -fstack-usage -MMD -MP -MF"Core/Src/interrupt_services.d" -MT"Core/Src/interrupt_services.o" --specs=nano.specs -mfpu=fpv4-sp-d16 -mfloat-abi=hard -mthumb -o "Core/Src/interrupt_services.o"
arm-none-eabi-gcc -o "DAC_SINEWAVE.elf" @"objects.list"   -mcpu=cortex-m4 -T"C:\GitHub\TNCMCU\Software\Code Playground\DAC_SINEWAVE\STM32F446RETX_FLASH.ld" --specs=nosys.specs -Wl,-Map="DAC_SINEWAVE.map" -Wl,--gc-sections -static --specs=nano.specs -mfpu=fpv4-sp-d16 -mfloat-abi=hard -mthumb -Wl,--start-group -lc -lm -Wl,--end-group
Finished building target: DAC_SINEWAVE.elf
 
arm-none-eabi-objdump -h -S  DAC_SINEWAVE.elf  > "DAC_SINEWAVE.list"
arm-none-eabi-objcopy  -O binary  DAC_SINEWAVE.elf  "DAC_SINEWAVE.bin"
arm-none-eabi-size   DAC_SINEWAVE.elf 
   text	   data	    bss	    dec	    hex	filename
  21076	     32	  12296	  33404	   827c	DAC_SINEWAVE.elf
Finished building: default.size.stdout
 
Finished building: DAC_SINEWAVE.bin
 
Finished building: DAC_SINEWAVE.list
 
23:33:32 **** Incremental Build of configuration Debug for project DAC_SINEWAVE ****
make -j8 all 
arm-none-eabi-gcc "../Core/Src/interrupt_services.c" -mcpu=cortex-m4 -std=gnu11 -g3 -DUSE_HAL_DRIVER -DSTM32F446xx -DDEBUG -c -I../Core/Inc -I../Drivers/STM32F4xx_HAL_Driver/Inc -I../Drivers/STM32F4xx_HAL_Driver/Inc/Legacy -I../Drivers/CMSIS/Device/ST/STM32F4xx/Include -I../Drivers/CMSIS/Include -O0 -ffunction-sections -fdata-sections -Wall -fstack-usage -MMD -MP -MF"Core/Src/interrupt_services.d" -MT"Core/Src/interrupt_services.o" --specs=nano.specs -mfpu=fpv4-sp-d16 -mfloat-abi=hard -mthumb -o "Core/Src/interrupt_services.o"
arm-none-eabi-gcc -o "DAC_SINEWAVE.elf" @"objects.list"   -mcpu=cortex-m4 -T"C:\GitHub\TNCMCU\Software\Code Playground\DAC_SINEWAVE\STM32F446RETX_FLASH.ld" --specs=nosys.specs -Wl,-Map="DAC_SINEWAVE.map" -Wl,--gc-sections -static --specs=nano.specs -mfpu=fpv4-sp-d16 -mfloat-abi=hard -mthumb -Wl,--start-group -lc -lm -Wl,--end-group
Finished building target: DAC_SINEWAVE.elf
 
arm-none-eabi-objdump -h -S  DAC_SINEWAVE.elf  > "DAC_SINEWAVE.list"
arm-none-eabi-objcopy  -O binary  DAC_SINEWAVE.elf  "DAC_SINEWAVE.bin"
arm-none-eabi-size   DAC_SINEWAVE.elf 
   text	   data	    bss	    dec	    hex	filename
  21096	     32	  12296	  33424	   8290	DAC_SINEWAVE.elf
Finished building: default.size.stdout
 
Finished building: DAC_SINEWAVE.bin
 
Finished building: DAC_SINEWAVE.list
 
23:35:47 **** Incremental Build of configuration Debug for project DAC_SINEWAVE ****
make -j8 all 
arm-none-eabi-gcc "../Core/Src/interrupt_services.c" -mcpu=cortex-m4 -std=gnu11 -g3 -DUSE_HAL_DRIVER -DSTM32F446xx -DDEBUG -c -I../Core/Inc -I../Drivers/STM32F4xx_HAL_Driver/Inc -I../Drivers/STM32F4xx_HAL_Driver/Inc/Legacy -I../Drivers/CMSIS/Device/ST/STM32F4xx/Include -I../Drivers/CMSIS/Include -O0 -ffunction-sections -fdata-sections -Wall -fstack-usage -MMD -MP -MF"Core/Src/interrupt_services.d" -MT"Core/Src/interrupt_services.o" --specs=nano.specs -mfpu=fpv4-sp-d16 -mfloat-abi=hard -mthumb -o "Core/Src/interrupt_services.o"
arm-none-eabi-gcc -o "DAC_SINEWAVE.elf" @"objects.list"   -mcpu=cortex-m4 -T"C:\GitHub\TNCMCU\Software\Code Playground\DAC_SINEWAVE\STM32F446RETX_FLASH.ld" --specs=nosys.specs -Wl,-Map="DAC_SINEWAVE.map" -Wl,--gc-sections -static --specs=nano.specs -mfpu=fpv4-sp-d16 -mfloat-abi=hard -mthumb -Wl,--start-group -lc -lm -Wl,--end-group
Finished building target: DAC_SINEWAVE.elf
 
arm-none-eabi-objdump -h -S  DAC_SINEWAVE.elf  > "DAC_SINEWAVE.list"
arm-none-eabi-objcopy  -O binary  DAC_SINEWAVE.elf  "DAC_SINEWAVE.bin"
arm-none-eabi-size   DAC_SINEWAVE.elf 
   text	   data	    bss	    dec	    hex	filename
  20988	     32	  12296	  33316	   8224	DAC_SINEWAVE.elf
Finished building: default.size.stdout
 
Finished building: DAC_SINEWAVE.bin
 
Finished building: DAC_SINEWAVE.list
 
23:44:37 **** Incremental Build of configuration Debug for project CAPE-Interface ****
make -j8 all 
arm-none-eabi-gcc "../Core/Src/main.c" -mcpu=cortex-m4 -std=gnu11 -g3 -DUSE_HAL_DRIVER -DSTM32F446xx -DDEBUG -c -I../Core/Inc -I../Drivers/STM32F4xx_HAL_Driver/Inc -I../Drivers/STM32F4xx_HAL_Driver/Inc/Legacy -I../Drivers/CMSIS/Device/ST/STM32F4xx/Include -I../Drivers/CMSIS/Include -O0 -ffunction-sections -fdata-sections -Wall -fstack-usage -MMD -MP -MF"Core/Src/main.d" -MT"Core/Src/main.o" --specs=nano.specs -mfpu=fpv4-sp-d16 -mfloat-abi=hard -mthumb -o "Core/Src/main.o"
../Core/Src/main.c: In function 'main':
../Core/Src/main.c:103:8: warning: unused variable 'oc_running' [-Wunused-variable]
   bool oc_running = false;
        ^~~~~~~~~~
arm-none-eabi-gcc -o "CAPE-Interface.elf" @"objects.list"   -mcpu=cortex-m4 -T"C:\GitHub\TNCMCU\Software\Code Playground\CAPE-Interface\STM32F446RETX_FLASH.ld" --specs=nosys.specs -Wl,-Map="CAPE-Interface.map" -Wl,--gc-sections -static --specs=nano.specs -mfpu=fpv4-sp-d16 -mfloat-abi=hard -mthumb -Wl,--start-group -lc -lm -Wl,--end-group
Finished building target: CAPE-Interface.elf
 
arm-none-eabi-objdump -h -S  CAPE-Interface.elf  > "CAPE-Interface.list"
arm-none-eabi-objcopy  -O binary  CAPE-Interface.elf  "CAPE-Interface.bin"
arm-none-eabi-size   CAPE-Interface.elf 
   text	   data	    bss	    dec	    hex	filename
   9664	     20	   1700	  11384	   2c78	CAPE-Interface.elf
Finished building: default.size.stdout
 
Finished building: CAPE-Interface.bin
 
Finished building: CAPE-Interface.list
 
23:53:13 **** Incremental Build of configuration Debug for project DAC_SINEWAVE ****
make -j8 all 
arm-none-eabi-gcc "../Core/Src/interrupt_services.c" -mcpu=cortex-m4 -std=gnu11 -g3 -DUSE_HAL_DRIVER -DSTM32F446xx -DDEBUG -c -I../Core/Inc -I../Drivers/STM32F4xx_HAL_Driver/Inc -I../Drivers/STM32F4xx_HAL_Driver/Inc/Legacy -I../Drivers/CMSIS/Device/ST/STM32F4xx/Include -I../Drivers/CMSIS/Include -O0 -ffunction-sections -fdata-sections -Wall -fstack-usage -MMD -MP -MF"Core/Src/interrupt_services.d" -MT"Core/Src/interrupt_services.o" --specs=nano.specs -mfpu=fpv4-sp-d16 -mfloat-abi=hard -mthumb -o "Core/Src/interrupt_services.o"
arm-none-eabi-gcc -o "DAC_SINEWAVE.elf" @"objects.list"   -mcpu=cortex-m4 -T"C:\GitHub\TNCMCU\Software\Code Playground\DAC_SINEWAVE\STM32F446RETX_FLASH.ld" --specs=nosys.specs -Wl,-Map="DAC_SINEWAVE.map" -Wl,--gc-sections -static --specs=nano.specs -mfpu=fpv4-sp-d16 -mfloat-abi=hard -mthumb -Wl,--start-group -lc -lm -Wl,--end-group
Finished building target: DAC_SINEWAVE.elf
 
arm-none-eabi-objdump -h -S  DAC_SINEWAVE.elf  > "DAC_SINEWAVE.list"
arm-none-eabi-objcopy  -O binary  DAC_SINEWAVE.elf  "DAC_SINEWAVE.bin"
arm-none-eabi-size   DAC_SINEWAVE.elf 
   text	   data	    bss	    dec	    hex	filename
  20992	     32	  12296	  33320	   8228	DAC_SINEWAVE.elf
Finished building: default.size.stdout
 
Finished building: DAC_SINEWAVE.bin
 
Finished building: DAC_SINEWAVE.list
 
23:57:53 **** Incremental Build of configuration Debug for project DAC_SINEWAVE ****
make -j8 all 
arm-none-eabi-gcc "../Core/Src/interrupt_services.c" -mcpu=cortex-m4 -std=gnu11 -g3 -DUSE_HAL_DRIVER -DSTM32F446xx -DDEBUG -c -I../Core/Inc -I../Drivers/STM32F4xx_HAL_Driver/Inc -I../Drivers/STM32F4xx_HAL_Driver/Inc/Legacy -I../Drivers/CMSIS/Device/ST/STM32F4xx/Include -I../Drivers/CMSIS/Include -O0 -ffunction-sections -fdata-sections -Wall -fstack-usage -MMD -MP -MF"Core/Src/interrupt_services.d" -MT"Core/Src/interrupt_services.o" --specs=nano.specs -mfpu=fpv4-sp-d16 -mfloat-abi=hard -mthumb -o "Core/Src/interrupt_services.o"
arm-none-eabi-gcc -o "DAC_SINEWAVE.elf" @"objects.list"   -mcpu=cortex-m4 -T"C:\GitHub\TNCMCU\Software\Code Playground\DAC_SINEWAVE\STM32F446RETX_FLASH.ld" --specs=nosys.specs -Wl,-Map="DAC_SINEWAVE.map" -Wl,--gc-sections -static --specs=nano.specs -mfpu=fpv4-sp-d16 -mfloat-abi=hard -mthumb -Wl,--start-group -lc -lm -Wl,--end-group
Finished building target: DAC_SINEWAVE.elf
 
arm-none-eabi-objdump -h -S  DAC_SINEWAVE.elf  > "DAC_SINEWAVE.list"
arm-none-eabi-objcopy  -O binary  DAC_SINEWAVE.elf  "DAC_SINEWAVE.bin"
arm-none-eabi-size   DAC_SINEWAVE.elf 
   text	   data	    bss	    dec	    hex	filename
  21008	     32	  12296	  33336	   8238	DAC_SINEWAVE.elf
Finished building: default.size.stdout
 
Finished building: DAC_SINEWAVE.bin
 
Finished building: DAC_SINEWAVE.list
 
23:59:14 **** Incremental Build of configuration Debug for project DAC_SINEWAVE ****
make -j8 all 
arm-none-eabi-gcc "../Core/Src/interrupt_services.c" -mcpu=cortex-m4 -std=gnu11 -g3 -DUSE_HAL_DRIVER -DSTM32F446xx -DDEBUG -c -I../Core/Inc -I../Drivers/STM32F4xx_HAL_Driver/Inc -I../Drivers/STM32F4xx_HAL_Driver/Inc/Legacy -I../Drivers/CMSIS/Device/ST/STM32F4xx/Include -I../Drivers/CMSIS/Include -O0 -ffunction-sections -fdata-sections -Wall -fstack-usage -MMD -MP -MF"Core/Src/interrupt_services.d" -MT"Core/Src/interrupt_services.o" --specs=nano.specs -mfpu=fpv4-sp-d16 -mfloat-abi=hard -mthumb -o "Core/Src/interrupt_services.o"
arm-none-eabi-gcc -o "DAC_SINEWAVE.elf" @"objects.list"   -mcpu=cortex-m4 -T"C:\GitHub\TNCMCU\Software\Code Playground\DAC_SINEWAVE\STM32F446RETX_FLASH.ld" --specs=nosys.specs -Wl,-Map="DAC_SINEWAVE.map" -Wl,--gc-sections -static --specs=nano.specs -mfpu=fpv4-sp-d16 -mfloat-abi=hard -mthumb -Wl,--start-group -lc -lm -Wl,--end-group
Finished building target: DAC_SINEWAVE.elf
 
arm-none-eabi-objdump -h -S  DAC_SINEWAVE.elf  > "DAC_SINEWAVE.list"
arm-none-eabi-objcopy  -O binary  DAC_SINEWAVE.elf  "DAC_SINEWAVE.bin"
arm-none-eabi-size   DAC_SINEWAVE.elf 
   text	   data	    bss	    dec	    hex	filename
  20864	     32	  12296	  33192	   81a8	DAC_SINEWAVE.elf
Finished building: default.size.stdout
 
Finished building: DAC_SINEWAVE.bin
 
Finished building: DAC_SINEWAVE.list
 
